Component: ARM Compiler 5.06 update 4 (build 422) Tool: armlink [4d35d2]

==============================================================================

Section Cross References

    main.o(i.MYGUI_LCD_Clear_left_point) refers to lcd.o(i.LCD_SetCursor) for LCD_SetCursor
    main.o(i.MYGUI_LCD_Clear_left_point) refers to lcd.o(i.LCD_WriteRAM_Prepare) for LCD_WriteRAM_Prepare
    main.o(i.MYGUI_LCD_Clear_left_point) refers to lcd.o(.bss) for lcddev
    main.o(i.MYGUI_LCD_Clear_right_point) refers to lcd.o(i.LCD_SetCursor) for LCD_SetCursor
    main.o(i.MYGUI_LCD_Clear_right_point) refers to lcd.o(i.LCD_WriteRAM_Prepare) for LCD_WriteRAM_Prepare
    main.o(i.MYGUI_LCD_Clear_right_point) refers to lcd.o(.bss) for lcddev
    main.o(i.gui_draw_hline) refers to lcd.o(i.LCD_Fill) for LCD_Fill
    main.o(i.gui_fill_circle) refers to main.o(i.gui_draw_hline) for gui_draw_hline
    main.o(i.main) refers to _printf_pad.o(.text) for _printf_pre_padding
    main.o(i.main) refers to _printf_percent.o(.ARM.Collect$$_printf_percent$$00000000) for _printf_percent
    main.o(i.main) refers to _printf_f.o(.ARM.Collect$$_printf_percent$$00000003) for _printf_f
    main.o(i.main) refers to printf1.o(x$fpl$printf1) for _printf_fp_dec
    main.o(i.main) refers to rt_memcpy_w.o(.text) for __aeabi_memcpy4
    main.o(i.main) refers to delay.o(i.delay_init) for delay_init
    main.o(i.main) refers to misc.o(i.NVIC_PriorityGroupConfig) for NVIC_PriorityGroupConfig
    main.o(i.main) refers to usart.o(i.uart_init) for uart_init
    main.o(i.main) refers to led.o(i.LED_Init) for LED_Init
    main.o(i.main) refers to lcd.o(i.LCD_Init) for LCD_Init
    main.o(i.main) refers to adc.o(i.Adc_Init) for Adc_Init
    main.o(i.main) refers to key.o(i.key_init) for key_init
    main.o(i.main) refers to pid.o(i.pid_init) for pid_init
    main.o(i.main) refers to wifi.o(i.WIFI_init) for WIFI_init
    main.o(i.main) refers to 24c02.o(i.AT24CXX_Init) for AT24CXX_Init
    main.o(i.main) refers to pwm.o(i.TIM3_PWM_Init) for TIM3_PWM_Init
    main.o(i.main) refers to timer.o(i.Timer2_Init) for Timer2_Init
    main.o(i.main) refers to lcd.o(i.LCD_ShowString) for LCD_ShowString
    main.o(i.main) refers to adc.o(i.Get_Adc_Average) for Get_Adc_Average
    main.o(i.main) refers to lcd.o(i.LCD_ShowxNum) for LCD_ShowxNum
    main.o(i.main) refers to fflt_clz.o(x$fpl$ffltu) for __aeabi_ui2f
    main.o(i.main) refers to f2d.o(x$fpl$f2d) for __aeabi_f2d
    main.o(i.main) refers to dmul.o(x$fpl$dmul) for __aeabi_dmul
    main.o(i.main) refers to d2f.o(x$fpl$d2f) for __aeabi_d2f
    main.o(i.main) refers to frleqf.o(x$fpl$frleqf) for __aeabi_cfrcmple
    main.o(i.main) refers to faddsub_clz.o(x$fpl$fadd) for __aeabi_fadd
    main.o(i.main) refers to fdiv.o(x$fpl$fdiv) for __aeabi_fdiv
    main.o(i.main) refers to ffixu.o(x$fpl$ffixu) for __aeabi_f2uiz
    main.o(i.main) refers to faddsub_clz.o(x$fpl$frsb) for __aeabi_frsub
    main.o(i.main) refers to fmul.o(x$fpl$fmul) for __aeabi_fmul
    main.o(i.main) refers to ddiv.o(x$fpl$ddiv) for __aeabi_ddiv
    main.o(i.main) refers to tem.o(i.get_tem) for get_tem
    main.o(i.main) refers to noretval__2sprintf.o(.text) for __2sprintf
    main.o(i.main) refers to wifi.o(i.Usart_SendString) for Usart_SendString
    main.o(i.main) refers to fflt_clz.o(x$fpl$fflt) for __aeabi_i2f
    main.o(i.main) refers to pid.o(i.pid_realize) for pid_realize
    main.o(i.main) refers to stm32f10x_tim.o(i.TIM_SetCompare2) for TIM_SetCompare2
    main.o(i.main) refers to dflt_clz.o(x$fpl$dfltu) for __aeabi_ui2d
    main.o(i.main) refers to lcd.o(i.LCD_Draw_Circle) for LCD_Draw_Circle
    main.o(i.main) refers to lcd.o(i.LCD_ShowChar) for LCD_ShowChar
    main.o(i.main) refers to main.o(.constdata) for .constdata
    main.o(i.main) refers to touch.o(.data) for tp_dev
    main.o(i.main) refers to lcd.o(.data) for POINT_COLOR
    main.o(i.main) refers to main.o(.data) for ADC1_tem
    main.o(i.main) refers to main.o(i.gui_fill_circle) for gui_fill_circle
    main.o(i.main) refers to delay.o(i.delay_ms) for delay_ms
    main.o(i.main) refers to main.o(i.MYGUI_LCD_Clear_left_point) for MYGUI_LCD_Clear_left_point
    main.o(i.main) refers to main.o(i.MYGUI_LCD_Clear_right_point) for MYGUI_LCD_Clear_right_point
    main.o(i.main) refers to key.o(i.KEY_SCAN) for KEY_SCAN
    system_stm32f10x.o(i.SetSysClock) refers to system_stm32f10x.o(i.SetSysClockTo72) for SetSysClockTo72
    system_stm32f10x.o(i.SystemCoreClockUpdate) refers to system_stm32f10x.o(.data) for SystemCoreClock
    system_stm32f10x.o(i.SystemInit) refers to system_stm32f10x.o(i.SetSysClock) for SetSysClock
    delay.o(i.delay_init) refers to misc.o(i.SysTick_CLKSourceConfig) for SysTick_CLKSourceConfig
    delay.o(i.delay_init) refers to system_stm32f10x.o(.data) for SystemCoreClock
    delay.o(i.delay_init) refers to delay.o(.data) for fac_us
    delay.o(i.delay_ms) refers to delay.o(.data) for fac_ms
    delay.o(i.delay_us) refers to delay.o(.data) for fac_us
[...]
    x$fpl$feqf                               0x0800a860   Section      104  feqf.o(x$fpl$feqf)
    x$fpl$ffix                               0x0800a8c8   Section       54  ffix.o(x$fpl$ffix)
    x$fpl$ffixu                              0x0800a900   Section       62  ffixu.o(x$fpl$ffixu)
    x$fpl$fflt                               0x0800a940   Section       48  fflt_clz.o(x$fpl$fflt)
    x$fpl$ffltu                              0x0800a970   Section       38  fflt_clz.o(x$fpl$ffltu)
    x$fpl$fleqf                              0x0800a998   Section      104  fleqf.o(x$fpl$fleqf)
    x$fpl$fmul                               0x0800aa00   Section      258  fmul.o(x$fpl$fmul)
    x$fpl$fnaninf                            0x0800ab02   Section      140  fnaninf.o(x$fpl$fnaninf)
    x$fpl$fretinf                            0x0800ab8e   Section       10  fretinf.o(x$fpl$fretinf)
    x$fpl$frleqf                             0x0800ab98   Section       98  frleqf.o(x$fpl$frleqf)
    x$fpl$frsb                               0x0800abfa   Section       20  faddsub_clz.o(x$fpl$frsb)
    x$fpl$fsub                               0x0800ac10   Section      234  faddsub_clz.o(x$fpl$fsub)
    _fsub1                                   0x0800ac1f   Thumb Code     0  faddsub_clz.o(x$fpl$fsub)
    x$fpl$printf1                            0x0800acfa   Section        4  printf1.o(x$fpl$printf1)
    x$fpl$usenofp                            0x0800acfe   Section        0  usenofp.o(x$fpl$usenofp)
    .constdata                               0x0800ad00   Section       20  main.o(.constdata)
    .constdata                               0x0800ad14   Section     6080  lcd.o(.constdata)
    .constdata                               0x0800c4d4   Section     1404  tem.o(.constdata)
    .constdata                               0x0800ca50   Section        4  touch.o(.constdata)
    .constdata                               0x0800ca54   Section      194  gt9147.o(.constdata)
    .constdata                               0x0800cb16   Section       10  ott2001a.o(.constdata)
    .constdata                               0x0800cb20   Section       10  ft5206.o(.constdata)
    .constdata                               0x0800cb2a   Section       40  _printf_hex_int.o(.constdata)
    uc_hextab                                0x0800cb2a   Data          20  _printf_hex_int.o(.constdata)
    lc_hextab                                0x0800cb3e   Data          20  _printf_hex_int.o(.constdata)
    .constdata                               0x0800cb54   Section      148  bigflt0.o(.constdata)
    tenpwrs_x                                0x0800cb54   Data          60  bigflt0.o(.constdata)
    tenpwrs_i                                0x0800cb90   Data          64  bigflt0.o(.constdata)
    .conststring                             0x0800cbe8   Section      121  touch.o(.conststring)
    locale$$data                             0x0800cc84   Section       28  lc_numeric_c.o(locale$$data)
    __lcnum_c_name                           0x0800cc88   Data           2  lc_numeric_c.o(locale$$data)
    __lcnum_c_start                          0x0800cc90   Data           0  lc_numeric_c.o(locale$$data)
    __lcnum_c_point                          0x0800cc9c   Data           0  lc_numeric_c.o(locale$$data)
    __lcnum_c_thousands                      0x0800cc9e   Data           0  lc_numeric_c.o(locale$$data)
    __lcnum_c_grouping                       0x0800cc9f   Data           0  lc_numeric_c.o(locale$$data)
    __lcnum_c_end                            0x0800cca0   Data           0  lc_numeric_c.o(locale$$data)
    .data                                    0x20000000   Section       12  main.o(.data)
    .data                                    0x2000000c   Section       20  system_stm32f10x.o(.data)
    .data                                    0x20000020   Section        4  delay.o(.data)
    fac_us                                   0x20000020   Data           1  delay.o(.data)
    fac_ms                                   0x20000022   Data           2  delay.o(.data)
    .data                                    0x20000024   Section        6  usart.o(.data)
    .data                                    0x2000002a   Section       20  stm32f10x_rcc.o(.data)
    APBAHBPrescTable                         0x2000002a   Data          16  stm32f10x_rcc.o(.data)
    ADCPrescTable                            0x2000003a   Data           4  stm32f10x_rcc.o(.data)
    .data                                    0x2000003e   Section        1  key.o(.data)
    key_up                                   0x2000003e   Data           1  key.o(.data)
    .data                                    0x20000040   Section        4  lcd.o(.data)
    .data                                    0x20000044   Section       54  touch.o(.data)
    .data                                    0x2000007a   Section        1  gt9147.o(.data)
    t                                        0x2000007a   Data           1  gt9147.o(.data)
    .data                                    0x2000007b   Section        1  ott2001a.o(.data)
    t                                        0x2000007b   Data           1  ott2001a.o(.data)
    .data                                    0x2000007c   Section        1  ft5206.o(.data)
    t                                        0x2000007c   Data           1  ft5206.o(.data)
    .data                                    0x20000080   Section       12  timer.o(.data)
    .bss                                     0x2000008c   Section      200  usart.o(.bss)
    .bss                                     0x20000154   Section       14  lcd.o(.bss)
    .bss                                     0x20000164   Section       36  pid.o(.bss)
    .bss                                     0x20000188   Section       96  libspace.o(.bss)
    HEAP                                     0x200001e8   Section      512  startup_stm32f10x_hd.o(HEAP)
    Heap_Mem                                 0x200001e8   Data         512  startup_stm32f10x_hd.o(HEAP)
    STACK                                    0x200003e8   Section     1024  startup_stm32f10x_hd.o(STACK)
    Stack_Mem                                0x200003e8   Data        1024  startup_stm32f10x_hd.o(STACK)
    __initial_sp                             0x200007e8   Data           0  startup_stm32f10x_hd.o(STACK)

    Global Symbols

    Symbol Name                              Value     Ov Type        Size  Object(Section)

    BuildAttributes$$THM_ISAv4$P$D$K$B$S$PE$A:L22UL41UL21$X:L11$S22US41US21$IEEE1$IW$USESV6$~STKCKD$USESV7$~SHL$OTIME$ROPI$IEEEJ$EBA8$UX$STANDARDLIB$REQ8$PRES8$EABIv2 0x00000000   Number         0  anon$$obj.o ABSOLUTE
    __ARM_use_no_argv                        0x00000000   Number         0  main.o ABSOLUTE
    _printf_flags                            0x00000000   Number         0  printf_stubs.o ABSOLUTE
    _printf_return_value                     0x00000000   Number         0  printf_stubs.o ABSOLUTE
    _printf_sizespec                         0x00000000   Number         0  printf_stubs.o ABSOLUTE
    _printf_widthprec                        0x00000000   Number         0  printf_stubs.o ABSOLUTE
    __ARM_exceptions_init                     - Undefined Weak Reference
    __alloca_initialize                       - Undefined Weak Reference
    __arm_preinit_                            - Undefined Weak Reference
    __cpp_initialize__aeabi_                  - Undefined Weak Reference
    __cxa_finalize                            - Undefined Weak Reference
    __sigvec_lookup                           - Undefined Weak Reference
    _atexit_init                              - Undefined Weak Reference
    _call_atexit_fns                          - Undefined Weak Reference
    _clock_init                               - Undefined Weak Reference
    _fp_trap_init                             - Undefined Weak Reference
    _fp_trap_shutdown                         - Undefined Weak Reference
    _get_lc_collate                           - Undefined Weak Reference
    _get_lc_ctype                             - Undefined Weak Reference
    _get_lc_monetary                          - Undefined Weak Reference
    _get_lc_time                              - Undefined Weak Reference
    _getenv_init                              - Undefined Weak Reference
    _handle_redirection                       - Undefined Weak Reference
    _init_alloc                               - Undefined Weak Reference
    _init_user_alloc                          - Undefined Weak Reference
    _initio                                   - Undefined Weak Reference
    _mutex_acquire                            - Undefined Weak Reference
    _mutex_release                            - Undefined Weak Reference
    _printf_mbtowc                            - Undefined Weak Reference
    _printf_truncate_signed                   - Undefined Weak Reference
    _printf_truncate_unsigned                 - Undefined Weak Reference
    _rand_init                                - Undefined Weak Reference
    _signal_finish                            - Undefined Weak Reference
    _signal_init                              - Undefined Weak Reference
    _terminate_alloc                          - Undefined Weak Reference
    _terminate_user_alloc                     - Undefined Weak Reference
    _terminateio                              - Undefined Weak Reference
    __Vectors_Size                           0x00000130   Number         0  startup_stm32f10x_hd.o ABSOLUTE
    __Vectors                                0x08000000   Data           4  startup_stm32f10x_hd.o(RESET)
    __Vectors_End                            0x08000130   Data           0  startup_stm32f10x_hd.o(RESET)
    __main                                   0x08000131   Thumb Code     8  __main.o(!!!main)
    __scatterload                            0x08000139   Thumb Code     0  __scatter.o(!!!scatter)
    __scatterload_rt2                        0x08000139   Thumb Code    44  __scatter.o(!!!scatter)
    __scatterload_rt2_thumb_only             0x08000139   Thumb Code     0  __scatter.o(!!!scatter)
    __scatterload_null                       0x08000147   Thumb Code     0  __scatter.o(!!!scatter)
    __scatterload_copy                       0x0800016d   Thumb Code    26  __scatter_copy.o(!!handler_copy)
    __scatterload_zeroinit                   0x08000189   Thumb Code    28  __scatter_zi.o(!!handler_zi)
    _printf_f                                0x080001a5   Thumb Code     0  _printf_f.o(.ARM.Collect$$_printf_percent$$00000003)
    _printf_percent                          0x080001a5   Thumb Code     0  _printf_percent.o(.ARM.Collect$$_printf_percent$$00000000)
    _printf_d                                0x080001ab   Thumb Code     0  _printf_d.o(.ARM.Collect$$_printf_percent$$00000009)
    _printf_x                                0x080001b1   Thumb Code     0  _printf_x.o(.ARM.Collect$$_printf_percent$$0000000C)
    _printf_s                                0x080001b7   Thumb Code     0  _printf_s.o(.ARM.Collect$$_printf_percent$$00000014)
    _printf_percent_end                      0x080001bd   Thumb Code     0  _printf_percent_end.o(.ARM.Collect$$_printf_percent$$00000017)
    __rt_lib_init                            0x080001c1   Thumb Code     0  libinit.o(.ARM.Collect$$libinit$$00000000)
    __rt_lib_init_fp_1                       0x080001c3   Thumb Code     0  libinit2.o(.ARM.Collect$$libinit$$00000002)
    __rt_lib_init_heap_1                     0x080001c3   Thumb Code     0  libinit2.o(.ARM.Collect$$libinit$$0000000A)
    __rt_lib_init_lc_common                  0x080001c3   Thumb Code     0  libinit2.o(.ARM.Collect$$libinit$$0000000F)
    __rt_lib_init_preinit_1                  0x080001c3   Thumb Code     0  libinit2.o(.ARM.Collect$$libinit$$00000004)
    __rt_lib_init_rand_1                     0x080001c3   Thumb Code     0  libinit2.o(.ARM.Collect$$libinit$$0000000E)
    __rt_lib_init_user_alloc_1               0x080001c3   Thumb Code     0  libinit2.o(.ARM.Collect$$libinit$$0000000C)
    __rt_lib_init_lc_collate_1               0x080001c9   Thumb Code     0  libinit2.o(.ARM.Collect$$libinit$$00000011)
    __rt_lib_init_lc_ctype_1                 0x080001c9   Thumb Code     0  libinit2.o(.ARM.Collect$$libinit$$00000013)
    __rt_lib_init_lc_monetary_1              0x080001c9   Thumb Code     0  libinit2.o(.ARM.Collect$$libinit$$00000015)
    __rt_lib_init_lc_numeric_2               0x080001c9   Thumb Code     0  libinit2.o(.ARM.Collect$$libinit$$00000016)
    __rt_lib_init_alloca_1                   0x080001d3   Thumb Code     0  libinit2.o(.ARM.Collect$$libinit$$0000002E)
    __rt_lib_init_argv_1                     0x080001d3   Thumb Code     0  libinit2.o(.ARM.Collect$$libinit$$0000002C)
    __rt_lib_init_atexit_1                   0x080001d3   Thumb Code     0  libinit2.o(.ARM.Collect$$libinit$$0000001B)
    __rt_lib_init_clock_1                    0x080001d3   Thumb Code     0  libinit2.o(.ARM.Collect$$libinit$$00000021)
    __rt_lib_init_cpp_1                      0x080001d3   Thumb Code     0  libinit2.o(.ARM.Collect$$libinit$$00000032)
    __rt_lib_init_exceptions_1               0x080001d3   Thumb Code     0  libinit2.o(.ARM.Collect$$libinit$$00000030)
    __rt_lib_init_fp_trap_1                  0x080001d3   Thumb Code     0  libinit2.o(.ARM.Collect$$libinit$$0000001F)
    __rt_lib_init_getenv_1                   0x080001d3   Thumb Code     0  libinit2.o(.ARM.Collect$$libinit$$00000023)
    __rt_lib_init_lc_numeric_1               0x080001d3   Thumb Code     0  libinit2.o(.ARM.Collect$$libinit$$00000017)
    __rt_lib_init_lc_time_1                  0x080001d3   Thumb Code     0  libinit2.o(.ARM.Collect$$libinit$$00000019)
    __rt_lib_init_return                     0x080001d3   Thumb Code     0  libinit2.o(.ARM.Collect$$libinit$$00000033)
    __rt_lib_init_signal_1                   0x080001d3   Thumb Code     0  libinit2.o(.ARM.Collect$$libinit$$0000001D)
    __rt_lib_init_stdio_1                    0x080001d3   Thumb Code     0  libinit2.o(.ARM.Collect$$libinit$$00000025)
    __rt_lib_shutdown                        0x080001d5   Thumb Code     0  libshutdown.o(.ARM.Collect$$libshutdown$$00000000)
    __rt_lib_shutdown_cpp_1                  0x080001d7   Thumb Code     0  libshutdown2.o(.ARM.Collect$$libshutdown$$00000002)
    __rt_lib_shutdown_fp_trap_1              0x080001d7   Thumb Code     0  libshutdown2.o(.ARM.Collect$$libshutdown$$00000007)
    __rt_lib_shutdown_heap_1                 0x080001d7   Thumb Code     0  libshutdown2.o(.ARM.Collect$$libshutdown$$0000000F)
    __rt_lib_shutdown_return                 0x080001d7   Thumb Code     0  libshutdown2.o(.ARM.Collect$$libshutdown$$00000010)
    __rt_lib_shutdown_signal_1               0x080001d7   Thumb Code     0  libshutdown2.o(.ARM.Collect$$libshutdown$$0000000A)
    __rt_lib_shutdown_stdio_1                0x080001d7   Thumb Code     0  libshutdown2.o(.ARM.Collect$$libshutdown$$00000004)
    __rt_lib_shutdown_user_alloc_1           0x080001d7   Thumb Code     0  libshutdown2.o(.ARM.Collect$$libshutdown$$0000000C)
    __rt_entry                               0x080001d9   Thumb Code     0  __rtentry.o(.ARM.Collect$$rtentry$$00000000)
    __rt_entry_presh_1                       0x080001d9   Thumb Code     0  __rtentry2.o(.ARM.Collect$$rtentry$$00000002)
    __rt_entry_sh                            0x080001d9   Thumb Code     0  __rtentry4.o(.ARM.Collect$$rtentry$$00000004)
    __rt_entry_li                            0x080001df   Thumb Code     0  __rtentry2.o(.ARM.Collect$$rtentry$$0000000A)
    __rt_entry_postsh_1                      0x080001df   Thumb Code     0  __rtentry2.o(.ARM.Collect$$rtentry$$00000009)
    __rt_entry_main                          0x080001e3   Thumb Code     0  __rtentry2.o(.ARM.Collect$$rtentry$$0000000D)
    __rt_entry_postli_1                      0x080001e3   Thumb Code     0  __rtentry2.o(.ARM.Collect$$rtentry$$0000000C)
    __rt_exit                                0x080001eb   Thumb Code     0  rtexit.o(.ARM.Collect$$rtexit$$00000000)
    __rt_exit_ls                             0x080001ed   Thumb Code     0  rtexit2.o(.ARM.Collect$$rtexit$$00000003)
    __rt_exit_prels_1                        0x080001ed   Thumb Code     0  rtexit2.o(.ARM.Collect$$rtexit$$00000002)
    __rt_exit_exit                           0x080001f1   Thumb Code     0  rtexit2.o(.ARM.Collect$$rtexit$$00000004)
    Reset_Handler                            0x080001f9   Thumb Code     8  startup_stm32f10x_hd.o(.text)
    ADC1_2_IRQHandler                        0x08000213   Thumb Code     0  startup_stm32f10x_hd.o(.text)
    ADC3_IRQHandler                          0x08000213   Thumb Code     0  startup_stm32f10x_hd.o(.text)
    CAN1_RX1_IRQHandler                      0x08000213   Thumb Code     0  startup_stm32f10x_hd.o(.text)
    CAN1_SCE_IRQHandler                      0x08000213   Thumb Code     0  startup_stm32f10x_hd.o(.text)
    DMA1_Channel1_IRQHandler                 0x08000213   Thumb Code     0  startup_stm32f10x_hd.o(.text)
    DMA1_Channel2_IRQHandler                 0x08000213   Thumb Code     0  startup_stm32f10x_hd.o(.text)
    DMA1_Channel3_IRQHandler                 0x08000213   Thumb Code     0  startup_stm32f10x_hd.o(.text)
    DMA1_Channel4_IRQHandler                 0x08000213   Thumb Code     0  startup_stm32f10x_hd.o(.text)
    DMA1_Channel5_IRQHandler                 0x08000213   Thumb Code     0  startup_stm32f10x_hd.o(.text)
    DMA1_Channel6_IRQHandler                 0x08000213   Thumb Code     0  startup_stm32f10x_hd.o(.text)
    DMA1_Channel7_IRQHandler                 0x08000213   Thumb Code     0  startup_stm32f10x_hd.o(.text)
    DMA2_Channel1_IRQHandler                 0x08000213   Thumb Code     0  startup_stm32f10x_hd.o(.text)
    DMA2_Channel2_IRQHandler                 0x08000213   Thumb Code     0  startup_stm32f10x_hd.o(.text)
    DMA2_Channel3_IRQHandler                 0x08000213   Thumb Code     0  startup_stm32f10x_hd.o(.text)
    DMA2_Channel4_5_IRQHandler               0x08000213   Thumb Code     0  startup_stm32f10x_hd.o(.text)
    EXTI0_IRQHandler                         0x08000213   Thumb Code     0  startup_stm32f10x_hd.o(.text)
    EXTI15_10_IRQHandler                     0x08000213   Thumb Code     0  startup_stm32f10x_hd.o(.text)
    EXTI1_IRQHandler                         0x08000213   Thumb Code     0  startup_stm32f10x_hd.o(.text)
    EXTI2_IRQHandler                         0x08000213   Thumb Code     0  startup_stm32f10x_hd.o(.text)
    EXTI3_IRQHandler                         0x08000213   Thumb Code     0  startup_stm32f10x_hd.o(.text)
    EXTI4_IRQHandler                         0x08000213   Thumb Code     0  startup_stm32f10x_hd.o(.text)
    EXTI9_5_IRQHandler                       0x08000213   Thumb Code     0  startup_stm32f10x_hd.o(.text)
    FLASH_IRQHandler                         0x08000213   Thumb Code     0  startup_stm32f10x_hd.o(.text)
    FSMC_IRQHandler                          0x08000213   Thumb Code     0  startup_stm32f10x_hd.o(.text)
    I2C1_ER_IRQHandler                       0x08000213   Thumb Code     0  startup_stm32f10x_hd.o(.text)
    I2C1_EV_IRQHandler                       0x08000213   Thumb Code     0  startup_stm32f10x_hd.o(.text)
    I2C2_ER_IRQHandler                       0x08000213   Thumb Code     0  startup_stm32f10x_hd.o(.text)
    I2C2_EV_IRQHandler                       0x08000213   Thumb Code     0  startup_stm32f10x_hd.o(.text)
    PVD_IRQHandler                           0x08000213   Thumb Code     0  startup_stm32f10x_hd.o(.text)
    RCC_IRQHandler                           0x08000213   Thumb Code     0  startup_stm32f10x_hd.o(.text)
    RTCAlarm_IRQHandler                      0x08000213   Thumb Code     0  startup_stm32f10x_hd.o(.text)
    RTC_IRQHandler                           0x08000213   Thumb Code     0  startup_stm32f10x_hd.o(.text)
    SDIO_IRQHandler                          0x08000213   Thumb Code     0  startup_stm32f10x_hd.o(.text)
    SPI1_IRQHandler                          0x08000213   Thumb Code     0  startup_stm32f10x_hd.o(.text)
    SPI2_IRQHandler                          0x08000213   Thumb Code     0  startup_stm32f10x_hd.o(.text)
    SPI3_IRQHandler                          0x08000213   Thumb Code     0  startup_stm32f10x_hd.o(.text)
    TAMPER_IRQHandler                        0x08000213   Thumb Code     0  startup_stm32f10x_hd.o(.text)
    TIM1_BRK_IRQHandler                      0x08000213   Thumb Code     0  startup_stm32f10x_hd.o(.text)
    TIM1_CC_IRQHandler                       0x08000213   Thumb Code     0  startup_stm32f10x_hd.o(.text)
    TIM1_TRG_COM_IRQHandler                  0x08000213   Thumb Code     0  startup_stm32f10x_hd.o(.text)
    TIM1_UP_IRQHandler                       0x08000213   Thumb Code     0  startup_stm32f10x_hd.o(.text)
    TIM4_IRQHandler                          0x08000213   Thumb Code     0  startup_stm32f10x_hd.o(.text)
    TIM5_IRQHandler                          0x08000213   Thumb Code     0  startup_stm32f10x_hd.o(.text)
    TIM6_IRQHandler                          0x08000213   Thumb Code     0  startup_stm32f10x_hd.o(.text)
    TIM7_IRQHandler                          0x08000213   Thumb Code     0  startup_stm32f10x_hd.o(.text)
    TIM8_BRK_IRQHandler                      0x08000213   Thumb Code     0  startup_stm32f10x_hd.o(.text)
    TIM8_CC_IRQHandler                       0x08000213   Thumb Code     0  startup_stm32f10x_hd.o(.text)
    TIM8_TRG_COM_IRQHandler                  0x08000213   Thumb Code     0  startup_stm32f10x_hd.o(.text)
    TIM8_UP_IRQHandler                       0x08000213   Thumb Code     0  startup_stm32f10x_hd.o(.text)
    UART4_IRQHandler                         0x08000213   Thumb Code     0  startup_stm32f10x_hd.o(.text)
    UART5_IRQHandler                         0x08000213   Thumb Code     0  startup_stm32f10x_hd.o(.text)
    USART3_IRQHandler                        0x08000213   Thumb Code     0  startup_stm32f10x_hd.o(.text)
    USBWakeUp_IRQHandler                     0x08000213   Thumb Code     0  startup_stm32f10x_hd.o(.text)
    USB_HP_CAN1_TX_IRQHandler                0x08000213   Thumb Code     0  startup_stm32f10x_hd.o(.text)
    USB_LP_CAN1_RX0_IRQHandler               0x08000213   Thumb Code     0  startup_stm32f10x_hd.o(.text)
    WWDG_IRQHandler                          0x08000213   Thumb Code     0  startup_stm32f10x_hd.o(.text)
    __user_initial_stackheap                 0x08000215   Thumb Code     0  startup_stm32f10x_hd.o(.text)
    __use_no_semihosting                     0x08000239   Thumb Code     2  use_no_semi_2.o(.text)
    __2printf                                0x0800023d   Thumb Code    20  noretval__2printf.o(.text)
    __2sprintf                               0x08000255   Thumb Code    34  noretval__2sprintf.o(.text)
    _printf_pre_padding                      0x0800027d   Thumb Code    44  _printf_pad.o(.text)
    _printf_post_padding                     0x080002a9   Thumb Code    34  _printf_pad.o(.text)
    _printf_str                              0x080002cb   Thumb Code    82  _printf_str.o(.text)
    _printf_int_dec                          0x0800031d   Thumb Code   104  _printf_dec.o(.text)
    _printf_int_hex                          0x08000395   Thumb Code    84  _printf_hex_int.o(.text)
    _printf_longlong_hex                     0x08000395   Thumb Code     0  _printf_hex_int.o(.text)
    __printf                                 0x080003ed   Thumb Code   270  __printf_wp.o(.text)
    __aeabi_memcpy4                          0x080004fb   Thumb Code     0  rt_memcpy_w.o(.text)
    __aeabi_memcpy8                          0x080004fb   Thumb Code     0  rt_memcpy_w.o(.text)
    __rt_memcpy_w                            0x080004fb   Thumb Code   100  rt_memcpy_w.o(.text)
    _memcpy_lastbytes_aligned                0x08000543   Thumb Code     0  rt_memcpy_w.o(.text)
    strcmp                                   0x08000561   Thumb Code   128  strcmpv7m.o(.text)
    __use_two_region_memory                  0x080005e1   Thumb Code     2  heapauxi.o(.text)
    __rt_heap_escrow$2region                 0x080005e3   Thumb Code     2  heapauxi.o(.text)
    __rt_heap_expand$2region                 0x080005e5   Thumb Code     2  heapauxi.o(.text)
    __I$use$semihosting                      0x080005e7   Thumb Code     0  use_no_semi.o(.text)
    __use_no_semihosting_swi                 0x080005e7   Thumb Code     2  use_no_semi.o(.text)
    __read_errno                             0x080005e9   Thumb Code    10  _rserrno.o(.text)
    __set_errno                              0x080005f3   Thumb Code    12  _rserrno.o(.text)
    _printf_int_common                       0x080005ff   Thumb Code   178  _printf_intcommon.o(.text)
    __lib_sel_fp_printf                      0x080006b1   Thumb Code     2  _printf_fp_dec.o(.text)
    _printf_fp_dec_real                      0x0800085f   Thumb Code   620  _printf_fp_dec.o(.text)
    _printf_char_common                      0x08000ad7   Thumb Code    32  _printf_char_common.o(.text)
    _sputc                                   0x08000afd   Thumb Code    10  _sputc.o(.text)
    _printf_cs_common                        0x08000b07   Thumb Code    20  _printf_char.o(.text)
    _printf_char                             0x08000b1b   Thumb Code    16  _printf_char.o(.text)
    _printf_string                           0x08000b2b   Thumb Code     8  _printf_char.o(.text)
    _printf_char_file                        0x08000b35   Thumb Code    32  _printf_char_file.o(.text)
    __rt_locale                              0x08000b59   Thumb Code     8  rt_locale_intlibspace.o(.text)
    __aeabi_errno_addr                       0x08000b61   Thumb Code     8  rt_errno_addr_intlibspace.o(.text)
    __errno$intlibspace                      0x08000b61   Thumb Code     0  rt_errno_addr_intlibspace.o(.text)
    __rt_errno_addr$intlibspace              0x08000b61   Thumb Code     0  rt_errno_addr_intlibspace.o(.text)
    _ll_udiv10                               0x08000b69   Thumb Code   138  lludiv10.o(.text)
    _printf_fp_infnan                        0x08000bf5   Thumb Code   112  _printf_fp_infnan.o(.text)
    _btod_etento                             0x08000c75   Thumb Code   216  bigflt0.o(.text)
    ferror                                   0x08000d51   Thumb Code     8  ferror.o(.text)
    __user_libspace                          0x08000d59   Thumb Code     8  libspace.o(.text)
    __user_perproc_libspace                  0x08000d59   Thumb Code     0  libspace.o(.text)
    __user_perthread_libspace                0x08000d59   Thumb Code     0  libspace.o(.text)
    __user_setup_stackheap                   0x08000d61   Thumb Code    74  sys_stackheap_outer.o(.text)
    exit                                     0x08000dab   Thumb Code    18  exit.o(.text)
    _btod_d2e                                0x08000dbd   Thumb Code    62  btod.o(CL$$btod_d2e)
    _d2e_denorm_low                          0x08000dfb   Thumb Code    70  btod.o(CL$$btod_d2e_denorm_low)
    _d2e_norm_op1                            0x08000e41   Thumb Code    96  btod.o(CL$$btod_d2e_norm_op1)
    __btod_div_common                        0x08000ea1   Thumb Code   696  btod.o(CL$$btod_div_common)
    _e2e                                     0x080011d9   Thumb Code   198  btod.o(CL$$btod_e2e)
    _btod_ediv                               0x0800129f   Thumb Code    40  btod.o(CL$$btod_ediv)
    _btod_emul                               0x080012c7   Thumb Code    40  btod.o(CL$$btod_emul)
    __btod_mult_common                       0x080012ef   Thumb Code   580  btod.o(CL$$btod_mult_common)
    ADC_Cmd                                  0x08001533   Thumb Code    22  stm32f10x_adc.o(i.ADC_Cmd)
    ADC_DeInit                               0x08001549   Thumb Code    78  stm32f10x_adc.o(i.ADC_DeInit)
    ADC_GetCalibrationStatus                 0x080015a5   Thumb Code    20  stm32f10x_adc.o(i.ADC_GetCalibrationStatus)
    ADC_GetConversionValue                   0x080015b9   Thumb Code     8  stm32f10x_adc.o(i.ADC_GetConversionValue)
    ADC_GetFlagStatus                        0x080015c1   Thumb Code    18  stm32f10x_adc.o(i.ADC_GetFlagStatus)
    ADC_GetResetCalibrationStatus            0x080015d3   Thumb Code    20  stm32f10x_adc.o(i.ADC_GetResetCalibrationStatus)
    ADC_Init                                 0x080015e9   Thumb Code    70  stm32f10x_adc.o(i.ADC_Init)
    ADC_RegularChannelConfig                 0x08001639   Thumb Code   184  stm32f10x_adc.o(i.ADC_RegularChannelConfig)
    ADC_ResetCalibration                     0x080016f1   Thumb Code    10  stm32f10x_adc.o(i.ADC_ResetCalibration)
    ADC_SoftwareStartConvCmd                 0x080016fb   Thumb Code    22  stm32f10x_adc.o(i.ADC_SoftwareStartConvCmd)
    ADC_StartCalibration                     0x08001711   Thumb Code    10  stm32f10x_adc.o(i.ADC_StartCalibration)
    AT24CXX_Init                             0x0800171b   Thumb Code     8  24c02.o(i.AT24CXX_Init)
    AT24CXX_Read                             0x08001723   Thumb Code    34  24c02.o(i.AT24CXX_Read)
    AT24CXX_ReadOneByte                      0x08001745   Thumb Code    88  24c02.o(i.AT24CXX_ReadOneByte)
    AT24CXX_Write                            0x0800179d   Thumb Code    36  24c02.o(i.AT24CXX_Write)
    AT24CXX_WriteOneByte                     0x080017c1   Thumb Code    80  24c02.o(i.AT24CXX_WriteOneByte)
    Abs                                      0x08001811   Thumb Code    22  pid.o(i.Abs)
    Adc_Init                                 0x08001829   Thumb Code   140  adc.o(i.Adc_Init)
    BusFault_Handler                         0x080018bd   Thumb Code     4  stm32f10x_it.o(i.BusFault_Handler)
    CT_Delay                                 0x080018c1   Thumb Code    10  ctiic.o(i.CT_Delay)
    CT_IIC_Ack                               0x080018cd   Thumb Code    66  ctiic.o(i.CT_IIC_Ack)
    CT_IIC_Init                              0x08001921   Thumb Code    72  ctiic.o(i.CT_IIC_Init)
    CT_IIC_NAck                              0x08001971   Thumb Code    66  ctiic.o(i.CT_IIC_NAck)
    CT_IIC_Read_Byte                         0x080019c5   Thumb Code    94  ctiic.o(i.CT_IIC_Read_Byte)
    CT_IIC_Send_Byte                         0x08001a35   Thumb Code    82  ctiic.o(i.CT_IIC_Send_Byte)
    CT_IIC_Start                             0x08001a99   Thumb Code    62  ctiic.o(i.CT_IIC_Start)
    CT_IIC_Stop                              0x08001ae5   Thumb Code    56  ctiic.o(i.CT_IIC_Stop)
    CT_IIC_Wait_Ack                          0x08001b2d   Thumb Code    82  ctiic.o(i.CT_IIC_Wait_Ack)
    DebugMon_Handler                         0x08001b91   Thumb Code     2  stm32f10x_it.o(i.DebugMon_Handler)
    FSMC_NORSRAMCmd                          0x08001b95   Thumb Code    46  stm32f10x_fsmc.o(i.FSMC_NORSRAMCmd)
    FSMC_NORSRAMInit                         0x08001bc9   Thumb Code   230  stm32f10x_fsmc.o(i.FSMC_NORSRAMInit)
    FT5206_Init                              0x08001cb1   Thumb Code   216  ft5206.o(i.FT5206_Init)
    FT5206_RD_Reg                            0x08001da1   Thumb Code    88  ft5206.o(i.FT5206_RD_Reg)
    FT5206_Scan                              0x08001df9   Thumb Code   400  ft5206.o(i.FT5206_Scan)
    FT5206_WR_Reg                            0x08001f95   Thumb Code    82  ft5206.o(i.FT5206_WR_Reg)
    GPIO_Init                                0x08001fe7   Thumb Code   278  stm32f10x_gpio.o(i.GPIO_Init)
    GPIO_PinRemapConfig                      0x080020fd   Thumb Code   138  stm32f10x_gpio.o(i.GPIO_PinRemapConfig)
    GPIO_ReadInputDataBit                    0x0800218d   Thumb Code    18  stm32f10x_gpio.o(i.GPIO_ReadInputDataBit)
    GPIO_ResetBits                           0x0800219f   Thumb Code     4  stm32f10x_gpio.o(i.GPIO_ResetBits)
    GPIO_SetBits                             0x080021a3   Thumb Code     4  stm32f10x_gpio.o(i.GPIO_SetBits)
    GT9147_Init                              0x080021a9   Thumb Code   268  gt9147.o(i.GT9147_Init)
    GT9147_RD_Reg                            0x080022e9   Thumb Code    98  gt9147.o(i.GT9147_RD_Reg)
    GT9147_Scan                              0x0800234d   Thumb Code   494  gt9147.o(i.GT9147_Scan)
    GT9147_Send_Cfg                          0x0800254d   Thumb Code    86  gt9147.o(i.GT9147_Send_Cfg)
    GT9147_WR_Reg                            0x080025a9   Thumb Code    92  gt9147.o(i.GT9147_WR_Reg)
    Get_Adc                                  0x08002605   Thumb Code    46  adc.o(i.Get_Adc)
    Get_Adc_Average                          0x08002639   Thumb Code    46  adc.o(i.Get_Adc_Average)
    HardFault_Handler                        0x08002667   Thumb Code     4  stm32f10x_it.o(i.HardFault_Handler)
    IIC_Ack                                  0x0800266d   Thumb Code    66  iic.o(i.IIC_Ack)
    IIC_Init                                 0x080026bd   Thumb Code    46  iic.o(i.IIC_Init)
    IIC_NAck                                 0x080026f1   Thumb Code    66  iic.o(i.IIC_NAck)
    IIC_Read_Byte                            0x08002741   Thumb Code    98  iic.o(i.IIC_Read_Byte)
    IIC_Send_Byte                            0x080027b1   Thumb Code   104  iic.o(i.IIC_Send_Byte)
    IIC_Start                                0x08002825   Thumb Code    64  iic.o(i.IIC_Start)
    IIC_Stop                                 0x08002871   Thumb Code    62  iic.o(i.IIC_Stop)
    IIC_Wait_Ack                             0x080028bd   Thumb Code    86  iic.o(i.IIC_Wait_Ack)
    KEY_SCAN                                 0x08002921   Thumb Code   110  key.o(i.KEY_SCAN)
    LCD_Clear                                0x08002999   Thumb Code   100  lcd.o(i.LCD_Clear)
    LCD_Display_Dir                          0x08002a05   Thumb Code   444  lcd.o(i.LCD_Display_Dir)
    LCD_DrawLine                             0x08002bc5   Thumb Code   176  lcd.o(i.LCD_DrawLine)
    LCD_DrawPoint                            0x08002c75   Thumb Code    28  lcd.o(i.LCD_DrawPoint)
    LCD_Draw_Circle                          0x08002c99   Thumb Code   152  lcd.o(i.LCD_Draw_Circle)
    LCD_Fast_DrawPoint                       0x08002d31   Thumb Code   370  lcd.o(i.LCD_Fast_DrawPoint)
    LCD_Fill                                 0x08002ead   Thumb Code   178  lcd.o(i.LCD_Fill)
    LCD_Init                                 0x08002f69   Thumb Code 14186  lcd.o(i.LCD_Init)
    LCD_Pow                                  0x080066dd   Thumb Code    22  lcd.o(i.LCD_Pow)
    LCD_RD_DATA                              0x080066f5   Thumb Code    14  lcd.o(i.LCD_RD_DATA)
    LCD_ReadReg                              0x08006709   Thumb Code    22  lcd.o(i.LCD_ReadReg)
    LCD_SSD_BackLightSet                     0x08006721   Thumb Code    80  lcd.o(i.LCD_SSD_BackLightSet)
    LCD_Scan_Dir                             0x08006775   Thumb Code   744  lcd.o(i.LCD_Scan_Dir)
    LCD_SetCursor                            0x08006a61   Thumb Code   418  lcd.o(i.LCD_SetCursor)
    LCD_ShowChar                             0x08006c09   Thumb Code   272  lcd.o(i.LCD_ShowChar)
    LCD_ShowNum                              0x08006d31   Thumb Code   148  lcd.o(i.LCD_ShowNum)
    LCD_ShowString                           0x08006dc5   Thumb Code   102  lcd.o(i.LCD_ShowString)
    LCD_ShowxNum                             0x08006e2b   Thumb Code   190  lcd.o(i.LCD_ShowxNum)
    LCD_WR_DATA                              0x08006ee9   Thumb Code     6  lcd.o(i.LCD_WR_DATA)
    LCD_WR_REG                               0x08006ef5   Thumb Code     6  lcd.o(i.LCD_WR_REG)
    LCD_WriteRAM_Prepare                     0x08006f01   Thumb Code    10  lcd.o(i.LCD_WriteRAM_Prepare)
    LCD_WriteReg                             0x08006f15   Thumb Code    10  lcd.o(i.LCD_WriteReg)
    LED_Init                                 0x08006f25   Thumb Code    68  led.o(i.LED_Init)
    MYGUI_LCD_Clear_left_point               0x08006f71   Thumb Code   102  main.o(i.MYGUI_LCD_Clear_left_point)
    MYGUI_LCD_Clear_right_point              0x08006fe1   Thumb Code   104  main.o(i.MYGUI_LCD_Clear_right_point)
    MemManage_Handler                        0x08007051   Thumb Code     4  stm32f10x_it.o(i.MemManage_Handler)
    NMI_Handler                              0x08007055   Thumb Code     2  stm32f10x_it.o(i.NMI_Handler)
    NVIC_Init                                0x08007059   Thumb Code   100  misc.o(i.NVIC_Init)
    NVIC_PriorityGroupConfig                 0x080070c9   Thumb Code    10  misc.o(i.NVIC_PriorityGroupConfig)
    OTT2001A_Init                            0x080070dd   Thumb Code   156  ott2001a.o(i.OTT2001A_Init)
    OTT2001A_RD_Reg                          0x08007191   Thumb Code    98  ott2001a.o(i.OTT2001A_RD_Reg)
    OTT2001A_Scan                            0x080071f5   Thumb Code   446  ott2001a.o(i.OTT2001A_Scan)
    OTT2001A_SensorControl                   0x080073d5   Thumb Code    28  ott2001a.o(i.OTT2001A_SensorControl)
    OTT2001A_WR_Reg                          0x080073f1   Thumb Code    92  ott2001a.o(i.OTT2001A_WR_Reg)
    PendSV_Handler                           0x0800744d   Thumb Code     2  stm32f10x_it.o(i.PendSV_Handler)
    RCC_ADCCLKConfig                         0x08007451   Thumb Code    18  stm32f10x_rcc.o(i.RCC_ADCCLKConfig)
    RCC_AHBPeriphClockCmd                    0x08007469   Thumb Code    26  stm32f10x_rcc.o(i.RCC_AHBPeriphClockCmd)
    RCC_APB1PeriphClockCmd                   0x08007489   Thumb Code    26  stm32f10x_rcc.o(i.RCC_APB1PeriphClockCmd)
    RCC_APB2PeriphClockCmd                   0x080074a9   Thumb Code    26  stm32f10x_rcc.o(i.RCC_APB2PeriphClockCmd)
    RCC_APB2PeriphResetCmd                   0x080074c9   Thumb Code    26  stm32f10x_rcc.o(i.RCC_APB2PeriphResetCmd)
    RCC_GetClocksFreq                        0x080074e9   Thumb Code   192  stm32f10x_rcc.o(i.RCC_GetClocksFreq)
    SVC_Handler                              0x080075bd   Thumb Code     2  stm32f10x_it.o(i.SVC_Handler)
    SysTick_CLKSourceConfig                  0x080076a9   Thumb Code    40  misc.o(i.SysTick_CLKSourceConfig)
    SysTick_Handler                          0x080076d1   Thumb Code     2  stm32f10x_it.o(i.SysTick_Handler)
    SystemInit                               0x080076d5   Thumb Code    78  system_stm32f10x.o(i.SystemInit)
    TIM2_IRQHandler                          0x08007735   Thumb Code    96  timer.o(i.TIM2_IRQHandler)
    TIM3_IRQHandler                          0x080077a9   Thumb Code    40  pwm.o(i.TIM3_IRQHandler)
    TIM3_PWM_Init                            0x080077d9   Thumb Code   130  pwm.o(i.TIM3_PWM_Init)
    TIM_ClearITPendingBit                    0x08007869   Thumb Code     6  stm32f10x_tim.o(i.TIM_ClearITPendingBit)
    TIM_Cmd                                  0x0800786f   Thumb Code    24  stm32f10x_tim.o(i.TIM_Cmd)
    TIM_GetITStatus                          0x08007887   Thumb Code    34  stm32f10x_tim.o(i.TIM_GetITStatus)
    TIM_ITConfig                             0x080078a9   Thumb Code    18  stm32f10x_tim.o(i.TIM_ITConfig)
    TIM_OC2Init                              0x080078bd   Thumb Code   154  stm32f10x_tim.o(i.TIM_OC2Init)
    TIM_OC2PreloadConfig                     0x08007961   Thumb Code    26  stm32f10x_tim.o(i.TIM_OC2PreloadConfig)
    TIM_SetCompare2                          0x0800797b   Thumb Code     4  stm32f10x_tim.o(i.TIM_SetCompare2)
    TIM_TimeBaseInit                         0x08007981   Thumb Code   122  stm32f10x_tim.o(i.TIM_TimeBaseInit)
    TP_Adj_Info_Show                         0x08007a25   Thumb Code   374  touch.o(i.TP_Adj_Info_Show)
    TP_Adjust                                0x08007bcd   Thumb Code  2058  touch.o(i.TP_Adjust)
    TP_Drow_Touch_Point                      0x08008429   Thumb Code   108  touch.o(i.TP_Drow_Touch_Point)
    TP_Get_Adjdata                           0x08008499   Thumb Code    68  touch.o(i.TP_Get_Adjdata)
    TP_Init                                  0x080084e9   Thumb Code   330  touch.o(i.TP_Init)
    TP_Read_AD                               0x08008651   Thumb Code   132  touch.o(i.TP_Read_AD)
    TP_Read_XOY                              0x080086e5   Thumb Code   120  touch.o(i.TP_Read_XOY)
    TP_Read_XY                               0x0800875d   Thumb Code    38  touch.o(i.TP_Read_XY)
    TP_Read_XY2                              0x0800878d   Thumb Code   192  touch.o(i.TP_Read_XY2)
    TP_Save_Adjdata                          0x0800884d   Thumb Code    22  touch.o(i.TP_Save_Adjdata)
    TP_Scan                                  0x08008869   Thumb Code   262  touch.o(i.TP_Scan)
    TP_Write_Byte                            0x08008979   Thumb Code    64  touch.o(i.TP_Write_Byte)
    Timer2_Init                              0x080089c5   Thumb Code    92  timer.o(i.Timer2_Init)
    USART1_IRQHandler                        0x08008a21   Thumb Code   122  usart.o(i.USART1_IRQHandler)
    USART2_IRQHandler                        0x08008aa9   Thumb Code    22  wifi.o(i.USART2_IRQHandler)
    USART_Cmd                                0x08008ac9   Thumb Code    24  stm32f10x_usart.o(i.USART_Cmd)
    USART_GetFlagStatus                      0x08008ae1   Thumb Code    26  stm32f10x_usart.o(i.USART_GetFlagStatus)
    USART_GetITStatus                        0x08008afb   Thumb Code    84  stm32f10x_usart.o(i.USART_GetITStatus)
    USART_ITConfig                           0x08008b4f   Thumb Code    74  stm32f10x_usart.o(i.USART_ITConfig)
    USART_Init                               0x08008b99   Thumb Code   210  stm32f10x_usart.o(i.USART_Init)
    USART_ReceiveData                        0x08008c71   Thumb Code    10  stm32f10x_usart.o(i.USART_ReceiveData)
    USART_SendData                           0x08008c7b   Thumb Code     8  stm32f10x_usart.o(i.USART_SendData)
    UsageFault_Handler                       0x08008c83   Thumb Code     4  stm32f10x_it.o(i.UsageFault_Handler)
    Usart_SendString                         0x08008c87   Thumb Code    54  wifi.o(i.Usart_SendString)
    WIFI_init                                0x08008cbd   Thumb Code   168  wifi.o(i.WIFI_init)
    __ARM_fpclassify                         0x08008d6d   Thumb Code    40  fpclassify.o(i.__ARM_fpclassify)
    _is_digit                                0x08008d95   Thumb Code    14  __printf_wp.o(i._is_digit)
    _sys_exit                                0x08008da3   Thumb Code     6  usart.o(i._sys_exit)
    delay_init                               0x08008da9   Thumb Code    50  delay.o(i.delay_init)
    delay_ms                                 0x08008ded   Thumb Code    72  delay.o(i.delay_ms)
    delay_us                                 0x08008e39   Thumb Code    72  delay.o(i.delay_us)
    find_PT100                               0x08008e85   Thumb Code   116  tem.o(i.find_PT100)
    fputc                                    0x08008f0d   Thumb Code    24  usart.o(i.fputc)
    get_tem                                  0x08008f29   Thumb Code   200  tem.o(i.get_tem)
    gui_draw_hline                           0x08008ff9   Thumb Code    36  main.o(i.gui_draw_hline)
    gui_fill_circle                          0x0800901d   Thumb Code   176  main.o(i.gui_fill_circle)
    key_init                                 0x080090cd   Thumb Code   100  key.o(i.key_init)
    main                                     0x08009139   Thumb Code  1684  main.o(i.main)
    pid_init                                 0x080097d5   Thumb Code    32  pid.o(i.pid_init)
    pid_realize                              0x08009805   Thumb Code   184  pid.o(i.pid_realize)
    sqrt                                     0x080098cd   Thumb Code    76  sqrt.o(i.sqrt)
    uart_init                                0x08009919   Thumb Code   152  usart.o(i.uart_init)
    _get_lc_numeric                          0x080099b9   Thumb Code    44  lc_numeric_c.o(locale$$code)
    __aeabi_d2f                              0x080099e5   Thumb Code     0  d2f.o(x$fpl$d2f)
    _d2f                                     0x080099e5   Thumb Code    98  d2f.o(x$fpl$d2f)
    __aeabi_dadd                             0x08009a49   Thumb Code     0  daddsub_clz.o(x$fpl$dadd)
    _dadd                                    0x08009a49   Thumb Code   332  daddsub_clz.o(x$fpl$dadd)
    __fpl_dcmp_Inf                           0x08009b99   Thumb Code    24  dcmpi.o(x$fpl$dcmpinf)
    __aeabi_ddiv                             0x08009bb1   Thumb Code     0  ddiv.o(x$fpl$ddiv)
    _ddiv                                    0x08009bb1   Thumb Code   552  ddiv.o(x$fpl$ddiv)
    __aeabi_d2uiz                            0x08009e61   Thumb Code     0  dfixu.o(x$fpl$dfixu)
    _dfixu                                   0x08009e61   Thumb Code    90  dfixu.o(x$fpl$dfixu)
    __aeabi_i2d                              0x08009ebb   Thumb Code     0  dflt_clz.o(x$fpl$dflt)
    _dflt                                    0x08009ebb   Thumb Code    46  dflt_clz.o(x$fpl$dflt)
    __aeabi_ui2d                             0x08009ee9   Thumb Code     0  dflt_clz.o(x$fpl$dfltu)
    _dfltu                                   0x08009ee9   Thumb Code    38  dflt_clz.o(x$fpl$dfltu)
    __aeabi_cdcmple                          0x08009f11   Thumb Code     0  dleqf.o(x$fpl$dleqf)
    _dcmple                                  0x08009f11   Thumb Code   120  dleqf.o(x$fpl$dleqf)
    __fpl_dcmple_InfNaN                      0x08009f73   Thumb Code     0  dleqf.o(x$fpl$dleqf)
    __aeabi_dmul                             0x08009f89   Thumb Code     0  dmul.o(x$fpl$dmul)
    _dmul                                    0x08009f89   Thumb Code   332  dmul.o(x$fpl$dmul)
    __fpl_dnaninf                            0x0800a0dd   Thumb Code   156  dnaninf.o(x$fpl$dnaninf)
    __fpl_dretinf                            0x0800a179   Thumb Code    12  dretinf.o(x$fpl$dretinf)
    __aeabi_cdrcmple                         0x0800a185   Thumb Code     0  drleqf.o(x$fpl$drleqf)
    _drcmple                                 0x0800a185   Thumb Code   108  drleqf.o(x$fpl$drleqf)
    __aeabi_drsub                            0x0800a1f1   Thumb Code     0  daddsub_clz.o(x$fpl$drsb)
    _drsb                                    0x0800a1f1   Thumb Code    22  daddsub_clz.o(x$fpl$drsb)
    _dsqrt                                   0x0800a209   Thumb Code   456  dsqrt_noumaal.o(x$fpl$dsqrt)
    __aeabi_dsub                             0x0800a3d5   Thumb Code     0  daddsub_clz.o(x$fpl$dsub)
    _dsub                                    0x0800a3d5   Thumb Code   464  daddsub_clz.o(x$fpl$dsub)
    __aeabi_f2d                              0x0800a5a9   Thumb Code     0  f2d.o(x$fpl$f2d)
    _f2d                                     0x0800a5a9   Thumb Code    86  f2d.o(x$fpl$f2d)
    __aeabi_fadd                             0x0800a601   Thumb Code     0  faddsub_clz.o(x$fpl$fadd)
    _fadd                                    0x0800a601   Thumb Code   196  faddsub_clz.o(x$fpl$fadd)
    __fpl_fcmp_Inf                           0x0800a6c5   Thumb Code    24  fcmpi.o(x$fpl$fcmpinf)
    __aeabi_fdiv                             0x0800a6dd   Thumb Code     0  fdiv.o(x$fpl$fdiv)
    _fdiv                                    0x0800a6dd   Thumb Code   384  fdiv.o(x$fpl$fdiv)
    __aeabi_cfcmpeq                          0x0800a861   Thumb Code     0  feqf.o(x$fpl$feqf)
    _fcmpeq                                  0x0800a861   Thumb Code   104  feqf.o(x$fpl$feqf)
    __aeabi_f2iz                             0x0800a8c9   Thumb Code     0  ffix.o(x$fpl$ffix)
    _ffix                                    0x0800a8c9   Thumb Code    54  ffix.o(x$fpl$ffix)
    __aeabi_f2uiz                            0x0800a901   Thumb Code     0  ffixu.o(x$fpl$ffixu)
    _ffixu                                   0x0800a901   Thumb Code    62  ffixu.o(x$fpl$ffixu)
    __aeabi_i2f                              0x0800a941   Thumb Code     0  fflt_clz.o(x$fpl$fflt)
    _fflt                                    0x0800a941   Thumb Code    48  fflt_clz.o(x$fpl$fflt)
    __aeabi_ui2f                             0x0800a971   Thumb Code     0  fflt_clz.o(x$fpl$ffltu)
    _ffltu                                   0x0800a971   Thumb Code    38  fflt_clz.o(x$fpl$ffltu)
    __aeabi_cfcmple                          0x0800a999   Thumb Code     0  fleqf.o(x$fpl$fleqf)
    _fcmple                                  0x0800a999   Thumb Code   104  fleqf.o(x$fpl$fleqf)
    __fpl_fcmple_InfNaN                      0x0800a9eb   Thumb Code     0  fleqf.o(x$fpl$fleqf)
    __aeabi_fmul                             0x0800aa01   Thumb Code     0  fmul.o(x$fpl$fmul)
    _fmul                                    0x0800aa01   Thumb Code   258  fmul.o(x$fpl$fmul)
    __fpl_fnaninf                            0x0800ab03   Thumb Code   140  fnaninf.o(x$fpl$fnaninf)
    __fpl_fretinf                            0x0800ab8f   Thumb Code    10  fretinf.o(x$fpl$fretinf)
    __aeabi_cfrcmple                         0x0800ab99   Thumb Code     0  frleqf.o(x$fpl$frleqf)
    _frcmple                                 0x0800ab99   Thumb Code    98  frleqf.o(x$fpl$frleqf)
    __aeabi_frsub                            0x0800abfb   Thumb Code     0  faddsub_clz.o(x$fpl$frsb)
    _frsb                                    0x0800abfb   Thumb Code    20  faddsub_clz.o(x$fpl$frsb)
    __aeabi_fsub                             0x0800ac11   Thumb Code     0  faddsub_clz.o(x$fpl$fsub)
    _fsub                                    0x0800ac11   Thumb Code   234  faddsub_clz.o(x$fpl$fsub)
    _printf_fp_dec                           0x0800acfb   Thumb Code     4  printf1.o(x$fpl$printf1)
    __I$use$fp                               0x0800acfe   Number         0  usenofp.o(x$fpl$usenofp)
    asc2_1206                                0x0800ad14   Data        1140  lcd.o(.constdata)
    asc2_1608                                0x0800b188   Data        1520  lcd.o(.constdata)
    asc2_2412                                0x0800b778   Data        3420  lcd.o(.constdata)
    PT100                                    0x0800c4d4   Data        1404  tem.o(.constdata)
    TP_REMIND_MSG_TBL                        0x0800ca50   Data           4  touch.o(.constdata)
    GT9147_CFG_TBL                           0x0800ca54   Data         184  gt9147.o(.constdata)
    GT9147_TPX_TBL                           0x0800cb0c   Data          10  gt9147.o(.constdata)
    OTT_TPX_TBL                              0x0800cb16   Data          10  ott2001a.o(.constdata)
    FT5206_TPX_TBL                           0x0800cb20   Data          10  ft5206.o(.constdata)
    Region$$Table$$Base                      0x0800cc64   Number         0  anon$$obj.o(Region$$Table)
    Region$$Table$$Limit                     0x0800cc84   Number         0  anon$$obj.o(Region$$Table)
    ADC1_tem                                 0x20000000   Data           4  main.o(.data)
    Keytem                                   0x20000004   Data           4  main.o(.data)
    flag                                     0x20000008   Data           1  main.o(.data)
    flag_usart2                              0x20000009   Data           1  main.o(.data)
    flag_KEY                                 0x2000000a   Data           1  main.o(.data)
    flag_send                                0x2000000b   Data           1  main.o(.data)
    SystemCoreClock                          0x2000000c   Data           4  system_stm32f10x.o(.data)
    AHBPrescTable                            0x20000010   Data          16  system_stm32f10x.o(.data)
    __stdout                                 0x20000024   Data           4  usart.o(.data)
    USART_RX_STA                             0x20000028   Data           2  usart.o(.data)
    POINT_COLOR                              0x20000040   Data           2  lcd.o(.data)
    BACK_COLOR                               0x20000042   Data           2  lcd.o(.data)
    tp_dev                                   0x20000044   Data          52  touch.o(.data)
    CMD_RDX                                  0x20000078   Data           1  touch.o(.data)
    CMD_RDY                                  0x20000079   Data           1  touch.o(.data)
    CA                                       0x20000080   Data           4  timer.o(.data)
    CB                                       0x20000084   Data           4  timer.o(.data)
    CC                                       0x20000088   Data           4  timer.o(.data)
    USART_RX_BUF                             0x2000008c   Data         200  usart.o(.bss)
    lcddev                                   0x20000154   Data          14  lcd.o(.bss)
    pid                                      0x20000164   Data          36  pid.o(.bss)
    __libspace_start                         0x20000188   Data          96  libspace.o(.bss)
    __temporary_stack_top$libspace           0x200001e8   Data           0  libspace.o(.bss)



==============================================================================

Memory Map of the image

  Image Entry point : 0x080001f9

  Load Region LR_1 (Base: 0x08000000, Size: 0x0000cd2c, Max: 0xffffffff, ABSOLUTE)

    Execution Region ER_RO (Base: 0x08000000, Size: 0x0000cca0, Max: 0xffffffff, ABSOLUTE)

    Base Addr    Size         Type   Attr      Idx    E Section Name        Object

    0x08000000   0x00000130   Data   RO          421    RESET               startup_stm32f10x_hd.o
    0x08000130   0x00000008   Code   RO         4268  * !!!main             c_w.l(__main.o)
    0x08000138   0x00000034   Code   RO         4577    !!!scatter          c_w.l(__scatter.o)
    0x0800016c   0x0000001a   Code   RO         4579    !!handler_copy      c_w.l(__scatter_copy.o)
    0x08000186   0x00000002   PAD
    0x08000188   0x0000001c   Code   RO         4581    !!handler_zi        c_w.l(__scatter_zi.o)
    0x080001a4   0x00000000   Code   RO         4261    .ARM.Collect$$_printf_percent$$00000000  c_w.l(_printf_percent.o)
    0x080001a4   0x00000006   Code   RO         4260    .ARM.Collect$$_printf_percent$$00000003  c_w.l(_printf_f.o)
    0x080001aa   0x00000006   Code   RO         4259    .ARM.Collect$$_printf_percent$$00000009  c_w.l(_printf_d.o)
    0x080001b0   0x00000006   Code   RO         4258    .ARM.Collect$$_printf_percent$$0000000C  c_w.l(_printf_x.o)
    0x080001b6   0x00000006   Code   RO         4257    .ARM.Collect$$_printf_percent$$00000014  c_w.l(_printf_s.o)
    0x080001bc   0x00000004   Code   RO         4359    .ARM.Collect$$_printf_percent$$00000017  c_w.l(_printf_percent_end.o)
    0x080001c0   0x00000002   Code   RO         4454    .ARM.Collect$$libinit$$00000000  c_w.l(libinit.o)
    0x080001c2   0x00000000   Code   RO         4456    .ARM.Collect$$libinit$$00000002  c_w.l(libinit2.o)
    0x080001c2   0x00000000   Code   RO         4458    .ARM.Collect$$libinit$$00000004  c_w.l(libinit2.o)
    0x080001c2   0x00000000   Code   RO         4461    .ARM.Collect$$libinit$$0000000A  c_w.l(libinit2.o)
    0x080001c2   0x00000000   Code   RO         4463    .ARM.Collect$$libinit$$0000000C  c_w.l(libinit2.o)
    0x080001c2   0x00000000   Code   RO         4465    .ARM.Collect$$libinit$$0000000E  c_w.l(libinit2.o)
    0x080001c2   0x00000006   Code   RO         4466    .ARM.Collect$$libinit$$0000000F  c_w.l(libinit2.o)
    0x080001c8   0x00000000   Code   RO         4468    .ARM.Collect$$libinit$$00000011  c_w.l(libinit2.o)
    0x080001c8   0x00000000   Code   RO         4470    .ARM.Collect$$libinit$$00000013  c_w.l(libinit2.o)
    0x080001c8   0x00000000   Code   RO         4472    .ARM.Collect$$libinit$$00000015  c_w.l(libinit2.o)
    0x080001c8   0x0000000a   Code   RO         4473    .ARM.Collect$$libinit$$00000016  c_w.l(libinit2.o)
    0x080001d2   0x00000000   Code   RO         4474    .ARM.Collect$$libinit$$00000017  c_w.l(libinit2.o)
    0x080001d2   0x00000000   Code   RO         4476    .ARM.Collect$$libinit$$00000019  c_w.l(libinit2.o)
    0x080001d2   0x00000000   Code   RO         4478    .ARM.Collect$$libinit$$0000001B  c_w.l(libinit2.o)
    0x080001d2   0x00000000   Code   RO         4480    .ARM.Collect$$libinit$$0000001D  c_w.l(libinit2.o)
    0x080001d2   0x00000000   Code   RO         4482    .ARM.Collect$$libinit$$0000001F  c_w.l(libinit2.o)
    0x080001d2   0x00000000   Code   RO         4484    .ARM.Collect$$libinit$$00000021  c_w.l(libinit2.o)
    0x080001d2   0x00000000   Code   RO         4486    .ARM.Collect$$libinit$$00000023  c_w.l(libinit2.o)
    0x080001d2   0x00000000   Code   RO         4488    .ARM.Collect$$libinit$$00000025  c_w.l(libinit2.o)
    0x080001d2   0x00000000   Code   RO         4492    .ARM.Collect$$libinit$$0000002C  c_w.l(libinit2.o)
    0x080001d2   0x00000000   Code   RO         4494    .ARM.Collect$$libinit$$0000002E  c_w.l(libinit2.o)
    0x080001d2   0x00000000   Code   RO         4496    .ARM.Collect$$libinit$$00000030  c_w.l(libinit2.o)
    0x080001d2   0x00000000   Code   RO         4498    .ARM.Collect$$libinit$$00000032  c_w.l(libinit2.o)
    0x080001d2   0x00000002   Code   RO         4499    .ARM.Collect$$libinit$$00000033  c_w.l(libinit2.o)
    0x080001d4   0x00000002   Code   RO         4527    .ARM.Collect$$libshutdown$$00000000  c_w.l(libshutdown.o)
    0x080001d6   0x00000000   Code   RO         4536    .ARM.Collect$$libshutdown$$00000002  c_w.l(libshutdown2.o)
    0x080001d6   0x00000000   Code   RO         4538    .ARM.Collect$$libshutdown$$00000004  c_w.l(libshutdown2.o)
    0x080001d6   0x00000000   Code   RO         4541    .ARM.Collect$$libshutdown$$00000007  c_w.l(libshutdown2.o)
    0x080001d6   0x00000000   Code   RO         4544    .ARM.Collect$$libshutdown$$0000000A  c_w.l(libshutdown2.o)
    0x080001d6   0x00000000   Code   RO         4546    .ARM.Collect$$libshutdown$$0000000C  c_w.l(libshutdown2.o)
    0x080001d6   0x00000000   Code   RO         4549    .ARM.Collect$$libshutdown$$0000000F  c_w.l(libshutdown2.o)
    0x080001d6   0x00000002   Code   RO         4550    .ARM.Collect$$libshutdown$$00000010  c_w.l(libshutdown2.o)
    0x080001d8   0x00000000   Code   RO         4344    .ARM.Collect$$rtentry$$00000000  c_w.l(__rtentry.o)
    0x080001d8   0x00000000   Code   RO         4376    .ARM.Collect$$rtentry$$00000002  c_w.l(__rtentry2.o)
    0x080001d8   0x00000006   Code   RO         4388    .ARM.Collect$$rtentry$$00000004  c_w.l(__rtentry4.o)
    0x080001de   0x00000000   Code   RO         4378    .ARM.Collect$$rtentry$$00000009  c_w.l(__rtentry2.o)
    0x080001de   0x00000004   Code   RO         4379    .ARM.Collect$$rtentry$$0000000A  c_w.l(__rtentry2.o)
    0x080001e2   0x00000000   Code   RO         4381    .ARM.Collect$$rtentry$$0000000C  c_w.l(__rtentry2.o)
    0x080001e2   0x00000008   Code   RO         4382    .ARM.Collect$$rtentry$$0000000D  c_w.l(__rtentry2.o)
    0x080001ea   0x00000002   Code   RO         4500    .ARM.Collect$$rtexit$$00000000  c_w.l(rtexit.o)
    0x080001ec   0x00000000   Code   RO         4507    .ARM.Collect$$rtexit$$00000002  c_w.l(rtexit2.o)
    0x080001ec   0x00000004   Code   RO         4508    .ARM.Collect$$rtexit$$00000003  c_w.l(rtexit2.o)
    0x080001f0   0x00000006   Code   RO         4509    .ARM.Collect$$rtexit$$00000004  c_w.l(rtexit2.o)
    0x080001f6   0x00000002   PAD
    0x080001f8   0x00000040   Code   RO          422  * .text               startup_stm32f10x_hd.o
    0x08000238   0x00000002   Code   RO         4198    .text               c_w.l(use_no_semi_2.o)
    0x0800023a   0x00000002   PAD
    0x0800023c   0x00000018   Code   RO         4204    .text               c_w.l(noretval__2printf.o)
    0x08000254   0x00000028   Code   RO         4206    .text               c_w.l(noretval__2sprintf.o)
    0x0800027c   0x0000004e   Code   RO         4210    .text               c_w.l(_printf_pad.o)
    0x080002ca   0x00000052   Code   RO         4212    .text               c_w.l(_printf_str.o)
    0x0800031c   0x00000078   Code   RO         4214    .text               c_w.l(_printf_dec.o)
    0x08000394   0x00000058   Code   RO         4219    .text               c_w.l(_printf_hex_int.o)
    0x080003ec   0x0000010e   Code   RO         4245    .text               c_w.l(__printf_wp.o)
    0x080004fa   0x00000064   Code   RO         4262    .text               c_w.l(rt_memcpy_w.o)
    0x0800055e   0x00000002   PAD
    0x08000560   0x00000080   Code   RO         4264    .text               c_w.l(strcmpv7m.o)
    0x080005e0   0x00000006   Code   RO         4266    .text               c_w.l(heapauxi.o)
    0x080005e6   0x00000002   Code   RO         4342    .text               c_w.l(use_no_semi.o)
    0x080005e8   0x00000016   Code   RO         4345    .text               c_w.l(_rserrno.o)
    0x080005fe   0x000000b2   Code   RO         4347    .text               c_w.l(_printf_intcommon.o)
    0x080006b0   0x0000041a   Code   RO         4349    .text               c_w.l(_printf_fp_dec.o)
    0x08000aca   0x00000002   PAD
    0x08000acc   0x00000030   Code   RO         4351    .text               c_w.l(_printf_char_common.o)
    0x08000afc   0x0000000a   Code   RO         4353    .text               c_w.l(_sputc.o)
    0x08000b06   0x0000002c   Code   RO         4355    .text               c_w.l(_printf_char.o)
    0x08000b32   0x00000002   PAD
    0x08000b34   0x00000024   Code   RO         4357    .text               c_w.l(_printf_char_file.o)
    0x08000b58   0x00000008   Code   RO         4393    .text               c_w.l(rt_locale_intlibspace.o)
    0x08000b60   0x00000008   Code   RO         4398    .text               c_w.l(rt_errno_addr_intlibspace.o)
    0x08000b68   0x0000008a   Code   RO         4400    .text               c_w.l(lludiv10.o)
    0x08000bf2   0x00000002   PAD
    0x08000bf4   0x00000080   Code   RO         4402    .text               c_w.l(_printf_fp_infnan.o)
    0x08000c74   0x000000dc   Code   RO         4406    .text               c_w.l(bigflt0.o)
    0x08000d50   0x00000008   Code   RO         4431    .text               c_w.l(ferror.o)
    0x08000d58   0x00000008   Code   RO         4442    .text               c_w.l(libspace.o)
    0x08000d60   0x0000004a   Code   RO         4445    .text               c_w.l(sys_stackheap_outer.o)
    0x08000daa   0x00000012   Code   RO         4447    .text               c_w.l(exit.o)
    0x08000dbc   0x0000003e   Code   RO         4409    CL$$btod_d2e        c_w.l(btod.o)
    0x08000dfa   0x00000046   Code   RO         4411    CL$$btod_d2e_denorm_low  c_w.l(btod.o)
    0x08000e40   0x00000060   Code   RO         4410    CL$$btod_d2e_norm_op1  c_w.l(btod.o)
    0x08000ea0   0x00000338   Code   RO         4419    CL$$btod_div_common  c_w.l(btod.o)
    0x080011d8   0x000000c6   Code   RO         4416    CL$$btod_e2e        c_w.l(btod.o)
    0x0800129e   0x00000028   Code   RO         4413    CL$$btod_ediv       c_w.l(btod.o)
    0x080012c6   0x00000028   Code   RO         4412    CL$$btod_emul       c_w.l(btod.o)
    0x080012ee   0x00000244   Code   RO         4418    CL$$btod_mult_common  c_w.l(btod.o)
    0x08001532   0x00000016   Code   RO          468    i.ADC_Cmd           stm32f10x_adc.o
    0x08001548   0x0000005c   Code   RO          470    i.ADC_DeInit        stm32f10x_adc.o
    0x080015a4   0x00000014   Code   RO          476    i.ADC_GetCalibrationStatus  stm32f10x_adc.o
    0x080015b8   0x00000008   Code   RO          477    i.ADC_GetConversionValue  stm32f10x_adc.o
    0x080015c0   0x00000012   Code   RO          479    i.ADC_GetFlagStatus  stm32f10x_adc.o
    0x080015d2   0x00000014   Code   RO          482    i.ADC_GetResetCalibrationStatus  stm32f10x_adc.o
    0x080015e6   0x00000002   PAD
    0x080015e8   0x00000050   Code   RO          486    i.ADC_Init          stm32f10x_adc.o
    0x08001638   0x000000b8   Code   RO          490    i.ADC_RegularChannelConfig  stm32f10x_adc.o
    0x080016f0   0x0000000a   Code   RO          491    i.ADC_ResetCalibration  stm32f10x_adc.o
    0x080016fa   0x00000016   Code   RO          493    i.ADC_SoftwareStartConvCmd  stm32f10x_adc.o
    0x08001710   0x0000000a   Code   RO          495    i.ADC_StartCalibration  stm32f10x_adc.o
    0x0800171a   0x00000008   Code   RO         3892    i.AT24CXX_Init      24c02.o
    0x08001722   0x00000022   Code   RO         3893    i.AT24CXX_Read      24c02.o
    0x08001744   0x00000058   Code   RO         3895    i.AT24CXX_ReadOneByte  24c02.o
    0x0800179c   0x00000024   Code   RO         3896    i.AT24CXX_Write     24c02.o
    0x080017c0   0x00000050   Code   RO         3898    i.AT24CXX_WriteOneByte  24c02.o
    0x08001810   0x00000016   Code   RO         3682    i.Abs               pid.o
    0x08001826   0x00000002   PAD
    0x08001828   0x00000094   Code   RO         3424    i.Adc_Init          adc.o
    0x080018bc   0x00000004   Code   RO          190    i.BusFault_Handler  stm32f10x_it.o
    0x080018c0   0x0000000a   Code   RO         4002    i.CT_Delay          ctiic.o
    0x080018ca   0x00000002   PAD
    0x080018cc   0x00000054   Code   RO         4003    i.CT_IIC_Ack        ctiic.o
    0x08001920   0x00000050   Code   RO         4004    i.CT_IIC_Init       ctiic.o
    0x08001970   0x00000054   Code   RO         4005    i.CT_IIC_NAck       ctiic.o
    0x080019c4   0x00000070   Code   RO         4006    i.CT_IIC_Read_Byte  ctiic.o
    0x08001a34   0x00000064   Code   RO         4007    i.CT_IIC_Send_Byte  ctiic.o
    0x08001a98   0x0000004c   Code   RO         4008    i.CT_IIC_Start      ctiic.o
    0x08001ae4   0x00000048   Code   RO         4009    i.CT_IIC_Stop       ctiic.o
    0x08001b2c   0x00000064   Code   RO         4010    i.CT_IIC_Wait_Ack   ctiic.o
    0x08001b90   0x00000002   Code   RO          191    i.DebugMon_Handler  stm32f10x_it.o
    0x08001b92   0x00000002   PAD
    0x08001b94   0x00000034   Code   RO         1462    i.FSMC_NORSRAMCmd   stm32f10x_fsmc.o
    0x08001bc8   0x000000e6   Code   RO         1464    i.FSMC_NORSRAMInit  stm32f10x_fsmc.o
    0x08001cae   0x00000002   PAD
    0x08001cb0   0x000000f0   Code   RO         4102    i.FT5206_Init       ft5206.o
    0x08001da0   0x00000058   Code   RO         4103    i.FT5206_RD_Reg     ft5206.o
    0x08001df8   0x0000019c   Code   RO         4104    i.FT5206_Scan       ft5206.o
    0x08001f94   0x00000052   Code   RO         4105    i.FT5206_WR_Reg     ft5206.o
    0x08001fe6   0x00000116   Code   RO         1577    i.GPIO_Init         stm32f10x_gpio.o
    0x080020fc   0x00000090   Code   RO         1579    i.GPIO_PinRemapConfig  stm32f10x_gpio.o
    0x0800218c   0x00000012   Code   RO         1581    i.GPIO_ReadInputDataBit  stm32f10x_gpio.o
    0x0800219e   0x00000004   Code   RO         1584    i.GPIO_ResetBits    stm32f10x_gpio.o
    0x080021a2   0x00000004   Code   RO         1585    i.GPIO_SetBits      stm32f10x_gpio.o
    0x080021a6   0x00000002   PAD
    0x080021a8   0x00000140   Code   RO         3945    i.GT9147_Init       gt9147.o
    0x080022e8   0x00000062   Code   RO         3946    i.GT9147_RD_Reg     gt9147.o
    0x0800234a   0x00000002   PAD
    0x0800234c   0x00000200   Code   RO         3947    i.GT9147_Scan       gt9147.o
    0x0800254c   0x0000005c   Code   RO         3948    i.GT9147_Send_Cfg   gt9147.o
    0x080025a8   0x0000005c   Code   RO         3949    i.GT9147_WR_Reg     gt9147.o
    0x08002604   0x00000034   Code   RO         3425    i.Get_Adc           adc.o
    0x08002638   0x0000002e   Code   RO         3426    i.Get_Adc_Average   adc.o
    0x08002666   0x00000004   Code   RO          192    i.HardFault_Handler  stm32f10x_it.o
    0x0800266a   0x00000002   PAD
    0x0800266c   0x00000050   Code   RO         3731    i.IIC_Ack           iic.o
    0x080026bc   0x00000034   Code   RO         3732    i.IIC_Init          iic.o
    0x080026f0   0x00000050   Code   RO         3733    i.IIC_NAck          iic.o
    0x08002740   0x00000070   Code   RO         3734    i.IIC_Read_Byte     iic.o
    0x080027b0   0x00000074   Code   RO         3735    i.IIC_Send_Byte     iic.o
    0x08002824   0x0000004c   Code   RO         3736    i.IIC_Start         iic.o
    0x08002870   0x0000004c   Code   RO         3737    i.IIC_Stop          iic.o
    0x080028bc   0x00000064   Code   RO         3738    i.IIC_Wait_Ack      iic.o
    0x08002920   0x00000078   Code   RO         3405    i.KEY_SCAN          key.o
    0x08002998   0x0000006c   Code   RO         3449    i.LCD_Clear         lcd.o
    0x08002a04   0x000001c0   Code   RO         3453    i.LCD_Display_Dir   lcd.o
    0x08002bc4   0x000000b0   Code   RO         3454    i.LCD_DrawLine      lcd.o
    0x08002c74   0x00000024   Code   RO         3455    i.LCD_DrawPoint     lcd.o
    0x08002c98   0x00000098   Code   RO         3457    i.LCD_Draw_Circle   lcd.o
    0x08002d30   0x0000017c   Code   RO         3458    i.LCD_Fast_DrawPoint  lcd.o
    0x08002eac   0x000000bc   Code   RO         3459    i.LCD_Fill          lcd.o
    0x08002f68   0x00003774   Code   RO         3460    i.LCD_Init          lcd.o
    0x080066dc   0x00000016   Code   RO         3461    i.LCD_Pow           lcd.o
    0x080066f2   0x00000002   PAD
    0x080066f4   0x00000014   Code   RO         3462    i.LCD_RD_DATA       lcd.o
    0x08006708   0x00000016   Code   RO         3464    i.LCD_ReadReg       lcd.o
    0x0800671e   0x00000002   PAD
    0x08006720   0x00000054   Code   RO         3465    i.LCD_SSD_BackLightSet  lcd.o
    0x08006774   0x000002ec   Code   RO         3466    i.LCD_Scan_Dir      lcd.o
    0x08006a60   0x000001a8   Code   RO         3467    i.LCD_SetCursor     lcd.o
    0x08006c08   0x00000128   Code   RO         3469    i.LCD_ShowChar      lcd.o
    0x08006d30   0x00000094   Code   RO         3470    i.LCD_ShowNum       lcd.o
    0x08006dc4   0x00000066   Code   RO         3471    i.LCD_ShowString    lcd.o
    0x08006e2a   0x000000be   Code   RO         3472    i.LCD_ShowxNum      lcd.o
    0x08006ee8   0x0000000c   Code   RO         3473    i.LCD_WR_DATA       lcd.o
    0x08006ef4   0x0000000c   Code   RO         3474    i.LCD_WR_REG        lcd.o
    0x08006f00   0x00000014   Code   RO         3476    i.LCD_WriteRAM_Prepare  lcd.o
    0x08006f14   0x00000010   Code   RO         3477    i.LCD_WriteReg      lcd.o
    0x08006f24   0x0000004c   Code   RO         3393    i.LED_Init          led.o
    0x08006f70   0x00000070   Code   RO            1    i.MYGUI_LCD_Clear_left_point  main.o
    0x08006fe0   0x00000070   Code   RO            2    i.MYGUI_LCD_Clear_right_point  main.o
    0x08007050   0x00000004   Code   RO          193    i.MemManage_Handler  stm32f10x_it.o
    0x08007054   0x00000002   Code   RO          194    i.NMI_Handler       stm32f10x_it.o
    0x08007056   0x00000002   PAD
    0x08007058   0x00000070   Code   RO          426    i.NVIC_Init         misc.o
    0x080070c8   0x00000014   Code   RO          427    i.NVIC_PriorityGroupConfig  misc.o
    0x080070dc   0x000000b4   Code   RO         4062    i.OTT2001A_Init     ott2001a.o
    0x08007190   0x00000062   Code   RO         4063    i.OTT2001A_RD_Reg   ott2001a.o
    0x080071f2   0x00000002   PAD
    0x080071f4   0x000001e0   Code   RO         4064    i.OTT2001A_Scan     ott2001a.o
    0x080073d4   0x0000001c   Code   RO         4065    i.OTT2001A_SensorControl  ott2001a.o
    0x080073f0   0x0000005c   Code   RO         4066    i.OTT2001A_WR_Reg   ott2001a.o
    0x0800744c   0x00000002   Code   RO          195    i.PendSV_Handler    stm32f10x_it.o
    0x0800744e   0x00000002   PAD
    0x08007450   0x00000018   Code   RO         1991    i.RCC_ADCCLKConfig  stm32f10x_rcc.o
    0x08007468   0x00000020   Code   RO         1992    i.RCC_AHBPeriphClockCmd  stm32f10x_rcc.o
    0x08007488   0x00000020   Code   RO         1993    i.RCC_APB1PeriphClockCmd  stm32f10x_rcc.o
    0x080074a8   0x00000020   Code   RO         1995    i.RCC_APB2PeriphClockCmd  stm32f10x_rcc.o
    0x080074c8   0x00000020   Code   RO         1996    i.RCC_APB2PeriphResetCmd  stm32f10x_rcc.o
    0x080074e8   0x000000d4   Code   RO         2003    i.RCC_GetClocksFreq  stm32f10x_rcc.o
    0x080075bc   0x00000002   Code   RO          196    i.SVC_Handler       stm32f10x_it.o
    0x080075be   0x00000008   Code   RO          253    i.SetSysClock       system_stm32f10x.o
    0x080075c6   0x00000002   PAD
    0x080075c8   0x000000e0   Code   RO          254    i.SetSysClockTo72   system_stm32f10x.o
    0x080076a8   0x00000028   Code   RO          430    i.SysTick_CLKSourceConfig  misc.o
    0x080076d0   0x00000002   Code   RO          197    i.SysTick_Handler   stm32f10x_it.o
    0x080076d2   0x00000002   PAD
    0x080076d4   0x00000060   Code   RO          256    i.SystemInit        system_stm32f10x.o
    0x08007734   0x00000074   Code   RO         4174    i.TIM2_IRQHandler   timer.o
    0x080077a8   0x00000030   Code   RO         3655    i.TIM3_IRQHandler   pwm.o
    0x080077d8   0x00000090   Code   RO         3656    i.TIM3_PWM_Init     pwm.o
    0x08007868   0x00000006   Code   RO         2622    i.TIM_ClearITPendingBit  stm32f10x_tim.o
    0x0800786e   0x00000018   Code   RO         2627    i.TIM_Cmd           stm32f10x_tim.o
    0x08007886   0x00000022   Code   RO         2648    i.TIM_GetITStatus   stm32f10x_tim.o
    0x080078a8   0x00000012   Code   RO         2652    i.TIM_ITConfig      stm32f10x_tim.o
    0x080078ba   0x00000002   PAD
    0x080078bc   0x000000a4   Code   RO         2661    i.TIM_OC2Init       stm32f10x_tim.o
    0x08007960   0x0000001a   Code   RO         2664    i.TIM_OC2PreloadConfig  stm32f10x_tim.o
    0x0800797a   0x00000004   Code   RO         2689    i.TIM_SetCompare2   stm32f10x_tim.o
    0x0800797e   0x00000002   PAD
    0x08007980   0x000000a4   Code   RO         2698    i.TIM_TimeBaseInit  stm32f10x_tim.o
    0x08007a24   0x000001a8   Code   RO         3785    i.TP_Adj_Info_Show  touch.o
    0x08007bcc   0x0000085c   Code   RO         3786    i.TP_Adjust         touch.o
    0x08008428   0x00000070   Code   RO         3788    i.TP_Drow_Touch_Point  touch.o
    0x08008498   0x00000050   Code   RO         3789    i.TP_Get_Adjdata    touch.o
    0x080084e8   0x00000168   Code   RO         3790    i.TP_Init           touch.o
    0x08008650   0x00000094   Code   RO         3791    i.TP_Read_AD        touch.o
    0x080086e4   0x00000078   Code   RO         3792    i.TP_Read_XOY       touch.o
    0x0800875c   0x00000030   Code   RO         3793    i.TP_Read_XY        touch.o
    0x0800878c   0x000000c0   Code   RO         3794    i.TP_Read_XY2       touch.o
    0x0800884c   0x0000001c   Code   RO         3795    i.TP_Save_Adjdata   touch.o
    0x08008868   0x00000110   Code   RO         3796    i.TP_Scan           touch.o
    0x08008978   0x0000004c   Code   RO         3797    i.TP_Write_Byte     touch.o
    0x080089c4   0x0000005c   Code   RO         4175    i.Timer2_Init       timer.o
    0x08008a20   0x00000088   Code   RO          368    i.USART1_IRQHandler  usart.o
    0x08008aa8   0x00000020   Code   RO         4136    i.USART2_IRQHandler  wifi.o
    0x08008ac8   0x00000018   Code   RO         3163    i.USART_Cmd         stm32f10x_usart.o
    0x08008ae0   0x0000001a   Code   RO         3166    i.USART_GetFlagStatus  stm32f10x_usart.o
    0x08008afa   0x00000054   Code   RO         3167    i.USART_GetITStatus  stm32f10x_usart.o
    0x08008b4e   0x0000004a   Code   RO         3169    i.USART_ITConfig    stm32f10x_usart.o
    0x08008b98   0x000000d8   Code   RO         3170    i.USART_Init        stm32f10x_usart.o
    0x08008c70   0x0000000a   Code   RO         3177    i.USART_ReceiveData  stm32f10x_usart.o
    0x08008c7a   0x00000008   Code   RO         3180    i.USART_SendData    stm32f10x_usart.o
    0x08008c82   0x00000004   Code   RO          198    i.UsageFault_Handler  stm32f10x_it.o
    0x08008c86   0x00000036   Code   RO         4137    i.Usart_SendString  wifi.o
    0x08008cbc   0x000000b0   Code   RO         4138    i.WIFI_init         wifi.o
    0x08008d6c   0x00000028   Code   RO         4440    i.__ARM_fpclassify  m_ws.l(fpclassify.o)
    0x08008d94   0x0000000e   Code   RO         4247    i._is_digit         c_w.l(__printf_wp.o)
    0x08008da2   0x00000006   Code   RO          369    i._sys_exit         usart.o
    0x08008da8   0x00000044   Code   RO          287    i.delay_init        delay.o
    0x08008dec   0x0000004c   Code   RO          288    i.delay_ms          delay.o
    0x08008e38   0x0000004c   Code   RO          289    i.delay_us          delay.o
    0x08008e84   0x00000088   Code   RO         3710    i.find_PT100        tem.o
    0x08008f0c   0x0000001c   Code   RO          370    i.fputc             usart.o
    0x08008f28   0x000000d0   Code   RO         3711    i.get_tem           tem.o
    0x08008ff8   0x00000024   Code   RO            3    i.gui_draw_hline    main.o
    0x0800901c   0x000000b0   Code   RO            4    i.gui_fill_circle   main.o
    0x080090cc   0x0000006c   Code   RO         3406    i.key_init          key.o
    0x08009138   0x0000069c   Code   RO            5    i.main              main.o
    0x080097d4   0x00000030   Code   RO         3683    i.pid_init          pid.o
    0x08009804   0x000000c8   Code   RO         3684    i.pid_realize       pid.o
    0x080098cc   0x0000004c   Code   RO         4335    i.sqrt              m_ws.l(sqrt.o)
    0x08009918   0x000000a0   Code   RO          371    i.uart_init         usart.o
    0x080099b8   0x0000002c   Code   RO         4436    locale$$code        c_w.l(lc_numeric_c.o)
    0x080099e4   0x00000062   Code   RO         4270    x$fpl$d2f           fz_ws.l(d2f.o)
    0x08009a46   0x00000002   PAD
    0x08009a48   0x00000150   Code   RO         4272    x$fpl$dadd          fz_ws.l(daddsub_clz.o)
    0x08009b98   0x00000018   Code   RO         4360    x$fpl$dcmpinf       fz_ws.l(dcmpi.o)
    0x08009bb0   0x000002b0   Code   RO         4279    x$fpl$ddiv          fz_ws.l(ddiv.o)
    0x08009e60   0x0000005a   Code   RO         4282    x$fpl$dfixu         fz_ws.l(dfixu.o)
    0x08009eba   0x0000002e   Code   RO         4287    x$fpl$dflt          fz_ws.l(dflt_clz.o)
    0x08009ee8   0x00000026   Code   RO         4286    x$fpl$dfltu         fz_ws.l(dflt_clz.o)
    0x08009f0e   0x00000002   PAD
    0x08009f10   0x00000078   Code   RO         4292    x$fpl$dleqf         fz_ws.l(dleqf.o)
    0x08009f88   0x00000154   Code   RO         4294    x$fpl$dmul          fz_ws.l(dmul.o)
    0x0800a0dc   0x0000009c   Code   RO         4362    x$fpl$dnaninf       fz_ws.l(dnaninf.o)
    0x0800a178   0x0000000c   Code   RO         4364    x$fpl$dretinf       fz_ws.l(dretinf.o)
    0x0800a184   0x0000006c   Code   RO         4296    x$fpl$drleqf        fz_ws.l(drleqf.o)
    0x0800a1f0   0x00000016   Code   RO         4273    x$fpl$drsb          fz_ws.l(daddsub_clz.o)
    0x0800a206   0x00000002   PAD
    0x0800a208   0x000001cc   Code   RO         4366    x$fpl$dsqrt         fz_ws.l(dsqrt_noumaal.o)
    0x0800a3d4   0x000001d4   Code   RO         4274    x$fpl$dsub          fz_ws.l(daddsub_clz.o)
    0x0800a5a8   0x00000056   Code   RO         4298    x$fpl$f2d           fz_ws.l(f2d.o)
    0x0800a5fe   0x00000002   PAD
    0x0800a600   0x000000c4   Code   RO         4300    x$fpl$fadd          fz_ws.l(faddsub_clz.o)
    0x0800a6c4   0x00000018   Code   RO         4368    x$fpl$fcmpinf       fz_ws.l(fcmpi.o)
    0x0800a6dc   0x00000184   Code   RO         4307    x$fpl$fdiv          fz_ws.l(fdiv.o)
    0x0800a860   0x00000068   Code   RO         4310    x$fpl$feqf          fz_ws.l(feqf.o)
    0x0800a8c8   0x00000036   Code   RO         4312    x$fpl$ffix          fz_ws.l(ffix.o)
    0x0800a8fe   0x00000002   PAD
    0x0800a900   0x0000003e   Code   RO         4316    x$fpl$ffixu         fz_ws.l(ffixu.o)
    0x0800a93e   0x00000002   PAD
    0x0800a940   0x00000030   Code   RO         4321    x$fpl$fflt          fz_ws.l(fflt_clz.o)
    0x0800a970   0x00000026   Code   RO         4320    x$fpl$ffltu         fz_ws.l(fflt_clz.o)
    0x0800a996   0x00000002   PAD
    0x0800a998   0x00000068   Code   RO         4326    x$fpl$fleqf         fz_ws.l(fleqf.o)
    0x0800aa00   0x00000102   Code   RO         4328    x$fpl$fmul          fz_ws.l(fmul.o)
    0x0800ab02   0x0000008c   Code   RO         4370    x$fpl$fnaninf       fz_ws.l(fnaninf.o)
    0x0800ab8e   0x0000000a   Code   RO         4372    x$fpl$fretinf       fz_ws.l(fretinf.o)
    0x0800ab98   0x00000062   Code   RO         4330    x$fpl$frleqf        fz_ws.l(frleqf.o)
    0x0800abfa   0x00000014   Code   RO         4301    x$fpl$frsb          fz_ws.l(faddsub_clz.o)
    0x0800ac0e   0x00000002   PAD
    0x0800ac10   0x000000ea   Code   RO         4302    x$fpl$fsub          fz_ws.l(faddsub_clz.o)
    0x0800acfa   0x00000004   Code   RO         4332    x$fpl$printf1       fz_ws.l(printf1.o)
    0x0800acfe   0x00000000   Code   RO         4374    x$fpl$usenofp       fz_ws.l(usenofp.o)
    0x0800acfe   0x00000002   PAD
    0x0800ad00   0x00000014   Data   RO            6    .constdata          main.o
    0x0800ad14   0x000017c0   Data   RO         3480    .constdata          lcd.o
    0x0800c4d4   0x0000057c   Data   RO         3712    .constdata          tem.o
    0x0800ca50   0x00000004   Data   RO         3798    .constdata          touch.o
    0x0800ca54   0x000000c2   Data   RO         3950    .constdata          gt9147.o
    0x0800cb16   0x0000000a   Data   RO         4067    .constdata          ott2001a.o
    0x0800cb20   0x0000000a   Data   RO         4106    .constdata          ft5206.o
    0x0800cb2a   0x00000028   Data   RO         4220    .constdata          c_w.l(_printf_hex_int.o)
    0x0800cb52   0x00000002   PAD
    0x0800cb54   0x00000094   Data   RO         4407    .constdata          c_w.l(bigflt0.o)
    0x0800cbe8   0x00000079   Data   RO         3799    .conststring        touch.o
    0x0800cc61   0x00000003   PAD
    0x0800cc64   0x00000020   Data   RO         4575    Region$$Table       anon$$obj.o
    0x0800cc84   0x0000001c   Data   RO         4435    locale$$data        c_w.l(lc_numeric_c.o)


    Execution Region ER_RW (Base: 0x20000000, Size: 0x0000008c, Max: 0xffffffff, ABSOLUTE)

    Base Addr    Size         Type   Attr      Idx    E Section Name        Object

    0x20000000   0x0000000c   Data   RW            7    .data               main.o
    0x2000000c   0x00000014   Data   RW          257    .data               system_stm32f10x.o
    0x20000020   0x00000004   Data   RW          290    .data               delay.o
    0x20000024   0x00000006   Data   RW          373    .data               usart.o
    0x2000002a   0x00000014   Data   RW         2023    .data               stm32f10x_rcc.o
    0x2000003e   0x00000001   Data   RW         3407    .data               key.o
    0x2000003f   0x00000001   PAD
    0x20000040   0x00000004   Data   RW         3481    .data               lcd.o
    0x20000044   0x00000036   Data   RW         3800    .data               touch.o
    0x2000007a   0x00000001   Data   RW         3951    .data               gt9147.o
    0x2000007b   0x00000001   Data   RW         4068    .data               ott2001a.o
    0x2000007c   0x00000001   Data   RW         4107    .data               ft5206.o
    0x2000007d   0x00000003   PAD
    0x20000080   0x0000000c   Data   RW         4176    .data               timer.o


    Execution Region ER_ZI (Base: 0x2000008c, Size: 0x0000075c, Max: 0xffffffff, ABSOLUTE)

    Base Addr    Size         Type   Attr      Idx    E Section Name        Object

    0x2000008c   0x000000c8   Zero   RW          372    .bss                usart.o
    0x20000154   0x0000000e   Zero   RW         3479    .bss                lcd.o
    0x20000162   0x00000002   PAD
    0x20000164   0x00000024   Zero   RW         3685    .bss                pid.o
    0x20000188   0x00000060   Zero   RW         4443    .bss                c_w.l(libspace.o)
    0x200001e8   0x00000200   Zero   RW          420    HEAP                startup_stm32f10x_hd.o
    0x200003e8   0x00000400   Zero   RW          419    STACK               startup_stm32f10x_hd.o


==============================================================================

Image component sizes


      Code (inc. data)   RO Data    RW Data    ZI Data      Debug   Object Name

       246          0          0          0          0       3391   24c02.o
       246         14          0          0          0       1791   adc.o
       718        128          0          0          0       4853   ctiic.o
       220         26          0          4          0     215611   delay.o
       822         36         10          1          0       3685   ft5206.o
      1114         76        194          1          0       4566   gt9147.o
       692        100          0          0          0       4286   iic.o
       228         18          0          1          0       1162   key.o
     17800        202       6080          4         14      25978   lcd.o
        76          8          0          0          0        507   led.o
      2128        324         20         12          0     263507   main.o
       172         22          0          0          0       2093   misc.o
       878         58         10          1          0       4243   ott2001a.o
       270         32          0          0         36       2308   pid.o
       192         22          0          0          0       1202   pwm.o
        64         26        304          0       1536        804   startup_stm32f10x_hd.o
       486         24          0          0          0       8710   stm32f10x_adc.o
       282          6          0          0          0       1841   stm32f10x_fsmc.o
       448          6          0          0          0       4550   stm32f10x_gpio.o
        26          0          0          0          0       3786   stm32f10x_it.o
       364         50          0         20          0       6198   stm32f10x_rcc.o
       440         52          0          0          0       5469   stm32f10x_tim.o
       442          6          0          0          0       6245   stm32f10x_usart.o
         0          0          0          0          0         32   sys.o
       328         28          0         20          0       2137   system_stm32f10x.o
       344         28       1404          0          0       2015   tem.o
       208         20          0         12          0       1455   timer.o
      4000        268        125         54          0      10497   touch.o
       330         26          0          6        200       4204   usart.o
       262         18          0          0          0       2179   wifi.o

    ----------------------------------------------------------------------
     33860       1624       8182        140       1788     599305   Object Totals
         0          0         32          0          0          0   (incl. Generated)
        34          0          3          4          2          0   (incl. Padding)

    ----------------------------------------------------------------------

      Code (inc. data)   RO Data    RW Data    ZI Data      Debug   Library Member Name

         8          0          0          0          0         68   __main.o
       284          0          0          0          0        156   __printf_wp.o
         0          0          0          0          0          0   __rtentry.o
        12          0          0          0          0          0   __rtentry2.o
         6          0          0          0          0          0   __rtentry4.o
        52          8          0          0          0          0   __scatter.o
        26          0          0          0          0          0   __scatter_copy.o
        28          0          0          0          0          0   __scatter_zi.o
        44          0          0          0          0        108   _printf_char.o
        48          6          0          0          0         96   _printf_char_common.o
        36          4          0          0          0         80   _printf_char_file.o
         6          0          0          0          0          0   _printf_d.o
       120         16          0          0          0         92   _printf_dec.o
         6          0          0          0          0          0   _printf_f.o
      1050          0          0          0          0        216   _printf_fp_dec.o
       128         16          0          0          0         84   _printf_fp_infnan.o
        88          4         40          0          0         88   _printf_hex_int.o
       178          0          0          0          0         88   _printf_intcommon.o
        78          0          0          0          0        108   _printf_pad.o
         0          0          0          0          0          0   _printf_percent.o
         4          0          0          0          0          0   _printf_percent_end.o
         6          0          0          0          0          0   _printf_s.o
        82          0          0          0          0         80   _printf_str.o
         6          0          0          0          0          0   _printf_x.o
        22          0          0          0          0        100   _rserrno.o
        10          0          0          0          0         68   _sputc.o
       220          4        148          0          0         96   bigflt0.o
      1910        128          0          0          0        672   btod.o
        18          0          0          0          0         80   exit.o
         8          0          0          0          0         68   ferror.o
         6          0          0          0          0        152   heapauxi.o
        44         10         28          0          0         76   lc_numeric_c.o
         2          0          0          0          0          0   libinit.o
        18          0          0          0          0          0   libinit2.o
         2          0          0          0          0          0   libshutdown.o
         2          0          0          0          0          0   libshutdown2.o
         8          4          0          0         96         68   libspace.o
       138          0          0          0          0         80   lludiv10.o
        24          4          0          0          0         84   noretval__2printf.o
        40          6          0          0          0         84   noretval__2sprintf.o
         8          4          0          0          0         68   rt_errno_addr_intlibspace.o
         8          4          0          0          0         68   rt_locale_intlibspace.o
       100          0          0          0          0         80   rt_memcpy_w.o
         2          0          0          0          0          0   rtexit.o
        10          0          0          0          0          0   rtexit2.o
       128          0          0          0          0         68   strcmpv7m.o
        74          0          0          0          0         80   sys_stackheap_outer.o
         2          0          0          0          0         68   use_no_semi.o
         2          0          0          0          0         68   use_no_semi_2.o
        98          4          0          0          0         92   d2f.o
       826         16          0          0          0        348   daddsub_clz.o
        24          0          0          0          0         68   dcmpi.o
       688        140          0          0          0        208   ddiv.o
        90          4          0          0          0         92   dfixu.o
        84          0          0          0          0        136   dflt_clz.o
       120          4          0          0          0         92   dleqf.o
       340         12          0          0          0        104   dmul.o
       156          4          0          0          0         92   dnaninf.o
        12          0          0          0          0         68   dretinf.o
       108          0          0          0          0         80   drleqf.o
       460         56          0          0          0        120   dsqrt_noumaal.o
        86          4          0          0          0         84   f2d.o
       450          8          0          0          0        236   faddsub_clz.o
        24          0          0          0          0         68   fcmpi.o
       388         76          0          0          0         96   fdiv.o
       104          4          0          0          0         84   feqf.o
        54          4          0          0          0         84   ffix.o
        62          4          0          0          0         84   ffixu.o
        86          0          0          0          0        136   fflt_clz.o
       104          4          0          0          0         84   fleqf.o
       258          4          0          0          0         84   fmul.o
       140          4          0          0          0         84   fnaninf.o
        10          0          0          0          0         68   fretinf.o
        98          0          0          0          0         68   frleqf.o
         4          0          0          0          0         68   printf1.o
         0          0          0          0          0          0   usenofp.o
        40          0          0          0          0         68   fpclassify.o
        76          0          0          0          0         84   sqrt.o

    ----------------------------------------------------------------------
     10124        570        218          0         96       6372   Library Totals
        32          0          2          0          0          0   (incl. Padding)

    ----------------------------------------------------------------------

      Code (inc. data)   RO Data    RW Data    ZI Data      Debug   Library Name

      5102        218        216          0         96       3392   c_w.l
      4874        352          0          0          0       2828   fz_ws.l
       116          0          0          0          0        152   m_ws.l

    ----------------------------------------------------------------------
     10124        570        218          0         96       6372   Library Totals

    ----------------------------------------------------------------------

==============================================================================


      Code (inc. data)   RO Data    RW Data    ZI Data      Debug   

     43984       2194       8400        140       1884     594285   Grand Totals
     43984       2194       8400        140       1884     594285   ELF Image Totals
     43984       2194       8400        140          0          0   ROM Totals

==============================================================================

    Total RO  Size (Code + RO Data)                52384 (  51.16kB)
    Total RW  Size (RW Data + ZI Data)              2024 (   1.98kB)
    Total ROM Size (Code + RO Data + RW Data)      52524 (  51.29kB)

==============================================================================

