<html>
<body>
<pre>
<h1>礦ision Build Log</h1>
<h2>Tool Versions:</h2>
IDE-Version: μVision V5.23.0.0
Copyright (C) 2017 ARM Ltd and ARM Germany GmbH. All rights reserved.
License Information: P1RTE4 P1RTE4, P1RTE4, LIC=2TTQD-86ZZS-TL6CD-8QVNM-0DQAK-UEKBJ
 
Tool Versions:
Toolchain:       MDK-ARM Professional  Version: 5.23
Toolchain Path:  D:\keilMDK\ARM\ARMCC\Bin
C Compiler:      Armcc.exe V5.06 update 4 (build 422)
Assembler:       Armasm.exe V5.06 update 4 (build 422)
Linker/Locator:  ArmLink.exe V5.06 update 4 (build 422)
Library Manager: ArmAr.exe V5.06 update 4 (build 422)
Hex Converter:   FromElf.exe V5.06 update 4 (build 422)
CPU DLL:         SARMCM3.DLL V5.23
Dialog DLL:      DCM.DLL V1.15.0.0
Target DLL:      STLink\ST-LINKIII-KEIL_SWO.dll V2.0.18.0
Dialog DLL:      TCM.DLL V1.27.0.0
 
<h2>Project:</h2>
D:\单片机\STM32温度控制系统\CODE\库函数2018.4.19\Template\USER\Template.uvprojx
Project File Date:  04/15/2018

<h2>Output:</h2>
*** Using Compiler 'V5.06 update 4 (build 422)', folder: 'D:\keilMDK\ARM\ARMCC\Bin'
Rebuild target 'Template'
compiling stm32f10x_it.c...
compiling system_stm32f10x.c...
compiling delay.c...
compiling main.c...
main.c(126): warning:  #177-D: variable "aaaa"  was declared but never referenced
  	char aaaa[20]="0000000000";
main.c(146): warning:  #177-D: variable "rec"  was declared but never referenced
  	u8 rec;
main.c(147): warning:  #177-D: variable "times"  was declared but never referenced
  	u16 times=0;
main.c: 3 warnings, 0 errors
assembling startup_stm32f10x_hd.s...
compiling core_cm3.c...
compiling usart.c...
compiling sys.c...
compiling misc.c...
compiling stm32f10x_adc.c...
compiling stm32f10x_bkp.c...
compiling stm32f10x_cec.c...
compiling stm32f10x_can.c...
compiling stm32f10x_crc.c...
compiling stm32f10x_dac.c...
compiling stm32f10x_dbgmcu.c...
compiling stm32f10x_dma.c...
compiling stm32f10x_exti.c...
compiling stm32f10x_flash.c...
compiling stm32f10x_gpio.c...
compiling stm32f10x_fsmc.c...
compiling stm32f10x_i2c.c...
compiling stm32f10x_iwdg.c...
compiling stm32f10x_pwr.c...
compiling stm32f10x_rcc.c...
compiling stm32f10x_rtc.c...
compiling stm32f10x_sdio.c...
compiling stm32f10x_spi.c...
compiling stm32f10x_usart.c...
compiling stm32f10x_tim.c...
compiling stm32f10x_wwdg.c...
compiling led.c...
compiling key.c...
compiling ADC.c...
compiling lcd.c...
compiling PID.c...
compiling PWM.c...
compiling tem.c...
compiling iic.c...
compiling 24c02.c...
compiling gt9147.c...
compiling Touch.c...
compiling ott2001a.c...
compiling ctiic.c...
compiling ft5206.c...
compiling wifi.c...
compiling EXTI.c...
compiling timer.c...
linking...
Program Size: Code=40280 RO-data=8224 RW-data=140 ZI-data=2084  
FromELF: creating hex file...
"..\OBJ\Template.axf" - 0 Error(s), 3 Warning(s).

<h2>Collection of Component include folders:</h2>
  .\RTE\_Template
  D:\keilMDK\ARM\PACK\Keil\STM32F1xx_DFP\1.0.5\Device\Include

<h2>Collection of Component Files used:</h2>
Build Time Elapsed:  00:00:13
</pre>
</body>
</html>
