Component: ARM Compiler 5.06 update 4 (build 422) Tool: armlink [4d35d2]

==============================================================================

Section Cross References

    main.o(i.MYGUI_LCD_Clear_left_point) refers to lcd.o(i.LCD_SetCursor) for LCD_SetCursor
    main.o(i.MYGUI_LCD_Clear_left_point) refers to lcd.o(i.LCD_WriteRAM_Prepare) for LCD_WriteRAM_Prepare
    main.o(i.MYGUI_LCD_Clear_left_point) refers to lcd.o(.bss) for lcddev
    main.o(i.MYGUI_LCD_Clear_right_point) refers to lcd.o(i.LCD_SetCursor) for LCD_SetCursor
    main.o(i.MYGUI_LCD_Clear_right_point) refers to lcd.o(i.LCD_WriteRAM_Prepare) for LCD_WriteRAM_Prepare
    main.o(i.MYGUI_LCD_Clear_right_point) refers to lcd.o(.bss) for lcddev
    main.o(i.gui_draw_hline) refers to lcd.o(i.LCD_Fill) for LCD_Fill
    main.o(i.gui_fill_circle) refers to main.o(i.gui_draw_hline) for gui_draw_hline
    main.o(i.main) refers to _printf_pad.o(.text) for _printf_pre_padding
    main.o(i.main) refers to _printf_percent.o(.ARM.Collect$$_printf_percent$$00000000) for _printf_percent
    main.o(i.main) refers to _printf_f.o(.ARM.Collect$$_printf_percent$$00000003) for _printf_f
    main.o(i.main) refers to printf1.o(x$fpl$printf1) for _printf_fp_dec
    main.o(i.main) refers to _printf_d.o(.ARM.Collect$$_printf_percent$$00000009) for _printf_d
    main.o(i.main) refers to _printf_dec.o(.text) for _printf_int_dec
    main.o(i.main) refers to rt_memcpy_w.o(.text) for __aeabi_memcpy4
    main.o(i.main) refers to delay.o(i.delay_init) for delay_init
    main.o(i.main) refers to misc.o(i.NVIC_PriorityGroupConfig) for NVIC_PriorityGroupConfig
    main.o(i.main) refers to usart.o(i.uart_init) for uart_init
    main.o(i.main) refers to led.o(i.LED_Init) for LED_Init
    main.o(i.main) refers to lcd.o(i.LCD_Init) for LCD_Init
    main.o(i.main) refers to adc.o(i.Adc_Init) for Adc_Init
    main.o(i.main) refers to key.o(i.key_init) for key_init
    main.o(i.main) refers to pid.o(i.pid_init) for pid_init
    main.o(i.main) refers to wifi.o(i.WIFI_init) for WIFI_init
    main.o(i.main) refers to 24c02.o(i.AT24CXX_Init) for AT24CXX_Init
    main.o(i.main) refers to pwm.o(i.TIM3_PWM_Init) for TIM3_PWM_Init
    main.o(i.main) refers to timer.o(i.Timer2_Init) for Timer2_Init
    main.o(i.main) refers to lcd.o(i.LCD_ShowString) for LCD_ShowString
    main.o(i.main) refers to adc.o(i.Get_Adc_Average) for Get_Adc_Average
    main.o(i.main) refers to lcd.o(i.LCD_ShowxNum) for LCD_ShowxNum
    main.o(i.main) refers to fflt_clz.o(x$fpl$ffltu) for __aeabi_ui2f
    main.o(i.main) refers to f2d.o(x$fpl$f2d) for __aeabi_f2d
    main.o(i.main) refers to dmul.o(x$fpl$dmul) for __aeabi_dmul
    main.o(i.main) refers to d2f.o(x$fpl$d2f) for __aeabi_d2f
    main.o(i.main) refers to frleqf.o(x$fpl$frleqf) for __aeabi_cfrcmple
    main.o(i.main) refers to faddsub_clz.o(x$fpl$fadd) for __aeabi_fadd
    main.o(i.main) refers to fdiv.o(x$fpl$fdiv) for __aeabi_fdiv
    main.o(i.main) refers to ffixu.o(x$fpl$ffixu) for __aeabi_f2uiz
    main.o(i.main) refers to faddsub_clz.o(x$fpl$frsb) for __aeabi_frsub
    main.o(i.main) refers to fmul.o(x$fpl$fmul) for __aeabi_fmul
    main.o(i.main) refers to ddiv.o(x$fpl$ddiv) for __aeabi_ddiv
    main.o(i.main) refers to tem.o(i.get_tem) for get_tem
    main.o(i.main) refers to noretval__2sprintf.o(.text) for __2sprintf
    main.o(i.main) refers to wifi.o(i.Usart_SendString) for Usart_SendString
    main.o(i.main) refers to fflt_clz.o(x$fpl$fflt) for __aeabi_i2f
    main.o(i.main) refers to pid.o(i.pid_realize) for pid_realize
    main.o(i.main) refers to stm32f10x_tim.o(i.TIM_SetCompare2) for TIM_SetCompare2
    main.o(i.main) refers to dflt_clz.o(x$fpl$dfltu) for __aeabi_ui2d
    main.o(i.main) refers to main.o(.constdata) for .constdata
    main.o(i.main) refers to touch.o(.data) for tp_dev
    main.o(i.main) refers to lcd.o(.data) for POINT_COLOR
    main.o(i.main) refers to main.o(.data) for ADC1_tem
    main.o(i.main) refers to lcd.o(i.LCD_Draw_Circle) for LCD_Draw_Circle
    main.o(i.main) refers to lcd.o(i.LCD_ShowChar) for LCD_ShowChar
    main.o(i.main) refers to main.o(i.gui_fill_circle) for gui_fill_circle
    main.o(i.main) refers to delay.o(i.delay_ms) for delay_ms
    main.o(i.main) refers to main.o(i.MYGUI_LCD_Clear_left_point) for MYGUI_LCD_Clear_left_point
    main.o(i.main) refers to main.o(i.MYGUI_LCD_Clear_right_point) for MYGUI_LCD_Clear_right_point
    main.o(i.main) refers to key.o(i.KEY_SCAN) for KEY_SCAN
    main.o(i.main) refers to strstr.o(.text) for strstr
    main.o(i.main) refers to strncpy.o(.text) for strncpy
    main.o(i.main) refers to atoi.o(.text) for atoi
    main.o(i.main) refers to atof.o(i.atof) for atof
    main.o(i.main) refers to strcpy.o(.text) for strcpy
    main.o(i.main) refers to main.o(.bss) for pid
    main.o(i.main) refers to wifi.o(.data) for USART2_RX_STA
    main.o(i.main) refers to wifi.o(.bss) for USART2_RX_BUF
[...]
    __rt_lib_init_preinit_1                  0x080001c3   Thumb Code     0  libinit2.o(.ARM.Collect$$libinit$$00000004)
    __rt_lib_init_rand_1                     0x080001c3   Thumb Code     0  libinit2.o(.ARM.Collect$$libinit$$0000000E)
    __rt_lib_init_user_alloc_1               0x080001c3   Thumb Code     0  libinit2.o(.ARM.Collect$$libinit$$0000000C)
    __rt_lib_init_lc_collate_1               0x080001c9   Thumb Code     0  libinit2.o(.ARM.Collect$$libinit$$00000011)
    __rt_lib_init_lc_ctype_2                 0x080001c9   Thumb Code     0  libinit2.o(.ARM.Collect$$libinit$$00000012)
    __rt_lib_init_lc_ctype_1                 0x080001d5   Thumb Code     0  libinit2.o(.ARM.Collect$$libinit$$00000013)
    __rt_lib_init_lc_monetary_1              0x080001d5   Thumb Code     0  libinit2.o(.ARM.Collect$$libinit$$00000015)
    __rt_lib_init_lc_numeric_2               0x080001d5   Thumb Code     0  libinit2.o(.ARM.Collect$$libinit$$00000016)
    __rt_lib_init_alloca_1                   0x080001df   Thumb Code     0  libinit2.o(.ARM.Collect$$libinit$$0000002E)
    __rt_lib_init_argv_1                     0x080001df   Thumb Code     0  libinit2.o(.ARM.Collect$$libinit$$0000002C)
    __rt_lib_init_atexit_1                   0x080001df   Thumb Code     0  libinit2.o(.ARM.Collect$$libinit$$0000001B)
    __rt_lib_init_clock_1                    0x080001df   Thumb Code     0  libinit2.o(.ARM.Collect$$libinit$$00000021)
    __rt_lib_init_cpp_1                      0x080001df   Thumb Code     0  libinit2.o(.ARM.Collect$$libinit$$00000032)
    __rt_lib_init_exceptions_1               0x080001df   Thumb Code     0  libinit2.o(.ARM.Collect$$libinit$$00000030)
    __rt_lib_init_fp_trap_1                  0x080001df   Thumb Code     0  libinit2.o(.ARM.Collect$$libinit$$0000001F)
    __rt_lib_init_getenv_1                   0x080001df   Thumb Code     0  libinit2.o(.ARM.Collect$$libinit$$00000023)
    __rt_lib_init_lc_numeric_1               0x080001df   Thumb Code     0  libinit2.o(.ARM.Collect$$libinit$$00000017)
    __rt_lib_init_lc_time_1                  0x080001df   Thumb Code     0  libinit2.o(.ARM.Collect$$libinit$$00000019)
    __rt_lib_init_return                     0x080001df   Thumb Code     0  libinit2.o(.ARM.Collect$$libinit$$00000033)
    __rt_lib_init_signal_1                   0x080001df   Thumb Code     0  libinit2.o(.ARM.Collect$$libinit$$0000001D)
    __rt_lib_init_stdio_1                    0x080001df   Thumb Code     0  libinit2.o(.ARM.Collect$$libinit$$00000025)
    __rt_lib_shutdown                        0x080001e1   Thumb Code     0  libshutdown.o(.ARM.Collect$$libshutdown$$00000000)
    __rt_lib_shutdown_cpp_1                  0x080001e3   Thumb Code     0  libshutdown2.o(.ARM.Collect$$libshutdown$$00000002)
    __rt_lib_shutdown_fp_trap_1              0x080001e3   Thumb Code     0  libshutdown2.o(.ARM.Collect$$libshutdown$$00000007)
    __rt_lib_shutdown_heap_1                 0x080001e3   Thumb Code     0  libshutdown2.o(.ARM.Collect$$libshutdown$$0000000F)
    __rt_lib_shutdown_return                 0x080001e3   Thumb Code     0  libshutdown2.o(.ARM.Collect$$libshutdown$$00000010)
    __rt_lib_shutdown_signal_1               0x080001e3   Thumb Code     0  libshutdown2.o(.ARM.Collect$$libshutdown$$0000000A)
    __rt_lib_shutdown_stdio_1                0x080001e3   Thumb Code     0  libshutdown2.o(.ARM.Collect$$libshutdown$$00000004)
    __rt_lib_shutdown_user_alloc_1           0x080001e3   Thumb Code     0  libshutdown2.o(.ARM.Collect$$libshutdown$$0000000C)
    __rt_entry                               0x080001e5   Thumb Code     0  __rtentry.o(.ARM.Collect$$rtentry$$00000000)
    __rt_entry_presh_1                       0x080001e5   Thumb Code     0  __rtentry2.o(.ARM.Collect$$rtentry$$00000002)
    __rt_entry_sh                            0x080001e5   Thumb Code     0  __rtentry4.o(.ARM.Collect$$rtentry$$00000004)
    __rt_entry_li                            0x080001eb   Thumb Code     0  __rtentry2.o(.ARM.Collect$$rtentry$$0000000A)
    __rt_entry_postsh_1                      0x080001eb   Thumb Code     0  __rtentry2.o(.ARM.Collect$$rtentry$$00000009)
    __rt_entry_main                          0x080001ef   Thumb Code     0  __rtentry2.o(.ARM.Collect$$rtentry$$0000000D)
    __rt_entry_postli_1                      0x080001ef   Thumb Code     0  __rtentry2.o(.ARM.Collect$$rtentry$$0000000C)
    __rt_exit                                0x080001f7   Thumb Code     0  rtexit.o(.ARM.Collect$$rtexit$$00000000)
    __rt_exit_ls                             0x080001f9   Thumb Code     0  rtexit2.o(.ARM.Collect$$rtexit$$00000003)
    __rt_exit_prels_1                        0x080001f9   Thumb Code     0  rtexit2.o(.ARM.Collect$$rtexit$$00000002)
    __rt_exit_exit                           0x080001fd   Thumb Code     0  rtexit2.o(.ARM.Collect$$rtexit$$00000004)
    Reset_Handler                            0x08000205   Thumb Code     8  startup_stm32f10x_hd.o(.text)
    ADC1_2_IRQHandler                        0x0800021f   Thumb Code     0  startup_stm32f10x_hd.o(.text)
    ADC3_IRQHandler                          0x0800021f   Thumb Code     0  startup_stm32f10x_hd.o(.text)
    CAN1_RX1_IRQHandler                      0x0800021f   Thumb Code     0  startup_stm32f10x_hd.o(.text)
    CAN1_SCE_IRQHandler                      0x0800021f   Thumb Code     0  startup_stm32f10x_hd.o(.text)
    DMA1_Channel1_IRQHandler                 0x0800021f   Thumb Code     0  startup_stm32f10x_hd.o(.text)
    DMA1_Channel2_IRQHandler                 0x0800021f   Thumb Code     0  startup_stm32f10x_hd.o(.text)
    DMA1_Channel3_IRQHandler                 0x0800021f   Thumb Code     0  startup_stm32f10x_hd.o(.text)
    DMA1_Channel4_IRQHandler                 0x0800021f   Thumb Code     0  startup_stm32f10x_hd.o(.text)
    DMA1_Channel5_IRQHandler                 0x0800021f   Thumb Code     0  startup_stm32f10x_hd.o(.text)
    DMA1_Channel6_IRQHandler                 0x0800021f   Thumb Code     0  startup_stm32f10x_hd.o(.text)
    DMA1_Channel7_IRQHandler                 0x0800021f   Thumb Code     0  startup_stm32f10x_hd.o(.text)
    DMA2_Channel1_IRQHandler                 0x0800021f   Thumb Code     0  startup_stm32f10x_hd.o(.text)
    DMA2_Channel2_IRQHandler                 0x0800021f   Thumb Code     0  startup_stm32f10x_hd.o(.text)
    DMA2_Channel3_IRQHandler                 0x0800021f   Thumb Code     0  startup_stm32f10x_hd.o(.text)
    DMA2_Channel4_5_IRQHandler               0x0800021f   Thumb Code     0  startup_stm32f10x_hd.o(.text)
    EXTI0_IRQHandler                         0x0800021f   Thumb Code     0  startup_stm32f10x_hd.o(.text)
    EXTI15_10_IRQHandler                     0x0800021f   Thumb Code     0  startup_stm32f10x_hd.o(.text)
    EXTI1_IRQHandler                         0x0800021f   Thumb Code     0  startup_stm32f10x_hd.o(.text)
    EXTI2_IRQHandler                         0x0800021f   Thumb Code     0  startup_stm32f10x_hd.o(.text)
    EXTI3_IRQHandler                         0x0800021f   Thumb Code     0  startup_stm32f10x_hd.o(.text)
    EXTI4_IRQHandler                         0x0800021f   Thumb Code     0  startup_stm32f10x_hd.o(.text)
    EXTI9_5_IRQHandler                       0x0800021f   Thumb Code     0  startup_stm32f10x_hd.o(.text)
    FLASH_IRQHandler                         0x0800021f   Thumb Code     0  startup_stm32f10x_hd.o(.text)
    FSMC_IRQHandler                          0x0800021f   Thumb Code     0  startup_stm32f10x_hd.o(.text)
    I2C1_ER_IRQHandler                       0x0800021f   Thumb Code     0  startup_stm32f10x_hd.o(.text)
    I2C1_EV_IRQHandler                       0x0800021f   Thumb Code     0  startup_stm32f10x_hd.o(.text)
    I2C2_ER_IRQHandler                       0x0800021f   Thumb Code     0  startup_stm32f10x_hd.o(.text)
    I2C2_EV_IRQHandler                       0x0800021f   Thumb Code     0  startup_stm32f10x_hd.o(.text)
    PVD_IRQHandler                           0x0800021f   Thumb Code     0  startup_stm32f10x_hd.o(.text)
    RCC_IRQHandler                           0x0800021f   Thumb Code     0  startup_stm32f10x_hd.o(.text)
    RTCAlarm_IRQHandler                      0x0800021f   Thumb Code     0  startup_stm32f10x_hd.o(.text)
    RTC_IRQHandler                           0x0800021f   Thumb Code     0  startup_stm32f10x_hd.o(.text)
    SDIO_IRQHandler                          0x0800021f   Thumb Code     0  startup_stm32f10x_hd.o(.text)
    SPI1_IRQHandler                          0x0800021f   Thumb Code     0  startup_stm32f10x_hd.o(.text)
    SPI2_IRQHandler                          0x0800021f   Thumb Code     0  startup_stm32f10x_hd.o(.text)
    SPI3_IRQHandler                          0x0800021f   Thumb Code     0  startup_stm32f10x_hd.o(.text)
    TAMPER_IRQHandler                        0x0800021f   Thumb Code     0  startup_stm32f10x_hd.o(.text)
    TIM1_BRK_IRQHandler                      0x0800021f   Thumb Code     0  startup_stm32f10x_hd.o(.text)
    TIM1_CC_IRQHandler                       0x0800021f   Thumb Code     0  startup_stm32f10x_hd.o(.text)
    TIM1_TRG_COM_IRQHandler                  0x0800021f   Thumb Code     0  startup_stm32f10x_hd.o(.text)
    TIM1_UP_IRQHandler                       0x0800021f   Thumb Code     0  startup_stm32f10x_hd.o(.text)
    TIM4_IRQHandler                          0x0800021f   Thumb Code     0  startup_stm32f10x_hd.o(.text)
    TIM5_IRQHandler                          0x0800021f   Thumb Code     0  startup_stm32f10x_hd.o(.text)
    TIM6_IRQHandler                          0x0800021f   Thumb Code     0  startup_stm32f10x_hd.o(.text)
    TIM7_IRQHandler                          0x0800021f   Thumb Code     0  startup_stm32f10x_hd.o(.text)
    TIM8_BRK_IRQHandler                      0x0800021f   Thumb Code     0  startup_stm32f10x_hd.o(.text)
    TIM8_CC_IRQHandler                       0x0800021f   Thumb Code     0  startup_stm32f10x_hd.o(.text)
    TIM8_TRG_COM_IRQHandler                  0x0800021f   Thumb Code     0  startup_stm32f10x_hd.o(.text)
    TIM8_UP_IRQHandler                       0x0800021f   Thumb Code     0  startup_stm32f10x_hd.o(.text)
    UART4_IRQHandler                         0x0800021f   Thumb Code     0  startup_stm32f10x_hd.o(.text)
    UART5_IRQHandler                         0x0800021f   Thumb Code     0  startup_stm32f10x_hd.o(.text)
    USART3_IRQHandler                        0x0800021f   Thumb Code     0  startup_stm32f10x_hd.o(.text)
    USBWakeUp_IRQHandler                     0x0800021f   Thumb Code     0  startup_stm32f10x_hd.o(.text)
    USB_HP_CAN1_TX_IRQHandler                0x0800021f   Thumb Code     0  startup_stm32f10x_hd.o(.text)
    USB_LP_CAN1_RX0_IRQHandler               0x0800021f   Thumb Code     0  startup_stm32f10x_hd.o(.text)
    WWDG_IRQHandler                          0x0800021f   Thumb Code     0  startup_stm32f10x_hd.o(.text)
    __user_initial_stackheap                 0x08000221   Thumb Code     0  startup_stm32f10x_hd.o(.text)
    __use_no_semihosting                     0x08000245   Thumb Code     2  use_no_semi_2.o(.text)
    __2printf                                0x08000249   Thumb Code    20  noretval__2printf.o(.text)
    __2sprintf                               0x08000261   Thumb Code    34  noretval__2sprintf.o(.text)
    _printf_pre_padding                      0x08000289   Thumb Code    44  _printf_pad.o(.text)
    _printf_post_padding                     0x080002b5   Thumb Code    34  _printf_pad.o(.text)
    _printf_str                              0x080002d7   Thumb Code    82  _printf_str.o(.text)
    _printf_int_dec                          0x08000329   Thumb Code   104  _printf_dec.o(.text)
    _printf_int_hex                          0x080003a1   Thumb Code    84  _printf_hex_int.o(.text)
    _printf_longlong_hex                     0x080003a1   Thumb Code     0  _printf_hex_int.o(.text)
    __printf                                 0x080003f9   Thumb Code   270  __printf_wp.o(.text)
    atoi                                     0x08000507   Thumb Code    26  atoi.o(.text)
    strstr                                   0x08000521   Thumb Code    36  strstr.o(.text)
    strcpy                                   0x08000545   Thumb Code    72  strcpy.o(.text)
    __aeabi_memcpy4                          0x0800058d   Thumb Code     0  rt_memcpy_w.o(.text)
    __aeabi_memcpy8                          0x0800058d   Thumb Code     0  rt_memcpy_w.o(.text)
    __rt_memcpy_w                            0x0800058d   Thumb Code   100  rt_memcpy_w.o(.text)
    _memcpy_lastbytes_aligned                0x080005d5   Thumb Code     0  rt_memcpy_w.o(.text)
    strncpy                                  0x080005f1   Thumb Code    86  strncpy.o(.text)
    strcmp                                   0x08000649   Thumb Code   128  strcmpv7m.o(.text)
    __use_two_region_memory                  0x080006c9   Thumb Code     2  heapauxi.o(.text)
    __rt_heap_escrow$2region                 0x080006cb   Thumb Code     2  heapauxi.o(.text)
    __rt_heap_expand$2region                 0x080006cd   Thumb Code     2  heapauxi.o(.text)
    __I$use$semihosting                      0x080006cf   Thumb Code     0  use_no_semi.o(.text)
    __use_no_semihosting_swi                 0x080006cf   Thumb Code     2  use_no_semi.o(.text)
    __aeabi_errno_addr                       0x080006d1   Thumb Code     8  rt_errno_addr_intlibspace.o(.text)
    __errno$intlibspace                      0x080006d1   Thumb Code     0  rt_errno_addr_intlibspace.o(.text)
    __rt_errno_addr$intlibspace              0x080006d1   Thumb Code     0  rt_errno_addr_intlibspace.o(.text)
    __read_errno                             0x080006d9   Thumb Code    10  _rserrno.o(.text)
    __set_errno                              0x080006e3   Thumb Code    12  _rserrno.o(.text)
    _printf_int_common                       0x080006ef   Thumb Code   178  _printf_intcommon.o(.text)
    __lib_sel_fp_printf                      0x080007a1   Thumb Code     2  _printf_fp_dec.o(.text)
    _printf_fp_dec_real                      0x0800094f   Thumb Code   620  _printf_fp_dec.o(.text)
    _printf_char_common                      0x08000bc7   Thumb Code    32  _printf_char_common.o(.text)
    _sputc                                   0x08000bed   Thumb Code    10  _sputc.o(.text)
    _printf_cs_common                        0x08000bf7   Thumb Code    20  _printf_char.o(.text)
    _printf_char                             0x08000c0b   Thumb Code    16  _printf_char.o(.text)
    _printf_string                           0x08000c1b   Thumb Code     8  _printf_char.o(.text)
    _printf_char_file                        0x08000c25   Thumb Code    32  _printf_char_file.o(.text)
    __strtod_int                             0x08000c85   Thumb Code    90  strtod.o(.text)
    strtol                                   0x08000ced   Thumb Code   112  strtol.o(.text)
    __aeabi_memclr                           0x08000d5d   Thumb Code     0  rt_memclr.o(.text)
    __rt_memclr                              0x08000d5d   Thumb Code    68  rt_memclr.o(.text)
    _memset                                  0x08000d61   Thumb Code     0  rt_memclr.o(.text)
    __user_libspace                          0x08000da1   Thumb Code     8  libspace.o(.text)
    __user_perproc_libspace                  0x08000da1   Thumb Code     0  libspace.o(.text)
    __user_perthread_libspace                0x08000da1   Thumb Code     0  libspace.o(.text)
    __rt_ctype_table                         0x08000da9   Thumb Code    16  rt_ctype_table.o(.text)
    __rt_locale                              0x08000db9   Thumb Code     8  rt_locale_intlibspace.o(.text)
    _ll_udiv10                               0x08000dc1   Thumb Code   138  lludiv10.o(.text)
    isspace                                  0x08000e4b   Thumb Code    18  isspace.o(.text)
    _printf_fp_infnan                        0x08000e5d   Thumb Code   112  _printf_fp_infnan.o(.text)
    _sgetc                                   0x08000edd   Thumb Code    30  _sgetc.o(.text)
    _sbackspace                              0x08000efb   Thumb Code    34  _sgetc.o(.text)
    _strtoul                                 0x08000f1d   Thumb Code   158  _strtoul.o(.text)
    _btod_etento                             0x08000fbd   Thumb Code   216  bigflt0.o(.text)
    ferror                                   0x08001099   Thumb Code     8  ferror.o(.text)
    __aeabi_memclr4                          0x080010a1   Thumb Code     0  rt_memclr_w.o(.text)
    __aeabi_memclr8                          0x080010a1   Thumb Code     0  rt_memclr_w.o(.text)
    __rt_memclr_w                            0x080010a1   Thumb Code    78  rt_memclr_w.o(.text)
    _memset_w                                0x080010a5   Thumb Code     0  rt_memclr_w.o(.text)
    __user_setup_stackheap                   0x080010ef   Thumb Code    74  sys_stackheap_outer.o(.text)
    _chval                                   0x08001139   Thumb Code    28  _chval.o(.text)
    _scanf_really_real                       0x08001351   Thumb Code   668  scanf_fp.o(.text)
    exit                                     0x080015f9   Thumb Code    18  exit.o(.text)
    _scanf_really_hex_real                   0x0800160d   Thumb Code   786  scanf_hexfp.o(.text)
    _scanf_really_infnan                     0x0800192d   Thumb Code   292  scanf_infnan.o(.text)
    __aeabi_llsl                             0x08001a61   Thumb Code     0  llshl.o(.text)
    _ll_shift_l                              0x08001a61   Thumb Code    38  llshl.o(.text)
    _btod_d2e                                0x08001a87   Thumb Code    62  btod.o(CL$$btod_d2e)
    _d2e_denorm_low                          0x08001ac5   Thumb Code    70  btod.o(CL$$btod_d2e_denorm_low)
    _d2e_norm_op1                            0x08001b0b   Thumb Code    96  btod.o(CL$$btod_d2e_norm_op1)
    __btod_div_common                        0x08001b6b   Thumb Code   696  btod.o(CL$$btod_div_common)
    _e2d                                     0x08001ea5   Thumb Code    80  btod.o(CL$$btod_e2d)
    _e2e                                     0x08001ef9   Thumb Code   198  btod.o(CL$$btod_e2e)
    _btod_ediv                               0x08001fbf   Thumb Code    40  btod.o(CL$$btod_ediv)
    _btod_edivd                              0x08001fe7   Thumb Code    40  btod.o(CL$$btod_edivd)
    _btod_emul                               0x0800200f   Thumb Code    40  btod.o(CL$$btod_emul)
    _btod_emuld                              0x08002037   Thumb Code    40  btod.o(CL$$btod_emuld)
    __btod_mult_common                       0x0800205f   Thumb Code   580  btod.o(CL$$btod_mult_common)
    ADC_Cmd                                  0x080022a3   Thumb Code    22  stm32f10x_adc.o(i.ADC_Cmd)
    ADC_DeInit                               0x080022b9   Thumb Code    78  stm32f10x_adc.o(i.ADC_DeInit)
    ADC_GetCalibrationStatus                 0x08002315   Thumb Code    20  stm32f10x_adc.o(i.ADC_GetCalibrationStatus)
    ADC_GetConversionValue                   0x08002329   Thumb Code     8  stm32f10x_adc.o(i.ADC_GetConversionValue)
    ADC_GetFlagStatus                        0x08002331   Thumb Code    18  stm32f10x_adc.o(i.ADC_GetFlagStatus)
    ADC_GetResetCalibrationStatus            0x08002343   Thumb Code    20  stm32f10x_adc.o(i.ADC_GetResetCalibrationStatus)
    ADC_Init                                 0x08002359   Thumb Code    70  stm32f10x_adc.o(i.ADC_Init)
    ADC_RegularChannelConfig                 0x080023a9   Thumb Code   184  stm32f10x_adc.o(i.ADC_RegularChannelConfig)
    ADC_ResetCalibration                     0x08002461   Thumb Code    10  stm32f10x_adc.o(i.ADC_ResetCalibration)
    ADC_SoftwareStartConvCmd                 0x0800246b   Thumb Code    22  stm32f10x_adc.o(i.ADC_SoftwareStartConvCmd)
    ADC_StartCalibration                     0x08002481   Thumb Code    10  stm32f10x_adc.o(i.ADC_StartCalibration)
    AT24CXX_Init                             0x0800248b   Thumb Code     8  24c02.o(i.AT24CXX_Init)
    AT24CXX_Read                             0x08002493   Thumb Code    34  24c02.o(i.AT24CXX_Read)
    AT24CXX_ReadOneByte                      0x080024b5   Thumb Code    88  24c02.o(i.AT24CXX_ReadOneByte)
    AT24CXX_Write                            0x0800250d   Thumb Code    36  24c02.o(i.AT24CXX_Write)
    AT24CXX_WriteOneByte                     0x08002531   Thumb Code    80  24c02.o(i.AT24CXX_WriteOneByte)
    Abs                                      0x08002581   Thumb Code    22  pid.o(i.Abs)
    Adc_Init                                 0x08002599   Thumb Code   140  adc.o(i.Adc_Init)
    BusFault_Handler                         0x0800262d   Thumb Code     4  stm32f10x_it.o(i.BusFault_Handler)
    CT_Delay                                 0x08002631   Thumb Code    10  ctiic.o(i.CT_Delay)
    CT_IIC_Ack                               0x0800263d   Thumb Code    66  ctiic.o(i.CT_IIC_Ack)
    CT_IIC_Init                              0x08002691   Thumb Code    72  ctiic.o(i.CT_IIC_Init)
    CT_IIC_NAck                              0x080026e1   Thumb Code    66  ctiic.o(i.CT_IIC_NAck)
    CT_IIC_Read_Byte                         0x08002735   Thumb Code    94  ctiic.o(i.CT_IIC_Read_Byte)
    CT_IIC_Send_Byte                         0x080027a5   Thumb Code    82  ctiic.o(i.CT_IIC_Send_Byte)
    CT_IIC_Start                             0x08002809   Thumb Code    62  ctiic.o(i.CT_IIC_Start)
    CT_IIC_Stop                              0x08002855   Thumb Code    56  ctiic.o(i.CT_IIC_Stop)
    CT_IIC_Wait_Ack                          0x0800289d   Thumb Code    82  ctiic.o(i.CT_IIC_Wait_Ack)
    DebugMon_Handler                         0x08002901   Thumb Code     2  stm32f10x_it.o(i.DebugMon_Handler)
    FSMC_NORSRAMCmd                          0x08002905   Thumb Code    46  stm32f10x_fsmc.o(i.FSMC_NORSRAMCmd)
    FSMC_NORSRAMInit                         0x08002939   Thumb Code   230  stm32f10x_fsmc.o(i.FSMC_NORSRAMInit)
    FT5206_Init                              0x08002a21   Thumb Code   216  ft5206.o(i.FT5206_Init)
    FT5206_RD_Reg                            0x08002b11   Thumb Code    88  ft5206.o(i.FT5206_RD_Reg)
    FT5206_Scan                              0x08002b69   Thumb Code   400  ft5206.o(i.FT5206_Scan)
    FT5206_WR_Reg                            0x08002d05   Thumb Code    82  ft5206.o(i.FT5206_WR_Reg)
    GPIO_Init                                0x08002d57   Thumb Code   278  stm32f10x_gpio.o(i.GPIO_Init)
    GPIO_PinRemapConfig                      0x08002e6d   Thumb Code   138  stm32f10x_gpio.o(i.GPIO_PinRemapConfig)
    GPIO_ReadInputDataBit                    0x08002efd   Thumb Code    18  stm32f10x_gpio.o(i.GPIO_ReadInputDataBit)
    GPIO_ResetBits                           0x08002f0f   Thumb Code     4  stm32f10x_gpio.o(i.GPIO_ResetBits)
    GPIO_SetBits                             0x08002f13   Thumb Code     4  stm32f10x_gpio.o(i.GPIO_SetBits)
    GT9147_Init                              0x08002f19   Thumb Code   268  gt9147.o(i.GT9147_Init)
    GT9147_RD_Reg                            0x08003059   Thumb Code    98  gt9147.o(i.GT9147_RD_Reg)
    GT9147_Scan                              0x080030bd   Thumb Code   494  gt9147.o(i.GT9147_Scan)
    GT9147_Send_Cfg                          0x080032bd   Thumb Code    86  gt9147.o(i.GT9147_Send_Cfg)
    GT9147_WR_Reg                            0x08003319   Thumb Code    92  gt9147.o(i.GT9147_WR_Reg)
    Get_Adc                                  0x08003375   Thumb Code    46  adc.o(i.Get_Adc)
    Get_Adc_Average                          0x080033a9   Thumb Code    46  adc.o(i.Get_Adc_Average)
    HardFault_Handler                        0x080033d7   Thumb Code     4  stm32f10x_it.o(i.HardFault_Handler)
    IIC_Ack                                  0x080033dd   Thumb Code    66  iic.o(i.IIC_Ack)
    IIC_Init                                 0x0800342d   Thumb Code    46  iic.o(i.IIC_Init)
    IIC_NAck                                 0x08003461   Thumb Code    66  iic.o(i.IIC_NAck)
    IIC_Read_Byte                            0x080034b1   Thumb Code    98  iic.o(i.IIC_Read_Byte)
    IIC_Send_Byte                            0x08003521   Thumb Code   104  iic.o(i.IIC_Send_Byte)
    IIC_Start                                0x08003595   Thumb Code    64  iic.o(i.IIC_Start)
    IIC_Stop                                 0x080035e1   Thumb Code    62  iic.o(i.IIC_Stop)
    IIC_Wait_Ack                             0x0800362d   Thumb Code    86  iic.o(i.IIC_Wait_Ack)
    KEY_SCAN                                 0x08003691   Thumb Code   110  key.o(i.KEY_SCAN)
    LCD_Clear                                0x08003709   Thumb Code   100  lcd.o(i.LCD_Clear)
    LCD_Display_Dir                          0x08003775   Thumb Code   444  lcd.o(i.LCD_Display_Dir)
    LCD_DrawLine                             0x08003935   Thumb Code   176  lcd.o(i.LCD_DrawLine)
    LCD_DrawPoint                            0x080039e5   Thumb Code    28  lcd.o(i.LCD_DrawPoint)
    LCD_Draw_Circle                          0x08003a09   Thumb Code   152  lcd.o(i.LCD_Draw_Circle)
    LCD_Fast_DrawPoint                       0x08003aa1   Thumb Code   370  lcd.o(i.LCD_Fast_DrawPoint)
    LCD_Fill                                 0x08003c1d   Thumb Code   178  lcd.o(i.LCD_Fill)
    LCD_Init                                 0x08003cd9   Thumb Code 14186  lcd.o(i.LCD_Init)
    LCD_Pow                                  0x0800744d   Thumb Code    22  lcd.o(i.LCD_Pow)
    LCD_RD_DATA                              0x08007465   Thumb Code    14  lcd.o(i.LCD_RD_DATA)
    LCD_ReadReg                              0x08007479   Thumb Code    22  lcd.o(i.LCD_ReadReg)
    LCD_SSD_BackLightSet                     0x08007491   Thumb Code    80  lcd.o(i.LCD_SSD_BackLightSet)
    LCD_Scan_Dir                             0x080074e5   Thumb Code   744  lcd.o(i.LCD_Scan_Dir)
    LCD_SetCursor                            0x080077d1   Thumb Code   418  lcd.o(i.LCD_SetCursor)
    LCD_ShowChar                             0x08007979   Thumb Code   272  lcd.o(i.LCD_ShowChar)
    LCD_ShowNum                              0x08007aa1   Thumb Code   148  lcd.o(i.LCD_ShowNum)
    LCD_ShowString                           0x08007b35   Thumb Code   102  lcd.o(i.LCD_ShowString)
    LCD_ShowxNum                             0x08007b9b   Thumb Code   190  lcd.o(i.LCD_ShowxNum)
    LCD_WR_DATA                              0x08007c59   Thumb Code     6  lcd.o(i.LCD_WR_DATA)
    LCD_WR_REG                               0x08007c65   Thumb Code     6  lcd.o(i.LCD_WR_REG)
    LCD_WriteRAM_Prepare                     0x08007c71   Thumb Code    10  lcd.o(i.LCD_WriteRAM_Prepare)
    LCD_WriteReg                             0x08007c85   Thumb Code    10  lcd.o(i.LCD_WriteReg)
    LED_Init                                 0x08007c95   Thumb Code    68  led.o(i.LED_Init)
    MYGUI_LCD_Clear_left_point               0x08007ce1   Thumb Code   102  main.o(i.MYGUI_LCD_Clear_left_point)
    MYGUI_LCD_Clear_right_point              0x08007d51   Thumb Code   104  main.o(i.MYGUI_LCD_Clear_right_point)
    MemManage_Handler                        0x08007dc1   Thumb Code     4  stm32f10x_it.o(i.MemManage_Handler)
    NMI_Handler                              0x08007dc5   Thumb Code     2  stm32f10x_it.o(i.NMI_Handler)
    NVIC_Init                                0x08007dc9   Thumb Code   100  misc.o(i.NVIC_Init)
    NVIC_PriorityGroupConfig                 0x08007e39   Thumb Code    10  misc.o(i.NVIC_PriorityGroupConfig)
    OTT2001A_Init                            0x08007e4d   Thumb Code   156  ott2001a.o(i.OTT2001A_Init)
    OTT2001A_RD_Reg                          0x08007f01   Thumb Code    98  ott2001a.o(i.OTT2001A_RD_Reg)
    OTT2001A_Scan                            0x08007f65   Thumb Code   446  ott2001a.o(i.OTT2001A_Scan)
    OTT2001A_SensorControl                   0x08008145   Thumb Code    28  ott2001a.o(i.OTT2001A_SensorControl)
    OTT2001A_WR_Reg                          0x08008161   Thumb Code    92  ott2001a.o(i.OTT2001A_WR_Reg)
    PendSV_Handler                           0x080081bd   Thumb Code     2  stm32f10x_it.o(i.PendSV_Handler)
    RCC_ADCCLKConfig                         0x080081c1   Thumb Code    18  stm32f10x_rcc.o(i.RCC_ADCCLKConfig)
    RCC_AHBPeriphClockCmd                    0x080081d9   Thumb Code    26  stm32f10x_rcc.o(i.RCC_AHBPeriphClockCmd)
    RCC_APB1PeriphClockCmd                   0x080081f9   Thumb Code    26  stm32f10x_rcc.o(i.RCC_APB1PeriphClockCmd)
    RCC_APB2PeriphClockCmd                   0x08008219   Thumb Code    26  stm32f10x_rcc.o(i.RCC_APB2PeriphClockCmd)
    RCC_APB2PeriphResetCmd                   0x08008239   Thumb Code    26  stm32f10x_rcc.o(i.RCC_APB2PeriphResetCmd)
    RCC_GetClocksFreq                        0x08008259   Thumb Code   192  stm32f10x_rcc.o(i.RCC_GetClocksFreq)
    SVC_Handler                              0x0800832d   Thumb Code     2  stm32f10x_it.o(i.SVC_Handler)
    SysTick_CLKSourceConfig                  0x08008419   Thumb Code    40  misc.o(i.SysTick_CLKSourceConfig)
    SysTick_Handler                          0x08008441   Thumb Code     2  stm32f10x_it.o(i.SysTick_Handler)
    SystemInit                               0x08008445   Thumb Code    78  system_stm32f10x.o(i.SystemInit)
    TIM2_IRQHandler                          0x080084a5   Thumb Code    96  timer.o(i.TIM2_IRQHandler)
    TIM3_IRQHandler                          0x08008519   Thumb Code    40  pwm.o(i.TIM3_IRQHandler)
    TIM3_PWM_Init                            0x08008549   Thumb Code   130  pwm.o(i.TIM3_PWM_Init)
    TIM_ClearITPendingBit                    0x080085d9   Thumb Code     6  stm32f10x_tim.o(i.TIM_ClearITPendingBit)
    TIM_Cmd                                  0x080085df   Thumb Code    24  stm32f10x_tim.o(i.TIM_Cmd)
    TIM_GetITStatus                          0x080085f7   Thumb Code    34  stm32f10x_tim.o(i.TIM_GetITStatus)
    TIM_ITConfig                             0x08008619   Thumb Code    18  stm32f10x_tim.o(i.TIM_ITConfig)
    TIM_OC2Init                              0x0800862d   Thumb Code   154  stm32f10x_tim.o(i.TIM_OC2Init)
    TIM_OC2PreloadConfig                     0x080086d1   Thumb Code    26  stm32f10x_tim.o(i.TIM_OC2PreloadConfig)
    TIM_SetCompare2                          0x080086eb   Thumb Code     4  stm32f10x_tim.o(i.TIM_SetCompare2)
    TIM_TimeBaseInit                         0x080086f1   Thumb Code   122  stm32f10x_tim.o(i.TIM_TimeBaseInit)
    TP_Adj_Info_Show                         0x08008795   Thumb Code   374  touch.o(i.TP_Adj_Info_Show)
    TP_Adjust                                0x0800893d   Thumb Code  2058  touch.o(i.TP_Adjust)
    TP_Drow_Touch_Point                      0x08009199   Thumb Code   108  touch.o(i.TP_Drow_Touch_Point)
    TP_Get_Adjdata                           0x08009209   Thumb Code    68  touch.o(i.TP_Get_Adjdata)
    TP_Init                                  0x08009259   Thumb Code   330  touch.o(i.TP_Init)
    TP_Read_AD                               0x080093c1   Thumb Code   132  touch.o(i.TP_Read_AD)
    TP_Read_XOY                              0x08009455   Thumb Code   120  touch.o(i.TP_Read_XOY)
    TP_Read_XY                               0x080094cd   Thumb Code    38  touch.o(i.TP_Read_XY)
    TP_Read_XY2                              0x080094fd   Thumb Code   192  touch.o(i.TP_Read_XY2)
    TP_Save_Adjdata                          0x080095bd   Thumb Code    22  touch.o(i.TP_Save_Adjdata)
    TP_Scan                                  0x080095d9   Thumb Code   262  touch.o(i.TP_Scan)
    TP_Write_Byte                            0x080096e9   Thumb Code    64  touch.o(i.TP_Write_Byte)
    Timer2_Init                              0x08009735   Thumb Code    92  timer.o(i.Timer2_Init)
    USART1_IRQHandler                        0x08009791   Thumb Code   122  usart.o(i.USART1_IRQHandler)
    USART2_IRQHandler                        0x08009819   Thumb Code   126  wifi.o(i.USART2_IRQHandler)
    USART_Cmd                                0x080098a5   Thumb Code    24  stm32f10x_usart.o(i.USART_Cmd)
    USART_GetFlagStatus                      0x080098bd   Thumb Code    26  stm32f10x_usart.o(i.USART_GetFlagStatus)
    USART_GetITStatus                        0x080098d7   Thumb Code    84  stm32f10x_usart.o(i.USART_GetITStatus)
    USART_ITConfig                           0x0800992b   Thumb Code    74  stm32f10x_usart.o(i.USART_ITConfig)
    USART_Init                               0x08009975   Thumb Code   210  stm32f10x_usart.o(i.USART_Init)
    USART_ReceiveData                        0x08009a4d   Thumb Code    10  stm32f10x_usart.o(i.USART_ReceiveData)
    USART_SendData                           0x08009a57   Thumb Code     8  stm32f10x_usart.o(i.USART_SendData)
    UsageFault_Handler                       0x08009a5f   Thumb Code     4  stm32f10x_it.o(i.UsageFault_Handler)
    Usart_SendString                         0x08009a63   Thumb Code    54  wifi.o(i.Usart_SendString)
    WIFI_init                                0x08009a99   Thumb Code   168  wifi.o(i.WIFI_init)
    __ARM_fpclassify                         0x08009b49   Thumb Code    40  fpclassify.o(i.__ARM_fpclassify)
    __mathlib_dbl_overflow                   0x08009b71   Thumb Code    14  dunder.o(i.__mathlib_dbl_overflow)
    __mathlib_dbl_underflow                  0x08009b81   Thumb Code    10  dunder.o(i.__mathlib_dbl_underflow)
    __mathlib_narrow                         0x08009b91   Thumb Code    16  narrow.o(i.__mathlib_narrow)
    __mathlib_tofloat                        0x08009ba1   Thumb Code   132  narrow.o(i.__mathlib_tofloat)
    __support_ldexp                          0x08009c29   Thumb Code    22  ldexp.o(i.__support_ldexp)
    _is_digit                                0x08009c3f   Thumb Code    14  __printf_wp.o(i._is_digit)
    _sys_exit                                0x08009c4d   Thumb Code     6  usart.o(i._sys_exit)
    atof                                     0x08009c53   Thumb Code    42  atof.o(i.atof)
    delay_init                               0x08009c7d   Thumb Code    50  delay.o(i.delay_init)
    delay_ms                                 0x08009cc1   Thumb Code    72  delay.o(i.delay_ms)
    delay_us                                 0x08009d0d   Thumb Code    72  delay.o(i.delay_us)
    find_PT100                               0x08009d59   Thumb Code   116  tem.o(i.find_PT100)
    fputc                                    0x08009de1   Thumb Code    24  usart.o(i.fputc)
    frexp                                    0x08009dfd   Thumb Code    80  frexp.o(i.frexp)
    get_tem                                  0x08009e55   Thumb Code   200  tem.o(i.get_tem)
    gui_draw_hline                           0x08009f25   Thumb Code    36  main.o(i.gui_draw_hline)
    gui_fill_circle                          0x08009f49   Thumb Code   176  main.o(i.gui_fill_circle)
    key_init                                 0x08009ff9   Thumb Code   100  key.o(i.key_init)
    ldexp                                    0x0800a065   Thumb Code   116  ldexp.o(i.ldexp)
    main                                     0x0800a0d9   Thumb Code  2474  main.o(i.main)
    pid_init                                 0x0800aa8d   Thumb Code    32  pid.o(i.pid_init)
    pid_realize                              0x0800aabd   Thumb Code   184  pid.o(i.pid_realize)
    sqrt                                     0x0800ab85   Thumb Code    76  sqrt.o(i.sqrt)
    uart_init                                0x0800abd1   Thumb Code   152  usart.o(i.uart_init)
    _get_lc_numeric                          0x0800ac71   Thumb Code    44  lc_numeric_c.o(locale$$code)
    _get_lc_ctype                            0x0800ac9d   Thumb Code    44  lc_ctype_c.o(locale$$code)
    __aeabi_d2f                              0x0800acc9   Thumb Code     0  d2f.o(x$fpl$d2f)
    _d2f                                     0x0800acc9   Thumb Code    98  d2f.o(x$fpl$d2f)
    __aeabi_dadd                             0x0800ad2d   Thumb Code     0  daddsub_clz.o(x$fpl$dadd)
    _dadd                                    0x0800ad2d   Thumb Code   332  daddsub_clz.o(x$fpl$dadd)
    __fpl_dcheck_NaN1                        0x0800ae7d   Thumb Code    10  dcheck1.o(x$fpl$dcheck1)
    __fpl_dcmp_Inf                           0x0800ae8d   Thumb Code    24  dcmpi.o(x$fpl$dcmpinf)
    __aeabi_ddiv                             0x0800aea5   Thumb Code     0  ddiv.o(x$fpl$ddiv)
    _ddiv                                    0x0800aea5   Thumb Code   552  ddiv.o(x$fpl$ddiv)
    __aeabi_cdcmpeq                          0x0800b155   Thumb Code     0  deqf.o(x$fpl$deqf)
    _dcmpeq                                  0x0800b155   Thumb Code   120  deqf.o(x$fpl$deqf)
    __aeabi_d2uiz                            0x0800b1cd   Thumb Code     0  dfixu.o(x$fpl$dfixu)
    _dfixu                                   0x0800b1cd   Thumb Code    90  dfixu.o(x$fpl$dfixu)
    __aeabi_i2d                              0x0800b227   Thumb Code     0  dflt_clz.o(x$fpl$dflt)
    _dflt                                    0x0800b227   Thumb Code    46  dflt_clz.o(x$fpl$dflt)
    __aeabi_ui2d                             0x0800b255   Thumb Code     0  dflt_clz.o(x$fpl$dfltu)
    _dfltu                                   0x0800b255   Thumb Code    38  dflt_clz.o(x$fpl$dfltu)
    __aeabi_cdcmple                          0x0800b27d   Thumb Code     0  dleqf.o(x$fpl$dleqf)
    _dcmple                                  0x0800b27d   Thumb Code   120  dleqf.o(x$fpl$dleqf)
    __fpl_dcmple_InfNaN                      0x0800b2df   Thumb Code     0  dleqf.o(x$fpl$dleqf)
    __aeabi_dmul                             0x0800b2f5   Thumb Code     0  dmul.o(x$fpl$dmul)
    _dmul                                    0x0800b2f5   Thumb Code   332  dmul.o(x$fpl$dmul)
    __fpl_dnaninf                            0x0800b449   Thumb Code   156  dnaninf.o(x$fpl$dnaninf)
    __fpl_dretinf                            0x0800b4e5   Thumb Code    12  dretinf.o(x$fpl$dretinf)
    __aeabi_cdrcmple                         0x0800b4f1   Thumb Code     0  drleqf.o(x$fpl$drleqf)
    _drcmple                                 0x0800b4f1   Thumb Code   108  drleqf.o(x$fpl$drleqf)
    __aeabi_drsub                            0x0800b55d   Thumb Code     0  daddsub_clz.o(x$fpl$drsb)
    _drsb                                    0x0800b55d   Thumb Code    22  daddsub_clz.o(x$fpl$drsb)
    _dsqrt                                   0x0800b575   Thumb Code   456  dsqrt_noumaal.o(x$fpl$dsqrt)
    __aeabi_dsub                             0x0800b741   Thumb Code     0  daddsub_clz.o(x$fpl$dsub)
    _dsub                                    0x0800b741   Thumb Code   464  daddsub_clz.o(x$fpl$dsub)
    __aeabi_f2d                              0x0800b915   Thumb Code     0  f2d.o(x$fpl$f2d)
    _f2d                                     0x0800b915   Thumb Code    86  f2d.o(x$fpl$f2d)
    __aeabi_fadd                             0x0800b96d   Thumb Code     0  faddsub_clz.o(x$fpl$fadd)
    _fadd                                    0x0800b96d   Thumb Code   196  faddsub_clz.o(x$fpl$fadd)
    __fpl_fcmp_Inf                           0x0800ba31   Thumb Code    24  fcmpi.o(x$fpl$fcmpinf)
    __aeabi_fdiv                             0x0800ba49   Thumb Code     0  fdiv.o(x$fpl$fdiv)
    _fdiv                                    0x0800ba49   Thumb Code   384  fdiv.o(x$fpl$fdiv)
    __aeabi_cfcmpeq                          0x0800bbcd   Thumb Code     0  feqf.o(x$fpl$feqf)
    _fcmpeq                                  0x0800bbcd   Thumb Code   104  feqf.o(x$fpl$feqf)
    __aeabi_f2iz                             0x0800bc35   Thumb Code     0  ffix.o(x$fpl$ffix)
    _ffix                                    0x0800bc35   Thumb Code    54  ffix.o(x$fpl$ffix)
    __aeabi_f2uiz                            0x0800bc6d   Thumb Code     0  ffixu.o(x$fpl$ffixu)
    _ffixu                                   0x0800bc6d   Thumb Code    62  ffixu.o(x$fpl$ffixu)
    __aeabi_i2f                              0x0800bcad   Thumb Code     0  fflt_clz.o(x$fpl$fflt)
    _fflt                                    0x0800bcad   Thumb Code    48  fflt_clz.o(x$fpl$fflt)
    __aeabi_ui2f                             0x0800bcdd   Thumb Code     0  fflt_clz.o(x$fpl$ffltu)
    _ffltu                                   0x0800bcdd   Thumb Code    38  fflt_clz.o(x$fpl$ffltu)
    __aeabi_cfcmple                          0x0800bd05   Thumb Code     0  fleqf.o(x$fpl$fleqf)
    _fcmple                                  0x0800bd05   Thumb Code   104  fleqf.o(x$fpl$fleqf)
    __fpl_fcmple_InfNaN                      0x0800bd57   Thumb Code     0  fleqf.o(x$fpl$fleqf)
    __aeabi_fmul                             0x0800bd6d   Thumb Code     0  fmul.o(x$fpl$fmul)
    _fmul                                    0x0800bd6d   Thumb Code   258  fmul.o(x$fpl$fmul)
    __fpl_fnaninf                            0x0800be6f   Thumb Code   140  fnaninf.o(x$fpl$fnaninf)
    __fpl_fretinf                            0x0800befb   Thumb Code    10  fretinf.o(x$fpl$fretinf)
    __aeabi_cfrcmple                         0x0800bf05   Thumb Code     0  frleqf.o(x$fpl$frleqf)
    _frcmple                                 0x0800bf05   Thumb Code    98  frleqf.o(x$fpl$frleqf)
    __aeabi_frsub                            0x0800bf67   Thumb Code     0  faddsub_clz.o(x$fpl$frsb)
    _frsb                                    0x0800bf67   Thumb Code    20  faddsub_clz.o(x$fpl$frsb)
    __aeabi_fsub                             0x0800bf7d   Thumb Code     0  faddsub_clz.o(x$fpl$fsub)
    _fsub                                    0x0800bf7d   Thumb Code   234  faddsub_clz.o(x$fpl$fsub)
    _printf_fp_dec                           0x0800c067   Thumb Code     4  printf1.o(x$fpl$printf1)
    __fpl_return_NaN                         0x0800c06b   Thumb Code   100  retnan.o(x$fpl$retnan)
    __ARM_scalbn                             0x0800c0cf   Thumb Code    92  scalbn.o(x$fpl$scalbn)
    _scanf_real                              0x0800c12b   Thumb Code     4  scanf1.o(x$fpl$scanf1)
    _scanf_hex_real                          0x0800c12f   Thumb Code     4  scanf2.o(x$fpl$scanf2)
    _scanf_infnan                            0x0800c133   Thumb Code     4  scanf2.o(x$fpl$scanf2)
    __fpl_cmpreturn                          0x0800c137   Thumb Code    48  trapv.o(x$fpl$trapveneer)
    __I$use$fp                               0x0800c166   Number         0  usenofp.o(x$fpl$usenofp)
    asc2_1206                                0x0800c1cc   Data        1140  lcd.o(.constdata)
    asc2_1608                                0x0800c640   Data        1520  lcd.o(.constdata)
    asc2_2412                                0x0800cc30   Data        3420  lcd.o(.constdata)
    PT100                                    0x0800d98c   Data        1404  tem.o(.constdata)
    TP_REMIND_MSG_TBL                        0x0800df08   Data           4  touch.o(.constdata)
    GT9147_CFG_TBL                           0x0800df0c   Data         184  gt9147.o(.constdata)
    GT9147_TPX_TBL                           0x0800dfc4   Data          10  gt9147.o(.constdata)
    OTT_TPX_TBL                              0x0800dfce   Data          10  ott2001a.o(.constdata)
    FT5206_TPX_TBL                           0x0800dfd8   Data          10  ft5206.o(.constdata)
    Region$$Table$$Base                      0x0800e11c   Number         0  anon$$obj.o(Region$$Table)
    Region$$Table$$Limit                     0x0800e13c   Number         0  anon$$obj.o(Region$$Table)
    __aeabi_HUGE_VAL                         0x0800e13c   Data           0  fpconst.o(c$$dinf)
    __aeabi_HUGE_VALL                        0x0800e13c   Data           0  fpconst.o(c$$dinf)
    __aeabi_INFINITY                         0x0800e13c   Data           0  fpconst.o(c$$dinf)
    __dInf                                   0x0800e13c   Data           0  fpconst.o(c$$dinf)
    __huge_val                               0x0800e13c   Data           0  fpconst.o(c$$dinf)
    __ctype                                  0x0800e16d   Data           0  lc_ctype_c.o(locale$$data)
    ADC1_tem                                 0x20000000   Data           4  main.o(.data)
    Keytem                                   0x20000004   Data           4  main.o(.data)
    flag                                     0x20000008   Data           1  main.o(.data)
    flag_usart2                              0x20000009   Data           1  main.o(.data)
    flag_KEY                                 0x2000000a   Data           1  main.o(.data)
    flag_send                                0x2000000b   Data           1  main.o(.data)
    SystemCoreClock                          0x2000000c   Data           4  system_stm32f10x.o(.data)
    AHBPrescTable                            0x20000010   Data          16  system_stm32f10x.o(.data)
    __stdout                                 0x20000024   Data           4  usart.o(.data)
    USART_RX_STA                             0x20000028   Data           2  usart.o(.data)
    POINT_COLOR                              0x20000040   Data           2  lcd.o(.data)
    BACK_COLOR                               0x20000042   Data           2  lcd.o(.data)
    tp_dev                                   0x20000044   Data          52  touch.o(.data)
    CMD_RDX                                  0x20000078   Data           1  touch.o(.data)
    CMD_RDY                                  0x20000079   Data           1  touch.o(.data)
    USART2_RX_STA                            0x2000007e   Data           2  wifi.o(.data)
    rec                                      0x20000080   Data           1  wifi.o(.data)
    CA                                       0x20000084   Data           4  timer.o(.data)
    CB                                       0x20000088   Data           4  timer.o(.data)
    CC                                       0x2000008c   Data           4  timer.o(.data)
    pid                                      0x20000090   Data          36  main.o(.bss)
    USART_RX_BUF                             0x200000b4   Data         200  usart.o(.bss)
    lcddev                                   0x2000017c   Data          14  lcd.o(.bss)
    USART2_RX_BUF                            0x2000018a   Data         300  wifi.o(.bss)
    __libspace_start                         0x200002b8   Data          96  libspace.o(.bss)
    __temporary_stack_top$libspace           0x20000318   Data           0  libspace.o(.bss)



==============================================================================

Memory Map of the image

  Image Entry point : 0x08000205

  Load Region LR_1 (Base: 0x08000000, Size: 0x0000e300, Max: 0xffffffff, ABSOLUTE)

    Execution Region ER_RO (Base: 0x08000000, Size: 0x0000e270, Max: 0xffffffff, ABSOLUTE)

    Base Addr    Size         Type   Attr      Idx    E Section Name        Object

    0x08000000   0x00000130   Data   RO          426    RESET               startup_stm32f10x_hd.o
    0x08000130   0x00000008   Code   RO         4285  * !!!main             c_w.l(__main.o)
    0x08000138   0x00000034   Code   RO         4685    !!!scatter          c_w.l(__scatter.o)
    0x0800016c   0x0000001a   Code   RO         4687    !!handler_copy      c_w.l(__scatter_copy.o)
    0x08000186   0x00000002   PAD
    0x08000188   0x0000001c   Code   RO         4689    !!handler_zi        c_w.l(__scatter_zi.o)
    0x080001a4   0x00000000   Code   RO         4270    .ARM.Collect$$_printf_percent$$00000000  c_w.l(_printf_percent.o)
    0x080001a4   0x00000006   Code   RO         4269    .ARM.Collect$$_printf_percent$$00000003  c_w.l(_printf_f.o)
    0x080001aa   0x00000006   Code   RO         4268    .ARM.Collect$$_printf_percent$$00000009  c_w.l(_printf_d.o)
    0x080001b0   0x00000006   Code   RO         4267    .ARM.Collect$$_printf_percent$$0000000C  c_w.l(_printf_x.o)
    0x080001b6   0x00000006   Code   RO         4266    .ARM.Collect$$_printf_percent$$00000014  c_w.l(_printf_s.o)
    0x080001bc   0x00000004   Code   RO         4385    .ARM.Collect$$_printf_percent$$00000017  c_w.l(_printf_percent_end.o)
    0x080001c0   0x00000002   Code   RO         4500    .ARM.Collect$$libinit$$00000000  c_w.l(libinit.o)
    0x080001c2   0x00000000   Code   RO         4502    .ARM.Collect$$libinit$$00000002  c_w.l(libinit2.o)
    0x080001c2   0x00000000   Code   RO         4504    .ARM.Collect$$libinit$$00000004  c_w.l(libinit2.o)
    0x080001c2   0x00000000   Code   RO         4507    .ARM.Collect$$libinit$$0000000A  c_w.l(libinit2.o)
    0x080001c2   0x00000000   Code   RO         4509    .ARM.Collect$$libinit$$0000000C  c_w.l(libinit2.o)
    0x080001c2   0x00000000   Code   RO         4511    .ARM.Collect$$libinit$$0000000E  c_w.l(libinit2.o)
    0x080001c2   0x00000006   Code   RO         4512    .ARM.Collect$$libinit$$0000000F  c_w.l(libinit2.o)
    0x080001c8   0x00000000   Code   RO         4514    .ARM.Collect$$libinit$$00000011  c_w.l(libinit2.o)
    0x080001c8   0x0000000c   Code   RO         4515    .ARM.Collect$$libinit$$00000012  c_w.l(libinit2.o)
    0x080001d4   0x00000000   Code   RO         4516    .ARM.Collect$$libinit$$00000013  c_w.l(libinit2.o)
    0x080001d4   0x00000000   Code   RO         4518    .ARM.Collect$$libinit$$00000015  c_w.l(libinit2.o)
    0x080001d4   0x0000000a   Code   RO         4519    .ARM.Collect$$libinit$$00000016  c_w.l(libinit2.o)
    0x080001de   0x00000000   Code   RO         4520    .ARM.Collect$$libinit$$00000017  c_w.l(libinit2.o)
    0x080001de   0x00000000   Code   RO         4522    .ARM.Collect$$libinit$$00000019  c_w.l(libinit2.o)
    0x080001de   0x00000000   Code   RO         4524    .ARM.Collect$$libinit$$0000001B  c_w.l(libinit2.o)
    0x080001de   0x00000000   Code   RO         4526    .ARM.Collect$$libinit$$0000001D  c_w.l(libinit2.o)
    0x080001de   0x00000000   Code   RO         4528    .ARM.Collect$$libinit$$0000001F  c_w.l(libinit2.o)
    0x080001de   0x00000000   Code   RO         4530    .ARM.Collect$$libinit$$00000021  c_w.l(libinit2.o)
    0x080001de   0x00000000   Code   RO         4532    .ARM.Collect$$libinit$$00000023  c_w.l(libinit2.o)
    0x080001de   0x00000000   Code   RO         4534    .ARM.Collect$$libinit$$00000025  c_w.l(libinit2.o)
    0x080001de   0x00000000   Code   RO         4538    .ARM.Collect$$libinit$$0000002C  c_w.l(libinit2.o)
    0x080001de   0x00000000   Code   RO         4540    .ARM.Collect$$libinit$$0000002E  c_w.l(libinit2.o)
    0x080001de   0x00000000   Code   RO         4542    .ARM.Collect$$libinit$$00000030  c_w.l(libinit2.o)
    0x080001de   0x00000000   Code   RO         4544    .ARM.Collect$$libinit$$00000032  c_w.l(libinit2.o)
    0x080001de   0x00000002   Code   RO         4545    .ARM.Collect$$libinit$$00000033  c_w.l(libinit2.o)
    0x080001e0   0x00000002   Code   RO         4600    .ARM.Collect$$libshutdown$$00000000  c_w.l(libshutdown.o)
    0x080001e2   0x00000000   Code   RO         4623    .ARM.Collect$$libshutdown$$00000002  c_w.l(libshutdown2.o)
    0x080001e2   0x00000000   Code   RO         4625    .ARM.Collect$$libshutdown$$00000004  c_w.l(libshutdown2.o)
    0x080001e2   0x00000000   Code   RO         4628    .ARM.Collect$$libshutdown$$00000007  c_w.l(libshutdown2.o)
    0x080001e2   0x00000000   Code   RO         4631    .ARM.Collect$$libshutdown$$0000000A  c_w.l(libshutdown2.o)
    0x080001e2   0x00000000   Code   RO         4633    .ARM.Collect$$libshutdown$$0000000C  c_w.l(libshutdown2.o)
    0x080001e2   0x00000000   Code   RO         4636    .ARM.Collect$$libshutdown$$0000000F  c_w.l(libshutdown2.o)
    0x080001e2   0x00000002   Code   RO         4637    .ARM.Collect$$libshutdown$$00000010  c_w.l(libshutdown2.o)
    0x080001e4   0x00000000   Code   RO         4365    .ARM.Collect$$rtentry$$00000000  c_w.l(__rtentry.o)
    0x080001e4   0x00000000   Code   RO         4411    .ARM.Collect$$rtentry$$00000002  c_w.l(__rtentry2.o)
    0x080001e4   0x00000006   Code   RO         4423    .ARM.Collect$$rtentry$$00000004  c_w.l(__rtentry4.o)
    0x080001ea   0x00000000   Code   RO         4413    .ARM.Collect$$rtentry$$00000009  c_w.l(__rtentry2.o)
    0x080001ea   0x00000004   Code   RO         4414    .ARM.Collect$$rtentry$$0000000A  c_w.l(__rtentry2.o)
    0x080001ee   0x00000000   Code   RO         4416    .ARM.Collect$$rtentry$$0000000C  c_w.l(__rtentry2.o)
    0x080001ee   0x00000008   Code   RO         4417    .ARM.Collect$$rtentry$$0000000D  c_w.l(__rtentry2.o)
    0x080001f6   0x00000002   Code   RO         4546    .ARM.Collect$$rtexit$$00000000  c_w.l(rtexit.o)
    0x080001f8   0x00000000   Code   RO         4568    .ARM.Collect$$rtexit$$00000002  c_w.l(rtexit2.o)
    0x080001f8   0x00000004   Code   RO         4569    .ARM.Collect$$rtexit$$00000003  c_w.l(rtexit2.o)
    0x080001fc   0x00000006   Code   RO         4570    .ARM.Collect$$rtexit$$00000004  c_w.l(rtexit2.o)
    0x08000202   0x00000002   PAD
    0x08000204   0x00000040   Code   RO          427  * .text               startup_stm32f10x_hd.o
    0x08000244   0x00000002   Code   RO         4207    .text               c_w.l(use_no_semi_2.o)
    0x08000246   0x00000002   PAD
    0x08000248   0x00000018   Code   RO         4213    .text               c_w.l(noretval__2printf.o)
    0x08000260   0x00000028   Code   RO         4215    .text               c_w.l(noretval__2sprintf.o)
    0x08000288   0x0000004e   Code   RO         4219    .text               c_w.l(_printf_pad.o)
    0x080002d6   0x00000052   Code   RO         4221    .text               c_w.l(_printf_str.o)
    0x08000328   0x00000078   Code   RO         4223    .text               c_w.l(_printf_dec.o)
    0x080003a0   0x00000058   Code   RO         4228    .text               c_w.l(_printf_hex_int.o)
    0x080003f8   0x0000010e   Code   RO         4254    .text               c_w.l(__printf_wp.o)
    0x08000506   0x0000001a   Code   RO         4271    .text               c_w.l(atoi.o)
    0x08000520   0x00000024   Code   RO         4273    .text               c_w.l(strstr.o)
    0x08000544   0x00000048   Code   RO         4275    .text               c_w.l(strcpy.o)
    0x0800058c   0x00000064   Code   RO         4277    .text               c_w.l(rt_memcpy_w.o)
    0x080005f0   0x00000056   Code   RO         4279    .text               c_w.l(strncpy.o)
    0x08000646   0x00000002   PAD
    0x08000648   0x00000080   Code   RO         4281    .text               c_w.l(strcmpv7m.o)
    0x080006c8   0x00000006   Code   RO         4283    .text               c_w.l(heapauxi.o)
    0x080006ce   0x00000002   Code   RO         4363    .text               c_w.l(use_no_semi.o)
    0x080006d0   0x00000008   Code   RO         4369    .text               c_w.l(rt_errno_addr_intlibspace.o)
    0x080006d8   0x00000016   Code   RO         4371    .text               c_w.l(_rserrno.o)
    0x080006ee   0x000000b2   Code   RO         4373    .text               c_w.l(_printf_intcommon.o)
    0x080007a0   0x0000041a   Code   RO         4375    .text               c_w.l(_printf_fp_dec.o)
    0x08000bba   0x00000002   PAD
    0x08000bbc   0x00000030   Code   RO         4377    .text               c_w.l(_printf_char_common.o)
    0x08000bec   0x0000000a   Code   RO         4379    .text               c_w.l(_sputc.o)
    0x08000bf6   0x0000002c   Code   RO         4381    .text               c_w.l(_printf_char.o)
    0x08000c22   0x00000002   PAD
    0x08000c24   0x00000024   Code   RO         4383    .text               c_w.l(_printf_char_file.o)
    0x08000c48   0x000000a4   Code   RO         4386    .text               c_w.l(strtod.o)
    0x08000cec   0x00000070   Code   RO         4388    .text               c_w.l(strtol.o)
    0x08000d5c   0x00000044   Code   RO         4390    .text               c_w.l(rt_memclr.o)
    0x08000da0   0x00000008   Code   RO         4407    .text               c_w.l(libspace.o)
    0x08000da8   0x00000010   Code   RO         4425    .text               c_w.l(rt_ctype_table.o)
    0x08000db8   0x00000008   Code   RO         4430    .text               c_w.l(rt_locale_intlibspace.o)
    0x08000dc0   0x0000008a   Code   RO         4432    .text               c_w.l(lludiv10.o)
    0x08000e4a   0x00000012   Code   RO         4434    .text               c_w.l(isspace.o)
    0x08000e5c   0x00000080   Code   RO         4436    .text               c_w.l(_printf_fp_infnan.o)
    0x08000edc   0x00000040   Code   RO         4440    .text               c_w.l(_sgetc.o)
    0x08000f1c   0x0000009e   Code   RO         4442    .text               c_w.l(_strtoul.o)
    0x08000fba   0x00000002   PAD
    0x08000fbc   0x000000dc   Code   RO         4444    .text               c_w.l(bigflt0.o)
    0x08001098   0x00000008   Code   RO         4469    .text               c_w.l(ferror.o)
    0x080010a0   0x0000004e   Code   RO         4476    .text               c_w.l(rt_memclr_w.o)
    0x080010ee   0x0000004a   Code   RO         4484    .text               c_w.l(sys_stackheap_outer.o)
    0x08001138   0x0000001c   Code   RO         4486    .text               c_w.l(_chval.o)
    0x08001154   0x000004a4   Code   RO         4488    .text               c_w.l(scanf_fp.o)
    0x080015f8   0x00000012   Code   RO         4493    .text               c_w.l(exit.o)
    0x0800160a   0x00000002   PAD
    0x0800160c   0x00000320   Code   RO         4574    .text               c_w.l(scanf_hexfp.o)
    0x0800192c   0x00000134   Code   RO         4576    .text               c_w.l(scanf_infnan.o)
    0x08001a60   0x00000026   Code   RO         4592    .text               c_w.l(llshl.o)
    0x08001a86   0x0000003e   Code   RO         4447    CL$$btod_d2e        c_w.l(btod.o)
    0x08001ac4   0x00000046   Code   RO         4449    CL$$btod_d2e_denorm_low  c_w.l(btod.o)
    0x08001b0a   0x00000060   Code   RO         4448    CL$$btod_d2e_norm_op1  c_w.l(btod.o)
    0x08001b6a   0x00000338   Code   RO         4457    CL$$btod_div_common  c_w.l(btod.o)
    0x08001ea2   0x00000002   PAD
    0x08001ea4   0x00000054   Code   RO         4455    CL$$btod_e2d        c_w.l(btod.o)
    0x08001ef8   0x000000c6   Code   RO         4454    CL$$btod_e2e        c_w.l(btod.o)
    0x08001fbe   0x00000028   Code   RO         4451    CL$$btod_ediv       c_w.l(btod.o)
    0x08001fe6   0x00000028   Code   RO         4453    CL$$btod_edivd      c_w.l(btod.o)
    0x0800200e   0x00000028   Code   RO         4450    CL$$btod_emul       c_w.l(btod.o)
    0x08002036   0x00000028   Code   RO         4452    CL$$btod_emuld      c_w.l(btod.o)
    0x0800205e   0x00000244   Code   RO         4456    CL$$btod_mult_common  c_w.l(btod.o)
    0x080022a2   0x00000016   Code   RO          473    i.ADC_Cmd           stm32f10x_adc.o
    0x080022b8   0x0000005c   Code   RO          475    i.ADC_DeInit        stm32f10x_adc.o
    0x08002314   0x00000014   Code   RO          481    i.ADC_GetCalibrationStatus  stm32f10x_adc.o
    0x08002328   0x00000008   Code   RO          482    i.ADC_GetConversionValue  stm32f10x_adc.o
    0x08002330   0x00000012   Code   RO          484    i.ADC_GetFlagStatus  stm32f10x_adc.o
    0x08002342   0x00000014   Code   RO          487    i.ADC_GetResetCalibrationStatus  stm32f10x_adc.o
    0x08002356   0x00000002   PAD
    0x08002358   0x00000050   Code   RO          491    i.ADC_Init          stm32f10x_adc.o
    0x080023a8   0x000000b8   Code   RO          495    i.ADC_RegularChannelConfig  stm32f10x_adc.o
    0x08002460   0x0000000a   Code   RO          496    i.ADC_ResetCalibration  stm32f10x_adc.o
    0x0800246a   0x00000016   Code   RO          498    i.ADC_SoftwareStartConvCmd  stm32f10x_adc.o
    0x08002480   0x0000000a   Code   RO          500    i.ADC_StartCalibration  stm32f10x_adc.o
    0x0800248a   0x00000008   Code   RO         3894    i.AT24CXX_Init      24c02.o
    0x08002492   0x00000022   Code   RO         3895    i.AT24CXX_Read      24c02.o
    0x080024b4   0x00000058   Code   RO         3897    i.AT24CXX_ReadOneByte  24c02.o
    0x0800250c   0x00000024   Code   RO         3898    i.AT24CXX_Write     24c02.o
    0x08002530   0x00000050   Code   RO         3900    i.AT24CXX_WriteOneByte  24c02.o
    0x08002580   0x00000016   Code   RO         3687    i.Abs               pid.o
    0x08002596   0x00000002   PAD
    0x08002598   0x00000094   Code   RO         3429    i.Adc_Init          adc.o
    0x0800262c   0x00000004   Code   RO          195    i.BusFault_Handler  stm32f10x_it.o
    0x08002630   0x0000000a   Code   RO         4004    i.CT_Delay          ctiic.o
    0x0800263a   0x00000002   PAD
    0x0800263c   0x00000054   Code   RO         4005    i.CT_IIC_Ack        ctiic.o
    0x08002690   0x00000050   Code   RO         4006    i.CT_IIC_Init       ctiic.o
    0x080026e0   0x00000054   Code   RO         4007    i.CT_IIC_NAck       ctiic.o
    0x08002734   0x00000070   Code   RO         4008    i.CT_IIC_Read_Byte  ctiic.o
    0x080027a4   0x00000064   Code   RO         4009    i.CT_IIC_Send_Byte  ctiic.o
    0x08002808   0x0000004c   Code   RO         4010    i.CT_IIC_Start      ctiic.o
    0x08002854   0x00000048   Code   RO         4011    i.CT_IIC_Stop       ctiic.o
    0x0800289c   0x00000064   Code   RO         4012    i.CT_IIC_Wait_Ack   ctiic.o
    0x08002900   0x00000002   Code   RO          196    i.DebugMon_Handler  stm32f10x_it.o
    0x08002902   0x00000002   PAD
    0x08002904   0x00000034   Code   RO         1467    i.FSMC_NORSRAMCmd   stm32f10x_fsmc.o
    0x08002938   0x000000e6   Code   RO         1469    i.FSMC_NORSRAMInit  stm32f10x_fsmc.o
    0x08002a1e   0x00000002   PAD
    0x08002a20   0x000000f0   Code   RO         4104    i.FT5206_Init       ft5206.o
    0x08002b10   0x00000058   Code   RO         4105    i.FT5206_RD_Reg     ft5206.o
    0x08002b68   0x0000019c   Code   RO         4106    i.FT5206_Scan       ft5206.o
    0x08002d04   0x00000052   Code   RO         4107    i.FT5206_WR_Reg     ft5206.o
    0x08002d56   0x00000116   Code   RO         1582    i.GPIO_Init         stm32f10x_gpio.o
    0x08002e6c   0x00000090   Code   RO         1584    i.GPIO_PinRemapConfig  stm32f10x_gpio.o
    0x08002efc   0x00000012   Code   RO         1586    i.GPIO_ReadInputDataBit  stm32f10x_gpio.o
    0x08002f0e   0x00000004   Code   RO         1589    i.GPIO_ResetBits    stm32f10x_gpio.o
    0x08002f12   0x00000004   Code   RO         1590    i.GPIO_SetBits      stm32f10x_gpio.o
    0x08002f16   0x00000002   PAD
    0x08002f18   0x00000140   Code   RO         3947    i.GT9147_Init       gt9147.o
    0x08003058   0x00000062   Code   RO         3948    i.GT9147_RD_Reg     gt9147.o
    0x080030ba   0x00000002   PAD
    0x080030bc   0x00000200   Code   RO         3949    i.GT9147_Scan       gt9147.o
    0x080032bc   0x0000005c   Code   RO         3950    i.GT9147_Send_Cfg   gt9147.o
    0x08003318   0x0000005c   Code   RO         3951    i.GT9147_WR_Reg     gt9147.o
    0x08003374   0x00000034   Code   RO         3430    i.Get_Adc           adc.o
    0x080033a8   0x0000002e   Code   RO         3431    i.Get_Adc_Average   adc.o
    0x080033d6   0x00000004   Code   RO          197    i.HardFault_Handler  stm32f10x_it.o
    0x080033da   0x00000002   PAD
    0x080033dc   0x00000050   Code   RO         3733    i.IIC_Ack           iic.o
    0x0800342c   0x00000034   Code   RO         3734    i.IIC_Init          iic.o
    0x08003460   0x00000050   Code   RO         3735    i.IIC_NAck          iic.o
    0x080034b0   0x00000070   Code   RO         3736    i.IIC_Read_Byte     iic.o
    0x08003520   0x00000074   Code   RO         3737    i.IIC_Send_Byte     iic.o
    0x08003594   0x0000004c   Code   RO         3738    i.IIC_Start         iic.o
    0x080035e0   0x0000004c   Code   RO         3739    i.IIC_Stop          iic.o
    0x0800362c   0x00000064   Code   RO         3740    i.IIC_Wait_Ack      iic.o
    0x08003690   0x00000078   Code   RO         3410    i.KEY_SCAN          key.o
    0x08003708   0x0000006c   Code   RO         3454    i.LCD_Clear         lcd.o
    0x08003774   0x000001c0   Code   RO         3458    i.LCD_Display_Dir   lcd.o
    0x08003934   0x000000b0   Code   RO         3459    i.LCD_DrawLine      lcd.o
    0x080039e4   0x00000024   Code   RO         3460    i.LCD_DrawPoint     lcd.o
    0x08003a08   0x00000098   Code   RO         3462    i.LCD_Draw_Circle   lcd.o
    0x08003aa0   0x0000017c   Code   RO         3463    i.LCD_Fast_DrawPoint  lcd.o
    0x08003c1c   0x000000bc   Code   RO         3464    i.LCD_Fill          lcd.o
    0x08003cd8   0x00003774   Code   RO         3465    i.LCD_Init          lcd.o
    0x0800744c   0x00000016   Code   RO         3466    i.LCD_Pow           lcd.o
    0x08007462   0x00000002   PAD
    0x08007464   0x00000014   Code   RO         3467    i.LCD_RD_DATA       lcd.o
    0x08007478   0x00000016   Code   RO         3469    i.LCD_ReadReg       lcd.o
    0x0800748e   0x00000002   PAD
    0x08007490   0x00000054   Code   RO         3470    i.LCD_SSD_BackLightSet  lcd.o
    0x080074e4   0x000002ec   Code   RO         3471    i.LCD_Scan_Dir      lcd.o
    0x080077d0   0x000001a8   Code   RO         3472    i.LCD_SetCursor     lcd.o
    0x08007978   0x00000128   Code   RO         3474    i.LCD_ShowChar      lcd.o
    0x08007aa0   0x00000094   Code   RO         3475    i.LCD_ShowNum       lcd.o
    0x08007b34   0x00000066   Code   RO         3476    i.LCD_ShowString    lcd.o
    0x08007b9a   0x000000be   Code   RO         3477    i.LCD_ShowxNum      lcd.o
    0x08007c58   0x0000000c   Code   RO         3478    i.LCD_WR_DATA       lcd.o
    0x08007c64   0x0000000c   Code   RO         3479    i.LCD_WR_REG        lcd.o
    0x08007c70   0x00000014   Code   RO         3481    i.LCD_WriteRAM_Prepare  lcd.o
    0x08007c84   0x00000010   Code   RO         3482    i.LCD_WriteReg      lcd.o
    0x08007c94   0x0000004c   Code   RO         3398    i.LED_Init          led.o
    0x08007ce0   0x00000070   Code   RO            1    i.MYGUI_LCD_Clear_left_point  main.o
    0x08007d50   0x00000070   Code   RO            2    i.MYGUI_LCD_Clear_right_point  main.o
    0x08007dc0   0x00000004   Code   RO          198    i.MemManage_Handler  stm32f10x_it.o
    0x08007dc4   0x00000002   Code   RO          199    i.NMI_Handler       stm32f10x_it.o
    0x08007dc6   0x00000002   PAD
    0x08007dc8   0x00000070   Code   RO          431    i.NVIC_Init         misc.o
    0x08007e38   0x00000014   Code   RO          432    i.NVIC_PriorityGroupConfig  misc.o
    0x08007e4c   0x000000b4   Code   RO         4064    i.OTT2001A_Init     ott2001a.o
    0x08007f00   0x00000062   Code   RO         4065    i.OTT2001A_RD_Reg   ott2001a.o
    0x08007f62   0x00000002   PAD
    0x08007f64   0x000001e0   Code   RO         4066    i.OTT2001A_Scan     ott2001a.o
    0x08008144   0x0000001c   Code   RO         4067    i.OTT2001A_SensorControl  ott2001a.o
    0x08008160   0x0000005c   Code   RO         4068    i.OTT2001A_WR_Reg   ott2001a.o
    0x080081bc   0x00000002   Code   RO          200    i.PendSV_Handler    stm32f10x_it.o
    0x080081be   0x00000002   PAD
    0x080081c0   0x00000018   Code   RO         1996    i.RCC_ADCCLKConfig  stm32f10x_rcc.o
    0x080081d8   0x00000020   Code   RO         1997    i.RCC_AHBPeriphClockCmd  stm32f10x_rcc.o
    0x080081f8   0x00000020   Code   RO         1998    i.RCC_APB1PeriphClockCmd  stm32f10x_rcc.o
    0x08008218   0x00000020   Code   RO         2000    i.RCC_APB2PeriphClockCmd  stm32f10x_rcc.o
    0x08008238   0x00000020   Code   RO         2001    i.RCC_APB2PeriphResetCmd  stm32f10x_rcc.o
    0x08008258   0x000000d4   Code   RO         2008    i.RCC_GetClocksFreq  stm32f10x_rcc.o
    0x0800832c   0x00000002   Code   RO          201    i.SVC_Handler       stm32f10x_it.o
    0x0800832e   0x00000008   Code   RO          258    i.SetSysClock       system_stm32f10x.o
    0x08008336   0x00000002   PAD
    0x08008338   0x000000e0   Code   RO          259    i.SetSysClockTo72   system_stm32f10x.o
    0x08008418   0x00000028   Code   RO          435    i.SysTick_CLKSourceConfig  misc.o
    0x08008440   0x00000002   Code   RO          202    i.SysTick_Handler   stm32f10x_it.o
    0x08008442   0x00000002   PAD
    0x08008444   0x00000060   Code   RO          261    i.SystemInit        system_stm32f10x.o
    0x080084a4   0x00000074   Code   RO         4183    i.TIM2_IRQHandler   timer.o
    0x08008518   0x00000030   Code   RO         3660    i.TIM3_IRQHandler   pwm.o
    0x08008548   0x00000090   Code   RO         3661    i.TIM3_PWM_Init     pwm.o
    0x080085d8   0x00000006   Code   RO         2627    i.TIM_ClearITPendingBit  stm32f10x_tim.o
    0x080085de   0x00000018   Code   RO         2632    i.TIM_Cmd           stm32f10x_tim.o
    0x080085f6   0x00000022   Code   RO         2653    i.TIM_GetITStatus   stm32f10x_tim.o
    0x08008618   0x00000012   Code   RO         2657    i.TIM_ITConfig      stm32f10x_tim.o
    0x0800862a   0x00000002   PAD
    0x0800862c   0x000000a4   Code   RO         2666    i.TIM_OC2Init       stm32f10x_tim.o
    0x080086d0   0x0000001a   Code   RO         2669    i.TIM_OC2PreloadConfig  stm32f10x_tim.o
    0x080086ea   0x00000004   Code   RO         2694    i.TIM_SetCompare2   stm32f10x_tim.o
    0x080086ee   0x00000002   PAD
    0x080086f0   0x000000a4   Code   RO         2703    i.TIM_TimeBaseInit  stm32f10x_tim.o
    0x08008794   0x000001a8   Code   RO         3787    i.TP_Adj_Info_Show  touch.o
    0x0800893c   0x0000085c   Code   RO         3788    i.TP_Adjust         touch.o
    0x08009198   0x00000070   Code   RO         3790    i.TP_Drow_Touch_Point  touch.o
    0x08009208   0x00000050   Code   RO         3791    i.TP_Get_Adjdata    touch.o
    0x08009258   0x00000168   Code   RO         3792    i.TP_Init           touch.o
    0x080093c0   0x00000094   Code   RO         3793    i.TP_Read_AD        touch.o
    0x08009454   0x00000078   Code   RO         3794    i.TP_Read_XOY       touch.o
    0x080094cc   0x00000030   Code   RO         3795    i.TP_Read_XY        touch.o
    0x080094fc   0x000000c0   Code   RO         3796    i.TP_Read_XY2       touch.o
    0x080095bc   0x0000001c   Code   RO         3797    i.TP_Save_Adjdata   touch.o
    0x080095d8   0x00000110   Code   RO         3798    i.TP_Scan           touch.o
    0x080096e8   0x0000004c   Code   RO         3799    i.TP_Write_Byte     touch.o
    0x08009734   0x0000005c   Code   RO         4184    i.Timer2_Init       timer.o
    0x08009790   0x00000088   Code   RO          373    i.USART1_IRQHandler  usart.o
    0x08009818   0x0000008c   Code   RO         4138    i.USART2_IRQHandler  wifi.o
    0x080098a4   0x00000018   Code   RO         3168    i.USART_Cmd         stm32f10x_usart.o
    0x080098bc   0x0000001a   Code   RO         3171    i.USART_GetFlagStatus  stm32f10x_usart.o
    0x080098d6   0x00000054   Code   RO         3172    i.USART_GetITStatus  stm32f10x_usart.o
    0x0800992a   0x0000004a   Code   RO         3174    i.USART_ITConfig    stm32f10x_usart.o
    0x08009974   0x000000d8   Code   RO         3175    i.USART_Init        stm32f10x_usart.o
    0x08009a4c   0x0000000a   Code   RO         3182    i.USART_ReceiveData  stm32f10x_usart.o
    0x08009a56   0x00000008   Code   RO         3185    i.USART_SendData    stm32f10x_usart.o
    0x08009a5e   0x00000004   Code   RO          203    i.UsageFault_Handler  stm32f10x_it.o
    0x08009a62   0x00000036   Code   RO         4139    i.Usart_SendString  wifi.o
    0x08009a98   0x000000b0   Code   RO         4140    i.WIFI_init         wifi.o
    0x08009b48   0x00000028   Code   RO         4482    i.__ARM_fpclassify  m_ws.l(fpclassify.o)
    0x08009b70   0x0000000e   Code   RO         4644    i.__mathlib_dbl_overflow  m_ws.l(dunder.o)
    0x08009b7e   0x00000002   PAD
    0x08009b80   0x00000010   Code   RO         4646    i.__mathlib_dbl_underflow  m_ws.l(dunder.o)
    0x08009b90   0x00000010   Code   RO         4561    i.__mathlib_narrow  m_ws.l(narrow.o)
    0x08009ba0   0x00000088   Code   RO         4562    i.__mathlib_tofloat  m_ws.l(narrow.o)
    0x08009c28   0x00000016   Code   RO         4604    i.__support_ldexp   m_ws.l(ldexp.o)
    0x08009c3e   0x0000000e   Code   RO         4256    i._is_digit         c_w.l(__printf_wp.o)
    0x08009c4c   0x00000006   Code   RO          374    i._sys_exit         usart.o
    0x08009c52   0x0000002a   Code   RO         4352    i.atof              m_ws.l(atof.o)
    0x08009c7c   0x00000044   Code   RO          292    i.delay_init        delay.o
    0x08009cc0   0x0000004c   Code   RO          293    i.delay_ms          delay.o
    0x08009d0c   0x0000004c   Code   RO          294    i.delay_us          delay.o
    0x08009d58   0x00000088   Code   RO         3712    i.find_PT100        tem.o
    0x08009de0   0x0000001c   Code   RO          375    i.fputc             usart.o
    0x08009dfc   0x00000058   Code   RO         4585    i.frexp             m_ws.l(frexp.o)
    0x08009e54   0x000000d0   Code   RO         3713    i.get_tem           tem.o
    0x08009f24   0x00000024   Code   RO            3    i.gui_draw_hline    main.o
    0x08009f48   0x000000b0   Code   RO            4    i.gui_fill_circle   main.o
    0x08009ff8   0x0000006c   Code   RO         3411    i.key_init          key.o
    0x0800a064   0x00000074   Code   RO         4605    i.ldexp             m_ws.l(ldexp.o)
    0x0800a0d8   0x000009b4   Code   RO            5    i.main              main.o
    0x0800aa8c   0x00000030   Code   RO         3688    i.pid_init          pid.o
    0x0800aabc   0x000000c8   Code   RO         3689    i.pid_realize       pid.o
    0x0800ab84   0x0000004c   Code   RO         4356    i.sqrt              m_ws.l(sqrt.o)
    0x0800abd0   0x000000a0   Code   RO          376    i.uart_init         usart.o
    0x0800ac70   0x0000002c   Code   RO         4474    locale$$code        c_w.l(lc_numeric_c.o)
    0x0800ac9c   0x0000002c   Code   RO         4491    locale$$code        c_w.l(lc_ctype_c.o)
    0x0800acc8   0x00000062   Code   RO         4287    x$fpl$d2f           fz_ws.l(d2f.o)
    0x0800ad2a   0x00000002   PAD
    0x0800ad2c   0x00000150   Code   RO         4289    x$fpl$dadd          fz_ws.l(daddsub_clz.o)
    0x0800ae7c   0x00000010   Code   RO         4638    x$fpl$dcheck1       fz_ws.l(dcheck1.o)
    0x0800ae8c   0x00000018   Code   RO         4392    x$fpl$dcmpinf       fz_ws.l(dcmpi.o)
    0x0800aea4   0x000002b0   Code   RO         4296    x$fpl$ddiv          fz_ws.l(ddiv.o)
    0x0800b154   0x00000078   Code   RO         4582    x$fpl$deqf          fz_ws.l(deqf.o)
    0x0800b1cc   0x0000005a   Code   RO         4299    x$fpl$dfixu         fz_ws.l(dfixu.o)
    0x0800b226   0x0000002e   Code   RO         4304    x$fpl$dflt          fz_ws.l(dflt_clz.o)
    0x0800b254   0x00000026   Code   RO         4303    x$fpl$dfltu         fz_ws.l(dflt_clz.o)
    0x0800b27a   0x00000002   PAD
    0x0800b27c   0x00000078   Code   RO         4309    x$fpl$dleqf         fz_ws.l(dleqf.o)
    0x0800b2f4   0x00000154   Code   RO         4311    x$fpl$dmul          fz_ws.l(dmul.o)
    0x0800b448   0x0000009c   Code   RO         4394    x$fpl$dnaninf       fz_ws.l(dnaninf.o)
    0x0800b4e4   0x0000000c   Code   RO         4396    x$fpl$dretinf       fz_ws.l(dretinf.o)
    0x0800b4f0   0x0000006c   Code   RO         4313    x$fpl$drleqf        fz_ws.l(drleqf.o)
    0x0800b55c   0x00000016   Code   RO         4290    x$fpl$drsb          fz_ws.l(daddsub_clz.o)
    0x0800b572   0x00000002   PAD
    0x0800b574   0x000001cc   Code   RO         4398    x$fpl$dsqrt         fz_ws.l(dsqrt_noumaal.o)
    0x0800b740   0x000001d4   Code   RO         4291    x$fpl$dsub          fz_ws.l(daddsub_clz.o)
    0x0800b914   0x00000056   Code   RO         4315    x$fpl$f2d           fz_ws.l(f2d.o)
    0x0800b96a   0x00000002   PAD
    0x0800b96c   0x000000c4   Code   RO         4317    x$fpl$fadd          fz_ws.l(faddsub_clz.o)
    0x0800ba30   0x00000018   Code   RO         4400    x$fpl$fcmpinf       fz_ws.l(fcmpi.o)
    0x0800ba48   0x00000184   Code   RO         4324    x$fpl$fdiv          fz_ws.l(fdiv.o)
    0x0800bbcc   0x00000068   Code   RO         4327    x$fpl$feqf          fz_ws.l(feqf.o)
    0x0800bc34   0x00000036   Code   RO         4329    x$fpl$ffix          fz_ws.l(ffix.o)
    0x0800bc6a   0x00000002   PAD
    0x0800bc6c   0x0000003e   Code   RO         4333    x$fpl$ffixu         fz_ws.l(ffixu.o)
    0x0800bcaa   0x00000002   PAD
    0x0800bcac   0x00000030   Code   RO         4338    x$fpl$fflt          fz_ws.l(fflt_clz.o)
    0x0800bcdc   0x00000026   Code   RO         4337    x$fpl$ffltu         fz_ws.l(fflt_clz.o)
    0x0800bd02   0x00000002   PAD
    0x0800bd04   0x00000068   Code   RO         4343    x$fpl$fleqf         fz_ws.l(fleqf.o)
    0x0800bd6c   0x00000102   Code   RO         4345    x$fpl$fmul          fz_ws.l(fmul.o)
    0x0800be6e   0x0000008c   Code   RO         4402    x$fpl$fnaninf       fz_ws.l(fnaninf.o)
    0x0800befa   0x0000000a   Code   RO         4404    x$fpl$fretinf       fz_ws.l(fretinf.o)
    0x0800bf04   0x00000062   Code   RO         4347    x$fpl$frleqf        fz_ws.l(frleqf.o)
    0x0800bf66   0x00000014   Code   RO         4318    x$fpl$frsb          fz_ws.l(faddsub_clz.o)
    0x0800bf7a   0x00000002   PAD
    0x0800bf7c   0x000000ea   Code   RO         4319    x$fpl$fsub          fz_ws.l(faddsub_clz.o)
    0x0800c066   0x00000004   Code   RO         4349    x$fpl$printf1       fz_ws.l(printf1.o)
    0x0800c06a   0x00000064   Code   RO         4659    x$fpl$retnan        fz_ws.l(retnan.o)
    0x0800c0ce   0x0000005c   Code   RO         4601    x$fpl$scalbn        fz_ws.l(scalbn.o)
    0x0800c12a   0x00000004   Code   RO         4480    x$fpl$scanf1        fz_ws.l(scanf1.o)
    0x0800c12e   0x00000008   Code   RO         4555    x$fpl$scanf2        fz_ws.l(scanf2.o)
    0x0800c136   0x00000030   Code   RO         4665    x$fpl$trapveneer    fz_ws.l(trapv.o)
    0x0800c166   0x00000000   Code   RO         4406    x$fpl$usenofp       fz_ws.l(usenofp.o)
    0x0800c166   0x00000002   PAD
    0x0800c168   0x00000064   Data   RO            7    .constdata          main.o
    0x0800c1cc   0x000017c0   Data   RO         3485    .constdata          lcd.o
    0x0800d98c   0x0000057c   Data   RO         3714    .constdata          tem.o
    0x0800df08   0x00000004   Data   RO         3800    .constdata          touch.o
    0x0800df0c   0x000000c2   Data   RO         3952    .constdata          gt9147.o
    0x0800dfce   0x0000000a   Data   RO         4069    .constdata          ott2001a.o
    0x0800dfd8   0x0000000a   Data   RO         4108    .constdata          ft5206.o
    0x0800dfe2   0x00000028   Data   RO         4229    .constdata          c_w.l(_printf_hex_int.o)
    0x0800e00a   0x00000002   PAD
    0x0800e00c   0x00000094   Data   RO         4445    .constdata          c_w.l(bigflt0.o)
    0x0800e0a0   0x00000079   Data   RO         3801    .conststring        touch.o
    0x0800e119   0x00000003   PAD
    0x0800e11c   0x00000020   Data   RO         4683    Region$$Table       anon$$obj.o
    0x0800e13c   0x00000008   Data   RO         4550    c$$dinf             fz_ws.l(fpconst.o)
    0x0800e144   0x0000001c   Data   RO         4473    locale$$data        c_w.l(lc_numeric_c.o)
    0x0800e160   0x00000110   Data   RO         4490    locale$$data        c_w.l(lc_ctype_c.o)


    Execution Region ER_RW (Base: 0x20000000, Size: 0x00000090, Max: 0xffffffff, ABSOLUTE)

    Base Addr    Size         Type   Attr      Idx    E Section Name        Object

    0x20000000   0x0000000c   Data   RW            8    .data               main.o
    0x2000000c   0x00000014   Data   RW          262    .data               system_stm32f10x.o
    0x20000020   0x00000004   Data   RW          295    .data               delay.o
    0x20000024   0x00000006   Data   RW          378    .data               usart.o
    0x2000002a   0x00000014   Data   RW         2028    .data               stm32f10x_rcc.o
    0x2000003e   0x00000001   Data   RW         3412    .data               key.o
    0x2000003f   0x00000001   PAD
    0x20000040   0x00000004   Data   RW         3486    .data               lcd.o
    0x20000044   0x00000036   Data   RW         3802    .data               touch.o
    0x2000007a   0x00000001   Data   RW         3953    .data               gt9147.o
    0x2000007b   0x00000001   Data   RW         4070    .data               ott2001a.o
    0x2000007c   0x00000001   Data   RW         4109    .data               ft5206.o
    0x2000007d   0x00000001   PAD
    0x2000007e   0x00000003   Data   RW         4142    .data               wifi.o
    0x20000081   0x00000003   PAD
    0x20000084   0x0000000c   Data   RW         4185    .data               timer.o


    Execution Region ER_ZI (Base: 0x20000090, Size: 0x00000888, Max: 0xffffffff, ABSOLUTE)

    Base Addr    Size         Type   Attr      Idx    E Section Name        Object

    0x20000090   0x00000024   Zero   RW            6    .bss                main.o
    0x200000b4   0x000000c8   Zero   RW          377    .bss                usart.o
    0x2000017c   0x0000000e   Zero   RW         3484    .bss                lcd.o
    0x2000018a   0x0000012c   Zero   RW         4141    .bss                wifi.o
    0x200002b6   0x00000002   PAD
    0x200002b8   0x00000060   Zero   RW         4408    .bss                c_w.l(libspace.o)
    0x20000318   0x00000200   Zero   RW          425    HEAP                startup_stm32f10x_hd.o
    0x20000518   0x00000400   Zero   RW          424    STACK               startup_stm32f10x_hd.o


==============================================================================

Image component sizes


      Code (inc. data)   RO Data    RW Data    ZI Data      Debug   Object Name

       246          0          0          0          0       3391   24c02.o
       246         14          0          0          0       1791   adc.o
       718        128          0          0          0       4853   ctiic.o
       220         26          0          4          0     215611   delay.o
       822         36         10          1          0       3685   ft5206.o
      1114         76        194          1          0       4566   gt9147.o
       692        100          0          0          0       4286   iic.o
       228         18          0          1          0       1162   key.o
     17800        202       6080          4         14      25978   lcd.o
        76          8          0          0          0        507   led.o
      2920        420        100         12         36     265331   main.o
       172         22          0          0          0       2093   misc.o
       878         58         10          1          0       4243   ott2001a.o
       270         32          0          0          0       1579   pid.o
       192         22          0          0          0       1202   pwm.o
        64         26        304          0       1536        804   startup_stm32f10x_hd.o
       486         24          0          0          0       8710   stm32f10x_adc.o
       282          6          0          0          0       1841   stm32f10x_fsmc.o
       448          6          0          0          0       4550   stm32f10x_gpio.o
        26          0          0          0          0       3786   stm32f10x_it.o
       364         50          0         20          0       6198   stm32f10x_rcc.o
       440         52          0          0          0       5469   stm32f10x_tim.o
       442          6          0          0          0       6245   stm32f10x_usart.o
         0          0          0          0          0         32   sys.o
       328         28          0         20          0       2137   system_stm32f10x.o
       344         28       1404          0          0       2015   tem.o
       208         20          0         12          0       1455   timer.o
      4000        268        125         54          0      10497   touch.o
       330         26          0          6        200       4204   usart.o
       370         22          0          3        300       2665   wifi.o

    ----------------------------------------------------------------------
     34760       1724       8262        144       2088     600886   Object Totals
         0          0         32          0          0          0   (incl. Generated)
        34          0          3          5          2          0   (incl. Padding)

    ----------------------------------------------------------------------

      Code (inc. data)   RO Data    RW Data    ZI Data      Debug   Library Member Name

         8          0          0          0          0         68   __main.o
       284          0          0          0          0        156   __printf_wp.o
         0          0          0          0          0          0   __rtentry.o
        12          0          0          0          0          0   __rtentry2.o
         6          0          0          0          0          0   __rtentry4.o
        52          8          0          0          0          0   __scatter.o
        26          0          0          0          0          0   __scatter_copy.o
        28          0          0          0          0          0   __scatter_zi.o
        28          0          0          0          0         68   _chval.o
        44          0          0          0          0        108   _printf_char.o
        48          6          0          0          0         96   _printf_char_common.o
        36          4          0          0          0         80   _printf_char_file.o
         6          0          0          0          0          0   _printf_d.o
       120         16          0          0          0         92   _printf_dec.o
         6          0          0          0          0          0   _printf_f.o
      1050          0          0          0          0        216   _printf_fp_dec.o
       128         16          0          0          0         84   _printf_fp_infnan.o
        88          4         40          0          0         88   _printf_hex_int.o
       178          0          0          0          0         88   _printf_intcommon.o
        78          0          0          0          0        108   _printf_pad.o
         0          0          0          0          0          0   _printf_percent.o
         4          0          0          0          0          0   _printf_percent_end.o
         6          0          0          0          0          0   _printf_s.o
        82          0          0          0          0         80   _printf_str.o
         6          0          0          0          0          0   _printf_x.o
        22          0          0          0          0        100   _rserrno.o
        64          0          0          0          0         84   _sgetc.o
        10          0          0          0          0         68   _sputc.o
       158          0          0          0          0         92   _strtoul.o
        26          0          0          0          0         80   atoi.o
       220          4        148          0          0         96   bigflt0.o
      2074        132          0          0          0        940   btod.o
        18          0          0          0          0         80   exit.o
         8          0          0          0          0         68   ferror.o
         6          0          0          0          0        152   heapauxi.o
        18          0          0          0          0         76   isspace.o
        44         10        272          0          0         76   lc_ctype_c.o
        44         10         28          0          0         76   lc_numeric_c.o
         2          0          0          0          0          0   libinit.o
        30          0          0          0          0          0   libinit2.o
         2          0          0          0          0          0   libshutdown.o
         2          0          0          0          0          0   libshutdown2.o
         8          4          0          0         96         68   libspace.o
        38          0          0          0          0         68   llshl.o
       138          0          0          0          0         80   lludiv10.o
        24          4          0          0          0         84   noretval__2printf.o
        40          6          0          0          0         84   noretval__2sprintf.o
        16          4          0          0          0         76   rt_ctype_table.o
         8          4          0          0          0         68   rt_errno_addr_intlibspace.o
         8          4          0          0          0         68   rt_locale_intlibspace.o
        68          0          0          0          0         68   rt_memclr.o
        78          0          0          0          0         80   rt_memclr_w.o
       100          0          0          0          0         80   rt_memcpy_w.o
         2          0          0          0          0          0   rtexit.o
        10          0          0          0          0          0   rtexit2.o
      1188         12          0          0          0        148   scanf_fp.o
       800         14          0          0          0        100   scanf_hexfp.o
       308         16          0          0          0        100   scanf_infnan.o
       128          0          0          0          0         68   strcmpv7m.o
        72          0          0          0          0         80   strcpy.o
        86          0          0          0          0         76   strncpy.o
        36          0          0          0          0         80   strstr.o
       164         14          0          0          0        120   strtod.o
       112          0          0          0          0         88   strtol.o
        74          0          0          0          0         80   sys_stackheap_outer.o
         2          0          0          0          0         68   use_no_semi.o
         2          0          0          0          0         68   use_no_semi_2.o
        98          4          0          0          0         92   d2f.o
       826         16          0          0          0        348   daddsub_clz.o
        16          4          0          0          0         68   dcheck1.o
        24          0          0          0          0         68   dcmpi.o
       688        140          0          0          0        208   ddiv.o
       120          4          0          0          0         92   deqf.o
        90          4          0          0          0         92   dfixu.o
        84          0          0          0          0        136   dflt_clz.o
       120          4          0          0          0         92   dleqf.o
       340         12          0          0          0        104   dmul.o
       156          4          0          0          0         92   dnaninf.o
        12          0          0          0          0         68   dretinf.o
       108          0          0          0          0         80   drleqf.o
       460         56          0          0          0        120   dsqrt_noumaal.o
        86          4          0          0          0         84   f2d.o
       450          8          0          0          0        236   faddsub_clz.o
        24          0          0          0          0         68   fcmpi.o
       388         76          0          0          0         96   fdiv.o
       104          4          0          0          0         84   feqf.o
        54          4          0          0          0         84   ffix.o
        62          4          0          0          0         84   ffixu.o
        86          0          0          0          0        136   fflt_clz.o
       104          4          0          0          0         84   fleqf.o
       258          4          0          0          0         84   fmul.o
       140          4          0          0          0         84   fnaninf.o
         0          0          8          0          0          0   fpconst.o
        10          0          0          0          0         68   fretinf.o
        98          0          0          0          0         68   frleqf.o
         4          0          0          0          0         68   printf1.o
       100          0          0          0          0         68   retnan.o
        92          0          0          0          0         68   scalbn.o
         4          0          0          0          0         68   scanf1.o
         8          0          0          0          0         84   scanf2.o
        48          0          0          0          0         68   trapv.o
         0          0          0          0          0          0   usenofp.o
        42          0          0          0          0         84   atof.o
        30          6          0          0          0        136   dunder.o
        40          0          0          0          0         68   fpclassify.o
        88          8          0          0          0         76   frexp.o
       138          0          0          0          0        160   ldexp.o
       152          4          0          0          0        168   narrow.o
        76          0          0          0          0         84   sqrt.o

    ----------------------------------------------------------------------
     14448        672        498          0         96       9340   Library Totals
        38          2          2          0          0          0   (incl. Padding)

    ----------------------------------------------------------------------

      Code (inc. data)   RO Data    RW Data    ZI Data      Debug   Library Name

      8582        292        488          0         96       5220   c_w.l
      5262        360          8          0          0       3344   fz_ws.l
       566         18          0          0          0        776   m_ws.l

    ----------------------------------------------------------------------
     14448        672        498          0         96       9340   Library Totals

    ----------------------------------------------------------------------

==============================================================================


      Code (inc. data)   RO Data    RW Data    ZI Data      Debug   

     49208       2396       8760        144       2184     596962   Grand Totals
     49208       2396       8760        144       2184     596962   ELF Image Totals
     49208       2396       8760        144          0          0   ROM Totals

==============================================================================

    Total RO  Size (Code + RO Data)                57968 (  56.61kB)
    Total RW  Size (RW Data + ZI Data)              2328 (   2.27kB)
    Total ROM Size (Code + RO Data + RW Data)      58112 (  56.75kB)

==============================================================================

